Archive member included to satisfy reference by file (symbol)

C:/ST/STM32CubeIDE_1.19.0/STM32CubeIDE/plugins/com.st.stm32cube.ide.mcu.externaltools.gnu-tools-for-stm32.13.3.rel1.win32_1.0.0.202411081344/tools/bin/../lib/gcc/arm-none-eabi/13.3.1/../../../../arm-none-eabi/lib/thumb/v7e-m/nofp\libc_nano.a(libc_a-atol.o)
                              ./Core/Src/main.o (atol)
C:/ST/STM32CubeIDE_1.19.0/STM32CubeIDE/plugins/com.st.stm32cube.ide.mcu.externaltools.gnu-tools-for-stm32.13.3.rel1.win32_1.0.0.202411081344/tools/bin/../lib/gcc/arm-none-eabi/13.3.1/../../../../arm-none-eabi/lib/thumb/v7e-m/nofp\libc_nano.a(libc_a-exit.o)
                              C:/ST/STM32CubeIDE_1.19.0/STM32CubeIDE/plugins/com.st.stm32cube.ide.mcu.externaltools.gnu-tools-for-stm32.13.3.rel1.win32_1.0.0.202411081344/tools/bin/../lib/gcc/arm-none-eabi/13.3.1/../../../../arm-none-eabi/lib/thumb/v7e-m/nofp/crt0.o (exit)
C:/ST/STM32CubeIDE_1.19.0/STM32CubeIDE/plugins/com.st.stm32cube.ide.mcu.externaltools.gnu-tools-for-stm32.13.3.rel1.win32_1.0.0.202411081344/tools/bin/../lib/gcc/arm-none-eabi/13.3.1/../../../../arm-none-eabi/lib/thumb/v7e-m/nofp\libc_nano.a(libc_a-strtol.o)
                              C:/ST/STM32CubeIDE_1.19.0/STM32CubeIDE/plugins/com.st.stm32cube.ide.mcu.externaltools.gnu-tools-for-stm32.13.3.rel1.win32_1.0.0.202411081344/tools/bin/../lib/gcc/arm-none-eabi/13.3.1/../../../../arm-none-eabi/lib/thumb/v7e-m/nofp\libc_nano.a(libc_a-atol.o) (_strtol_r)
C:/ST/STM32CubeIDE_1.19.0/STM32CubeIDE/plugins/com.st.stm32cube.ide.mcu.externaltools.gnu-tools-for-stm32.13.3.rel1.win32_1.0.0.202411081344/tools/bin/../lib/gcc/arm-none-eabi/13.3.1/../../../../arm-none-eabi/lib/thumb/v7e-m/nofp\libc_nano.a(libc_a-ctype_.o)
                              C:/ST/STM32CubeIDE_1.19.0/STM32CubeIDE/plugins/com.st.stm32cube.ide.mcu.externaltools.gnu-tools-for-stm32.13.3.rel1.win32_1.0.0.202411081344/tools/bin/../lib/gcc/arm-none-eabi/13.3.1/../../../../arm-none-eabi/lib/thumb/v7e-m/nofp\libc_nano.a(libc_a-strtol.o) (_ctype_)
C:/ST/STM32CubeIDE_1.19.0/STM32CubeIDE/plugins/com.st.stm32cube.ide.mcu.externaltools.gnu-tools-for-stm32.13.3.rel1.win32_1.0.0.202411081344/tools/bin/../lib/gcc/arm-none-eabi/13.3.1/../../../../arm-none-eabi/lib/thumb/v7e-m/nofp\libc_nano.a(libc_a-nano-vfprintf_float.o)
                              (_printf_float)
C:/ST/STM32CubeIDE_1.19.0/STM32CubeIDE/plugins/com.st.stm32cube.ide.mcu.externaltools.gnu-tools-for-stm32.13.3.rel1.win32_1.0.0.202411081344/tools/bin/../lib/gcc/arm-none-eabi/13.3.1/../../../../arm-none-eabi/lib/thumb/v7e-m/nofp\libc_nano.a(libc_a-nano-vfprintf_i.o)
                              C:/ST/STM32CubeIDE_1.19.0/STM32CubeIDE/plugins/com.st.stm32cube.ide.mcu.externaltools.gnu-tools-for-stm32.13.3.rel1.win32_1.0.0.202411081344/tools/bin/../lib/gcc/arm-none-eabi/13.3.1/../../../../arm-none-eabi/lib/thumb/v7e-m/nofp\libc_nano.a(libc_a-nano-vfprintf_float.o) (_printf_common)
C:/ST/STM32CubeIDE_1.19.0/STM32CubeIDE/plugins/com.st.stm32cube.ide.mcu.externaltools.gnu-tools-for-stm32.13.3.rel1.win32_1.0.0.202411081344/tools/bin/../lib/gcc/arm-none-eabi/13.3.1/../../../../arm-none-eabi/lib/thumb/v7e-m/nofp\libc_nano.a(libc_a-nano-vfscanf_float.o)
                              (_scanf_float)
C:/ST/STM32CubeIDE_1.19.0/STM32CubeIDE/plugins/com.st.stm32cube.ide.mcu.externaltools.gnu-tools-for-stm32.13.3.rel1.win32_1.0.0.202411081344/tools/bin/../lib/gcc/arm-none-eabi/13.3.1/../../../../arm-none-eabi/lib/thumb/v7e-m/nofp\libc_nano.a(libc_a-findfp.o)
                              C:/ST/STM32CubeIDE_1.19.0/STM32CubeIDE/plugins/com.st.stm32cube.ide.mcu.externaltools.gnu-tools-for-stm32.13.3.rel1.win32_1.0.0.202411081344/tools/bin/../lib/gcc/arm-none-eabi/13.3.1/../../../../arm-none-eabi/lib/thumb/v7e-m/nofp\libc_nano.a(libc_a-exit.o) (__stdio_exit_handler)
C:/ST/STM32CubeIDE_1.19.0/STM32CubeIDE/plugins/com.st.stm32cube.ide.mcu.externaltools.gnu-tools-for-stm32.13.3.rel1.win32_1.0.0.202411081344/tools/bin/../lib/gcc/arm-none-eabi/13.3.1/../../../../arm-none-eabi/lib/thumb/v7e-m/nofp\libc_nano.a(libc_a-fwalk.o)
                              C:/ST/STM32CubeIDE_1.19.0/STM32CubeIDE/plugins/com.st.stm32cube.ide.mcu.externaltools.gnu-tools-for-stm32.13.3.rel1.win32_1.0.0.202411081344/tools/bin/../lib/gcc/arm-none-eabi/13.3.1/../../../../arm-none-eabi/lib/thumb/v7e-m/nofp\libc_nano.a(libc_a-findfp.o) (_fwalk_sglue)
C:/ST/STM32CubeIDE_1.19.0/STM32CubeIDE/plugins/com.st.stm32cube.ide.mcu.externaltools.gnu-tools-for-stm32.13.3.rel1.win32_1.0.0.202411081344/tools/bin/../lib/gcc/arm-none-eabi/13.3.1/../../../../arm-none-eabi/lib/thumb/v7e-m/nofp\libc_nano.a(libc_a-snprintf.o)
                              ./Core/Src/main.o (snprintf)
C:/ST/STM32CubeIDE_1.19.0/STM32CubeIDE/plugins/com.st.stm32cube.ide.mcu.externaltools.gnu-tools-for-stm32.13.3.rel1.win32_1.0.0.202411081344/tools/bin/../lib/gcc/arm-none-eabi/13.3.1/../../../../arm-none-eabi/lib/thumb/v7e-m/nofp\libc_nano.a(libc_a-sprintf.o)
[...]
Memory Configuration

Name             Origin             Length             Attributes
RAM              0x20000000         0x00010000         xrw
RAM2             0x10000000         0x00008000         xrw
FLASH            0x08000000         0x00040000         xr
*default*        0x00000000         0xffffffff

Linker script and memory map

LOAD C:/ST/STM32CubeIDE_1.19.0/STM32CubeIDE/plugins/com.st.stm32cube.ide.mcu.externaltools.gnu-tools-for-stm32.13.3.rel1.win32_1.0.0.202411081344/tools/bin/../lib/gcc/arm-none-eabi/13.3.1/thumb/v7e-m/nofp/crti.o
LOAD C:/ST/STM32CubeIDE_1.19.0/STM32CubeIDE/plugins/com.st.stm32cube.ide.mcu.externaltools.gnu-tools-for-stm32.13.3.rel1.win32_1.0.0.202411081344/tools/bin/../lib/gcc/arm-none-eabi/13.3.1/thumb/v7e-m/nofp/crtbegin.o
LOAD C:/ST/STM32CubeIDE_1.19.0/STM32CubeIDE/plugins/com.st.stm32cube.ide.mcu.externaltools.gnu-tools-for-stm32.13.3.rel1.win32_1.0.0.202411081344/tools/bin/../lib/gcc/arm-none-eabi/13.3.1/../../../../arm-none-eabi/lib/thumb/v7e-m/nofp/crt0.o
LOAD ./Core/Src/Flashlib.o
LOAD ./Core/Src/aes.o
LOAD ./Core/Src/dma.o
LOAD ./Core/Src/gpio.o
LOAD ./Core/Src/main.o
LOAD ./Core/Src/rak3172LoRa.o
LOAD ./Core/Src/rng.o
LOAD ./Core/Src/rtc.o
LOAD ./Core/Src/stm32_lpm_if.o
LOAD ./Core/Src/stm32wlxx_hal_msp.o
LOAD ./Core/Src/stm32wlxx_it.o
LOAD ./Core/Src/stm32wlxx_nucleo.o
LOAD ./Core/Src/stm32wlxx_nucleo_radio.o
LOAD ./Core/Src/subghz.o
LOAD ./Core/Src/sys_app.o
LOAD ./Core/Src/sys_debug.o
LOAD ./Core/Src/syscalls.o
LOAD ./Core/Src/sysmem.o
LOAD ./Core/Src/system_stm32wlxx.o
LOAD ./Core/Src/timer_if.o
LOAD ./Core/Src/usart.o
LOAD ./Core/Src/usart_if.o
LOAD ./Core/Startup/startup_stm32wle5ccux.o
LOAD ./Drivers/STM32WLxx_HAL_Driver/Src/stm32wlxx_hal.o
LOAD ./Drivers/STM32WLxx_HAL_Driver/Src/stm32wlxx_hal_cortex.o
LOAD ./Drivers/STM32WLxx_HAL_Driver/Src/stm32wlxx_hal_dma.o
LOAD ./Drivers/STM32WLxx_HAL_Driver/Src/stm32wlxx_hal_dma_ex.o
LOAD ./Drivers/STM32WLxx_HAL_Driver/Src/stm32wlxx_hal_exti.o
LOAD ./Drivers/STM32WLxx_HAL_Driver/Src/stm32wlxx_hal_flash.o
LOAD ./Drivers/STM32WLxx_HAL_Driver/Src/stm32wlxx_hal_flash_ex.o
LOAD ./Drivers/STM32WLxx_HAL_Driver/Src/stm32wlxx_hal_gpio.o
LOAD ./Drivers/STM32WLxx_HAL_Driver/Src/stm32wlxx_hal_pwr.o
LOAD ./Drivers/STM32WLxx_HAL_Driver/Src/stm32wlxx_hal_pwr_ex.o
LOAD ./Drivers/STM32WLxx_HAL_Driver/Src/stm32wlxx_hal_rcc.o
LOAD ./Drivers/STM32WLxx_HAL_Driver/Src/stm32wlxx_hal_rcc_ex.o
LOAD ./Drivers/STM32WLxx_HAL_Driver/Src/stm32wlxx_hal_rng.o
LOAD ./Drivers/STM32WLxx_HAL_Driver/Src/stm32wlxx_hal_rng_ex.o
LOAD ./Drivers/STM32WLxx_HAL_Driver/Src/stm32wlxx_hal_rtc.o
LOAD ./Drivers/STM32WLxx_HAL_Driver/Src/stm32wlxx_hal_rtc_ex.o
LOAD ./Drivers/STM32WLxx_HAL_Driver/Src/stm32wlxx_hal_subghz.o
LOAD ./Drivers/STM32WLxx_HAL_Driver/Src/stm32wlxx_hal_uart.o
LOAD ./Drivers/STM32WLxx_HAL_Driver/Src/stm32wlxx_hal_uart_ex.o
LOAD ./Middlewares/Third_Party/SubGHz_Phy/stm32_radio_driver/lr_fhss_mac.o
LOAD ./Middlewares/Third_Party/SubGHz_Phy/stm32_radio_driver/radio.o
LOAD ./Middlewares/Third_Party/SubGHz_Phy/stm32_radio_driver/radio_driver.o
LOAD ./Middlewares/Third_Party/SubGHz_Phy/stm32_radio_driver/radio_fw.o
LOAD ./Middlewares/Third_Party/SubGHz_Phy/stm32_radio_driver/wl_lr_fhss.o
LOAD ./SubGHz_Phy/App/app_subghz_phy.o
LOAD ./SubGHz_Phy/App/subghz_phy_app.o
LOAD ./SubGHz_Phy/Target/radio_board_if.o
LOAD ./Utilities/lpm/tiny_lpm/stm32_lpm.o
LOAD ./Utilities/misc/stm32_mem.o
LOAD ./Utilities/misc/stm32_systime.o
LOAD ./Utilities/misc/stm32_tiny_sscanf.o
LOAD ./Utilities/misc/stm32_tiny_vsnprintf.o
LOAD ./Utilities/sequencer/stm32_seq.o
LOAD ./Utilities/timer/stm32_timer.o
LOAD ./Utilities/trace/adv_trace/stm32_adv_trace.o
START GROUP
LOAD C:/ST/STM32CubeIDE_1.19.0/STM32CubeIDE/plugins/com.st.stm32cube.ide.mcu.externaltools.gnu-tools-for-stm32.13.3.rel1.win32_1.0.0.202411081344/tools/bin/../lib/gcc/arm-none-eabi/13.3.1/../../../../arm-none-eabi/lib/thumb/v7e-m/nofp\libc_nano.a
LOAD C:/ST/STM32CubeIDE_1.19.0/STM32CubeIDE/plugins/com.st.stm32cube.ide.mcu.externaltools.gnu-tools-for-stm32.13.3.rel1.win32_1.0.0.202411081344/tools/bin/../lib/gcc/arm-none-eabi/13.3.1/../../../../arm-none-eabi/lib/thumb/v7e-m/nofp\libm.a
END GROUP
START GROUP
LOAD C:/ST/STM32CubeIDE_1.19.0/STM32CubeIDE/plugins/com.st.stm32cube.ide.mcu.externaltools.gnu-tools-for-stm32.13.3.rel1.win32_1.0.0.202411081344/tools/bin/../lib/gcc/arm-none-eabi/13.3.1/thumb/v7e-m/nofp\libgcc.a
LOAD C:/ST/STM32CubeIDE_1.19.0/STM32CubeIDE/plugins/com.st.stm32cube.ide.mcu.externaltools.gnu-tools-for-stm32.13.3.rel1.win32_1.0.0.202411081344/tools/bin/../lib/gcc/arm-none-eabi/13.3.1/../../../../arm-none-eabi/lib/thumb/v7e-m/nofp\libc_nano.a
END GROUP
START GROUP
LOAD C:/ST/STM32CubeIDE_1.19.0/STM32CubeIDE/plugins/com.st.stm32cube.ide.mcu.externaltools.gnu-tools-for-stm32.13.3.rel1.win32_1.0.0.202411081344/tools/bin/../lib/gcc/arm-none-eabi/13.3.1/thumb/v7e-m/nofp\libgcc.a
LOAD C:/ST/STM32CubeIDE_1.19.0/STM32CubeIDE/plugins/com.st.stm32cube.ide.mcu.externaltools.gnu-tools-for-stm32.13.3.rel1.win32_1.0.0.202411081344/tools/bin/../lib/gcc/arm-none-eabi/13.3.1/../../../../arm-none-eabi/lib/thumb/v7e-m/nofp\libc_nano.a
LOAD C:/ST/STM32CubeIDE_1.19.0/STM32CubeIDE/plugins/com.st.stm32cube.ide.mcu.externaltools.gnu-tools-for-stm32.13.3.rel1.win32_1.0.0.202411081344/tools/bin/../lib/gcc/arm-none-eabi/13.3.1/../../../../arm-none-eabi/lib/thumb/v7e-m/nofp\libnosys.a
END GROUP
START GROUP
LOAD C:/ST/STM32CubeIDE_1.19.0/STM32CubeIDE/plugins/com.st.stm32cube.ide.mcu.externaltools.gnu-tools-for-stm32.13.3.rel1.win32_1.0.0.202411081344/tools/bin/../lib/gcc/arm-none-eabi/13.3.1/thumb/v7e-m/nofp\libgcc.a
LOAD C:/ST/STM32CubeIDE_1.19.0/STM32CubeIDE/plugins/com.st.stm32cube.ide.mcu.externaltools.gnu-tools-for-stm32.13.3.rel1.win32_1.0.0.202411081344/tools/bin/../lib/gcc/arm-none-eabi/13.3.1/../../../../arm-none-eabi/lib/thumb/v7e-m/nofp\libc_nano.a
LOAD C:/ST/STM32CubeIDE_1.19.0/STM32CubeIDE/plugins/com.st.stm32cube.ide.mcu.externaltools.gnu-tools-for-stm32.13.3.rel1.win32_1.0.0.202411081344/tools/bin/../lib/gcc/arm-none-eabi/13.3.1/../../../../arm-none-eabi/lib/thumb/v7e-m/nofp\libnosys.a
END GROUP
LOAD C:/ST/STM32CubeIDE_1.19.0/STM32CubeIDE/plugins/com.st.stm32cube.ide.mcu.externaltools.gnu-tools-for-stm32.13.3.rel1.win32_1.0.0.202411081344/tools/bin/../lib/gcc/arm-none-eabi/13.3.1/thumb/v7e-m/nofp/crtend.o
LOAD C:/ST/STM32CubeIDE_1.19.0/STM32CubeIDE/plugins/com.st.stm32cube.ide.mcu.externaltools.gnu-tools-for-stm32.13.3.rel1.win32_1.0.0.202411081344/tools/bin/../lib/gcc/arm-none-eabi/13.3.1/thumb/v7e-m/nofp/crtn.o
                0x20010000                        _estack = (ORIGIN (RAM) + LENGTH (RAM))
                0x00000200                        _Min_Heap_Size = 0x200
                0x00000400                        _Min_Stack_Size = 0x400

.isr_vector     0x08000000      0x138
                0x08000000                        . = ALIGN (0x4)
 *(.isr_vector)
 .isr_vector    0x08000000      0x138 ./Core/Startup/startup_stm32wle5ccux.o
                0x08000000                g_pfnVectors
                0x08000138                        . = ALIGN (0x4)

.text           0x08000140     0xd658
                0x08000140                        . = ALIGN (0x4)
 *(.text)
 .text          0x08000140       0x40 C:/ST/STM32CubeIDE_1.19.0/STM32CubeIDE/plugins/com.st.stm32cube.ide.mcu.externaltools.gnu-tools-for-stm32.13.3.rel1.win32_1.0.0.202411081344/tools/bin/../lib/gcc/arm-none-eabi/13.3.1/thumb/v7e-m/nofp/crtbegin.o
 .text          0x08000180       0x14 C:/ST/STM32CubeIDE_1.19.0/STM32CubeIDE/plugins/com.st.stm32cube.ide.mcu.externaltools.gnu-tools-for-stm32.13.3.rel1.win32_1.0.0.202411081344/tools/bin/../lib/gcc/arm-none-eabi/13.3.1/../../../../arm-none-eabi/lib/thumb/v7e-m/nofp\libc_nano.a(libc_a-strcmp.o)
                0x08000180                strcmp
 *fill*         0x08000194        0xc 
 .text          0x080001a0       0xa0 C:/ST/STM32CubeIDE_1.19.0/STM32CubeIDE/plugins/com.st.stm32cube.ide.mcu.externaltools.gnu-tools-for-stm32.13.3.rel1.win32_1.0.0.202411081344/tools/bin/../lib/gcc/arm-none-eabi/13.3.1/../../../../arm-none-eabi/lib/thumb/v7e-m/nofp\libc_nano.a(libc_a-memchr.o)
                0x080001a0                memchr
 .text          0x08000240       0x10 C:/ST/STM32CubeIDE_1.19.0/STM32CubeIDE/plugins/com.st.stm32cube.ide.mcu.externaltools.gnu-tools-for-stm32.13.3.rel1.win32_1.0.0.202411081344/tools/bin/../lib/gcc/arm-none-eabi/13.3.1/../../../../arm-none-eabi/lib/thumb/v7e-m/nofp\libc_nano.a(libc_a-strlen.o)
                0x08000240                strlen
 .text          0x08000250      0x378 C:/ST/STM32CubeIDE_1.19.0/STM32CubeIDE/plugins/com.st.stm32cube.ide.mcu.externaltools.gnu-tools-for-stm32.13.3.rel1.win32_1.0.0.202411081344/tools/bin/../lib/gcc/arm-none-eabi/13.3.1/thumb/v7e-m/nofp\libgcc.a(_arm_addsubdf3.o)
                0x08000250                __aeabi_drsub
                0x08000258                __aeabi_dsub
                0x08000258                __subdf3
                0x0800025c                __aeabi_dadd
                0x0800025c                __adddf3
                0x080004d4                __floatunsidf
                0x080004d4                __aeabi_ui2d
                0x080004f4                __floatsidf
                0x080004f4                __aeabi_i2d
                0x08000518                __aeabi_f2d
                0x08000518                __extendsfdf2
                0x0800055c                __floatundidf
                0x0800055c                __aeabi_ul2d
                0x0800056c                __floatdidf
                0x0800056c                __aeabi_l2d
 .text          0x080005c8      0x424 C:/ST/STM32CubeIDE_1.19.0/STM32CubeIDE/plugins/com.st.stm32cube.ide.mcu.externaltools.gnu-tools-for-stm32.13.3.rel1.win32_1.0.0.202411081344/tools/bin/../lib/gcc/arm-none-eabi/13.3.1/thumb/v7e-m/nofp\libgcc.a(_arm_muldivdf3.o)
                0x080005c8                __aeabi_dmul
                0x080005c8                __muldf3
                0x0800081c                __divdf3
                0x0800081c                __aeabi_ddiv
 .text          0x080009ec      0x110 C:/ST/STM32CubeIDE_1.19.0/STM32CubeIDE/plugins/com.st.stm32cube.ide.mcu.externaltools.gnu-tools-for-stm32.13.3.rel1.win32_1.0.0.202411081344/tools/bin/../lib/gcc/arm-none-eabi/13.3.1/thumb/v7e-m/nofp\libgcc.a(_arm_cmpdf2.o)
                0x080009ec                __gtdf2
                0x080009ec                __gedf2
                0x080009f4                __ltdf2
                0x080009f4                __ledf2
                0x080009fc                __nedf2
                0x080009fc                __eqdf2
                0x080009fc                __cmpdf2
                0x08000a78                __aeabi_cdrcmple
                0x08000a88                __aeabi_cdcmpeq
                0x08000a88                __aeabi_cdcmple
                0x08000a98                __aeabi_dcmpeq
                0x08000aac                __aeabi_dcmplt
                0x08000ac0                __aeabi_dcmple
                0x08000ad4                __aeabi_dcmpge
                0x08000ae8                __aeabi_dcmpgt
 .text          0x08000afc       0x2c C:/ST/STM32CubeIDE_1.19.0/STM32CubeIDE/plugins/com.st.stm32cube.ide.mcu.externaltools.gnu-tools-for-stm32.13.3.rel1.win32_1.0.0.202411081344/tools/bin/../lib/gcc/arm-none-eabi/13.3.1/thumb/v7e-m/nofp\libgcc.a(_arm_unorddf2.o)
                0x08000afc                __unorddf2
                0x08000afc                __aeabi_dcmpun
 .text          0x08000b28       0x50 C:/ST/STM32CubeIDE_1.19.0/STM32CubeIDE/plugins/com.st.stm32cube.ide.mcu.externaltools.gnu-tools-for-stm32.13.3.rel1.win32_1.0.0.202411081344/tools/bin/../lib/gcc/arm-none-eabi/13.3.1/thumb/v7e-m/nofp\libgcc.a(_arm_fixdfsi.o)
                0x08000b28                __aeabi_d2iz
                0x08000b28                __fixdfsi
 .text          0x08000b78       0x40 C:/ST/STM32CubeIDE_1.19.0/STM32CubeIDE/plugins/com.st.stm32cube.ide.mcu.externaltools.gnu-tools-for-stm32.13.3.rel1.win32_1.0.0.202411081344/tools/bin/../lib/gcc/arm-none-eabi/13.3.1/thumb/v7e-m/nofp\libgcc.a(_arm_fixunsdfsi.o)
                0x08000b78                __aeabi_d2uiz
                0x08000b78                __fixunsdfsi
 .text          0x08000bb8       0xa0 C:/ST/STM32CubeIDE_1.19.0/STM32CubeIDE/plugins/com.st.stm32cube.ide.mcu.externaltools.gnu-tools-for-stm32.13.3.rel1.win32_1.0.0.202411081344/tools/bin/../lib/gcc/arm-none-eabi/13.3.1/thumb/v7e-m/nofp\libgcc.a(_arm_truncdfsf2.o)
                0x08000bb8                __truncdfsf2
                0x08000bb8                __aeabi_d2f
 .text          0x08000c58      0x21c C:/ST/STM32CubeIDE_1.19.0/STM32CubeIDE/plugins/com.st.stm32cube.ide.mcu.externaltools.gnu-tools-for-stm32.13.3.rel1.win32_1.0.0.202411081344/tools/bin/../lib/gcc/arm-none-eabi/13.3.1/thumb/v7e-m/nofp\libgcc.a(_arm_addsubsf3.o)
                0x08000c58                __aeabi_frsub
                0x08000c60                __subsf3
                0x08000c60                __aeabi_fsub
                0x08000c64                __aeabi_fadd
                0x08000c64                __addsf3
                0x08000dc4                __aeabi_ui2f
                0x08000dc4                __floatunsisf
                0x08000dcc                __aeabi_i2f
                0x08000dcc                __floatsisf
                0x08000de8                __aeabi_ul2f
                0x08000de8                __floatundisf
                0x08000df8                __aeabi_l2f
                0x08000df8                __floatdisf
 .text          0x08000e74      0x2a0 C:/ST/STM32CubeIDE_1.19.0/STM32CubeIDE/plugins/com.st.stm32cube.ide.mcu.externaltools.gnu-tools-for-stm32.13.3.rel1.win32_1.0.0.202411081344/tools/bin/../lib/gcc/arm-none-eabi/13.3.1/thumb/v7e-m/nofp\libgcc.a(_arm_muldivsf3.o)
                0x08000e74                __mulsf3
                0x08000e74                __aeabi_fmul
                0x08000fdc                __aeabi_fdiv
                0x08000fdc                __divsf3
 .text          0x08001114       0xec C:/ST/STM32CubeIDE_1.19.0/STM32CubeIDE/plugins/com.st.stm32cube.ide.mcu.externaltools.gnu-tools-for-stm32.13.3.rel1.win32_1.0.0.202411081344/tools/bin/../lib/gcc/arm-none-eabi/13.3.1/thumb/v7e-m/nofp\libgcc.a(_arm_cmpsf2.o)
                0x08001114                __gesf2
                0x08001114                __gtsf2
                0x0800111c                __lesf2
                0x0800111c                __ltsf2
                0x08001124                __nesf2
                0x08001124                __eqsf2
                0x08001124                __cmpsf2
                0x08001184                __aeabi_cfrcmple
                0x0800118c                __aeabi_cfcmpeq
                0x0800118c                __aeabi_cfcmple
                0x0800119c                __aeabi_fcmpeq
                0x080011b0                __aeabi_fcmplt
                0x080011c4                __aeabi_fcmple
                0x080011d8                __aeabi_fcmpge
                0x080011ec                __aeabi_fcmpgt
 .text          0x08001200       0x30 C:/ST/STM32CubeIDE_1.19.0/STM32CubeIDE/plugins/com.st.stm32cube.ide.mcu.externaltools.gnu-tools-for-stm32.13.3.rel1.win32_1.0.0.202411081344/tools/bin/../lib/gcc/arm-none-eabi/13.3.1/thumb/v7e-m/nofp\libgcc.a(_aeabi_uldivmod.o)
                0x08001200                __aeabi_uldivmod
 .text          0x08001230       0x30 C:/ST/STM32CubeIDE_1.19.0/STM32CubeIDE/plugins/com.st.stm32cube.ide.mcu.externaltools.gnu-tools-for-stm32.13.3.rel1.win32_1.0.0.202411081344/tools/bin/../lib/gcc/arm-none-eabi/13.3.1/thumb/v7e-m/nofp\libgcc.a(_fixdfdi.o)
                0x08001230                __fixdfdi
                0x08001230                __aeabi_d2lz
 .text          0x08001260       0x3c C:/ST/STM32CubeIDE_1.19.0/STM32CubeIDE/plugins/com.st.stm32cube.ide.mcu.externaltools.gnu-tools-for-stm32.13.3.rel1.win32_1.0.0.202411081344/tools/bin/../lib/gcc/arm-none-eabi/13.3.1/thumb/v7e-m/nofp\libgcc.a(_fixunsdfdi.o)
                0x08001260                __fixunsdfdi
                0x08001260                __aeabi_d2ulz
 .text          0x0800129c      0x2f8 C:/ST/STM32CubeIDE_1.19.0/STM32CubeIDE/plugins/com.st.stm32cube.ide.mcu.externaltools.gnu-tools-for-stm32.13.3.rel1.win32_1.0.0.202411081344/tools/bin/../lib/gcc/arm-none-eabi/13.3.1/thumb/v7e-m/nofp\libgcc.a(_udivmoddi4.o)
                0x0800129c                __udivmoddi4
 .text          0x08001594        0x4 C:/ST/STM32CubeIDE_1.19.0/STM32CubeIDE/plugins/com.st.stm32cube.ide.mcu.externaltools.gnu-tools-for-stm32.13.3.rel1.win32_1.0.0.202411081344/tools/bin/../lib/gcc/arm-none-eabi/13.3.1/thumb/v7e-m/nofp\libgcc.a(_dvmd_tls.o)
                0x08001594                __aeabi_idiv0
                0x08001594                __aeabi_ldiv0
 *(.text*)
 .text.Flash_Write_data
                0x08001598       0x3a ./Core/Src/Flashlib.o
                0x08001598                Flash_Write_data
 .text.Flash_Read_data
                0x080015d2       0x14 ./Core/Src/Flashlib.o
                0x080015d2                Flash_Read_data
 .text.Flash_Erase_Page
                0x080015e6       0x2c ./Core/Src/Flashlib.o
                0x080015e6                Flash_Erase_Page
 *fill*         0x08001612        0x2 
 .text.KeyExpansion
                0x08001614       0x78 ./Core/Src/aes.o
 .text.AddRoundKey
                0x0800168c       0x26 ./Core/Src/aes.o
 .text.xtime    0x080016b2       0x12 ./Core/Src/aes.o
 .text.Cipher   0x080016c4       0xf4 ./Core/Src/aes.o
 .text.InvCipher
                0x080017b8      0x1ac ./Core/Src/aes.o
 .text.AES_init_ctx_iv
                0x08001964       0x22 ./Core/Src/aes.o
                0x08001964                AES_init_ctx_iv
 .text.AES_CBC_encrypt_buffer
                0x08001986       0x54 ./Core/Src/aes.o
                0x08001986                AES_CBC_encrypt_buffer
 .text.AES_CBC_decrypt_buffer
                0x080019da       0x78 ./Core/Src/aes.o
                0x080019da                AES_CBC_decrypt_buffer
 .text.MX_DMA_Init
                0x08001a52       0x40 ./Core/Src/dma.o
                0x08001a52                MX_DMA_Init
 .text.LL_AHB2_GRP1_EnableClock
                0x08001a92       0x18 ./Core/Src/gpio.o
 *fill*         0x08001aaa        0x2 
 .text.MX_GPIO_Init
                0x08001aac       0xd0 ./Core/Src/gpio.o
                0x08001aac                MX_GPIO_Init
 .text.SystemClock_Config
                0x08001b7c       0x90 ./Core/Src/main.o
                0x08001b7c                SystemClock_Config
 .text.DetectPhaseType
                0x08001c0c      0x25c ./Core/Src/main.o
                0x08001c0c                DetectPhaseType
 .text.startup.main
                0x08001e68      0x3a8 ./Core/Src/main.o
                0x08001e68                main
 .text.Error_Handler
                0x08002210        0x4 ./Core/Src/main.o
                0x08002210                Error_Handler
 .text.OnTxDone
                0x08002214       0x18 ./Core/Src/rak3172LoRa.o
                0x08002214                OnTxDone
 .text.OnRxDone
                0x0800222c       0x48 ./Core/Src/rak3172LoRa.o
                0x0800222c                OnRxDone
 .text.OnTxTimeout
                0x08002274       0x18 ./Core/Src/rak3172LoRa.o
                0x08002274                OnTxTimeout
 .text.OnRxTimeout
                0x0800228c       0x18 ./Core/Src/rak3172LoRa.o
                0x0800228c                OnRxTimeout
 .text.OnRxError
                0x080022a4       0x18 ./Core/Src/rak3172LoRa.o
                0x080022a4                OnRxError
 .text.RadioInit
                0x080022bc       0xec ./Core/Src/rak3172LoRa.o
                0x080022bc                RadioInit
 .text.Send_Request
                0x080023a8      0x128 ./Core/Src/rak3172LoRa.o
                0x080023a8                Send_Request
 .text.LoadSerialNumber
                0x080024d0       0x1c ./Core/Src/rak3172LoRa.o
                0x080024d0                LoadSerialNumber
 .text.MX_RNG_Init
                0x080024ec       0x24 ./Core/Src/rng.o
                0x080024ec                MX_RNG_Init
 .text.HAL_RNG_MspInit
                0x08002510       0x50 ./Core/Src/rng.o
                0x08002510                HAL_RNG_MspInit
 .text.MX_RTC_Init
                0x08002560       0x74 ./Core/Src/rtc.o
                0x08002560                MX_RTC_Init
 .text.HAL_RTC_MspInit
                0x080025d4       0x7c ./Core/Src/rtc.o
                0x080025d4                HAL_RTC_MspInit
 .text.HAL_MspInit
                0x08002650        0x2 ./Core/Src/stm32wlxx_hal_msp.o
                0x08002650                HAL_MspInit
 .text.NMI_Handler
                0x08002652        0x2 ./Core/Src/stm32wlxx_it.o
                0x08002652                NMI_Handler
 .text.HardFault_Handler
                0x08002654        0x2 ./Core/Src/stm32wlxx_it.o
                0x08002654                HardFault_Handler
 .text.MemManage_Handler
                0x08002656        0x2 ./Core/Src/stm32wlxx_it.o
                0x08002656                MemManage_Handler
 .text.BusFault_Handler
                0x08002658        0x2 ./Core/Src/stm32wlxx_it.o
                0x08002658                BusFault_Handler
 .text.UsageFault_Handler
                0x0800265a        0x2 ./Core/Src/stm32wlxx_it.o
                0x0800265a                UsageFault_Handler
 .text.SVC_Handler
                0x0800265c        0x2 ./Core/Src/stm32wlxx_it.o
                0x0800265c                SVC_Handler
 .text.DebugMon_Handler
                0x0800265e        0x2 ./Core/Src/stm32wlxx_it.o
                0x0800265e                DebugMon_Handler
 .text.PendSV_Handler
                0x08002660        0x2 ./Core/Src/stm32wlxx_it.o
                0x08002660                PendSV_Handler
 .text.SysTick_Handler
                0x08002662        0x2 ./Core/Src/stm32wlxx_it.o
                0x08002662                SysTick_Handler
 .text.TAMP_STAMP_LSECSS_SSRU_IRQHandler
                0x08002664        0xc ./Core/Src/stm32wlxx_it.o
                0x08002664                TAMP_STAMP_LSECSS_SSRU_IRQHandler
 .text.DMA1_Channel1_IRQHandler
                0x08002670        0xc ./Core/Src/stm32wlxx_it.o
                0x08002670                DMA1_Channel1_IRQHandler
 .text.USART2_IRQHandler
                0x0800267c        0xc ./Core/Src/stm32wlxx_it.o
                0x0800267c                USART2_IRQHandler
 .text.RTC_Alarm_IRQHandler
                0x08002688        0xc ./Core/Src/stm32wlxx_it.o
                0x08002688                RTC_Alarm_IRQHandler
 .text.SUBGHZ_Radio_IRQHandler
                0x08002694        0xc ./Core/Src/stm32wlxx_it.o
                0x08002694                SUBGHZ_Radio_IRQHandler
 .text.BSP_RADIO_Init
                0x080026a0       0x88 ./Core/Src/stm32wlxx_nucleo_radio.o
                0x080026a0                BSP_RADIO_Init
 .text.BSP_RADIO_ConfigRFSwitch
                0x08002728       0x74 ./Core/Src/stm32wlxx_nucleo_radio.o
                0x08002728                BSP_RADIO_ConfigRFSwitch
 .text.BSP_RADIO_GetTxConfig
                0x0800279c        0x4 ./Core/Src/stm32wlxx_nucleo_radio.o
                0x0800279c                BSP_RADIO_GetTxConfig
 .text.BSP_RADIO_IsTCXO
                0x080027a0        0x4 ./Core/Src/stm32wlxx_nucleo_radio.o
                0x080027a0                BSP_RADIO_IsTCXO
 .text.BSP_RADIO_IsDCDC
                0x080027a4        0x4 ./Core/Src/stm32wlxx_nucleo_radio.o
                0x080027a4                BSP_RADIO_IsDCDC
 .text.BSP_RADIO_GetRFOMaxPowerConfig
                0x080027a8        0xa ./Core/Src/stm32wlxx_nucleo_radio.o
                0x080027a8                BSP_RADIO_GetRFOMaxPowerConfig
 *fill*         0x080027b2        0x2 
 .text.MX_SUBGHZ_Init
                0x080027b4       0x1c ./Core/Src/subghz.o
                0x080027b4                MX_SUBGHZ_Init
 .text.HAL_SUBGHZ_MspInit
                0x080027d0       0x2e ./Core/Src/subghz.o
                0x080027d0                HAL_SUBGHZ_MspInit
 *fill*         0x080027fe        0x2 
 .text.tiny_snprintf_like.constprop.0
                0x08002800       0x20 ./Core/Src/sys_app.o
 .text.TimestampNow
                0x08002820       0x30 ./Core/Src/sys_app.o
 .text.SystemApp_Init
                0x08002850       0x44 ./Core/Src/sys_app.o
                0x08002850                SystemApp_Init
 .text.UTIL_ADV_TRACE_PreSendHook
                0x08002894        0x8 ./Core/Src/sys_app.o
                0x08002894                UTIL_ADV_TRACE_PreSendHook
 .text.UTIL_ADV_TRACE_PostSendHook
                0x0800289c        0x8 ./Core/Src/sys_app.o
                0x0800289c                UTIL_ADV_TRACE_PostSendHook
 .text.HAL_InitTick
                0x080028a4        0x4 ./Core/Src/sys_app.o
                0x080028a4                HAL_InitTick
 .text.HAL_GetTick
                0x080028a8       0x10 ./Core/Src/sys_app.o
                0x080028a8                HAL_GetTick
 .text.HAL_Delay
                0x080028b8        0xc ./Core/Src/sys_app.o
                0x080028b8                HAL_Delay
 .text.DBG_Init
                0x080028c4       0x24 ./Core/Src/sys_debug.o
                0x080028c4                DBG_Init
 .text._getpid  0x080028e8        0x4 ./Core/Src/syscalls.o
                0x080028e8                _getpid
 .text._kill    0x080028ec       0x10 ./Core/Src/syscalls.o
                0x080028ec                _kill
 .text._exit    0x080028fc        0xc ./Core/Src/syscalls.o
                0x080028fc                _exit
 .text._read    0x08002908       0x1c ./Core/Src/syscalls.o
                0x08002908                _read
 .text._write   0x08002924       0x1c ./Core/Src/syscalls.o
                0x08002924                _write
 .text._close   0x08002940        0x6 ./Core/Src/syscalls.o
                0x08002940                _close
 .text._fstat   0x08002946        0xa ./Core/Src/syscalls.o
                0x08002946                _fstat
 .text._isatty  0x08002950        0x4 ./Core/Src/syscalls.o
                0x08002950                _isatty
 .text._lseek   0x08002954        0x4 ./Core/Src/syscalls.o
                0x08002954                _lseek
 .text._sbrk    0x08002958       0x40 ./Core/Src/sysmem.o
                0x08002958                _sbrk
 .text.SystemInit
                0x08002998        0x2 ./Core/Src/system_stm32wlxx.o
                0x08002998                SystemInit
 *fill*         0x0800299a        0x2 
 .text.TIMER_IF_GetTimerContext
                0x0800299c        0xc ./Core/Src/timer_if.o
                0x0800299c                TIMER_IF_GetTimerContext
 .text.TIMER_IF_GetMinimumTimeout
                0x080029a8        0x4 ./Core/Src/timer_if.o
                0x080029a8                TIMER_IF_GetMinimumTimeout
 .text.TIMER_IF_Convert_ms2Tick
                0x080029ac       0x14 ./Core/Src/timer_if.o
                0x080029ac                TIMER_IF_Convert_ms2Tick
 .text.TIMER_IF_Convert_Tick2ms
                0x080029c0       0x10 ./Core/Src/timer_if.o
                0x080029c0                TIMER_IF_Convert_Tick2ms
 .text.GetTimerTicks
                0x080029d0       0x14 ./Core/Src/timer_if.o
 .text.TIMER_IF_SetTimerContext
                0x080029e4       0x10 ./Core/Src/timer_if.o
                0x080029e4                TIMER_IF_SetTimerContext
 .text.TIMER_IF_GetTimerElapsedTime
                0x080029f4       0x14 ./Core/Src/timer_if.o
                0x080029f4                TIMER_IF_GetTimerElapsedTime
 .text.TIMER_IF_GetTimerValue
                0x08002a08       0x10 ./Core/Src/timer_if.o
                0x08002a08                TIMER_IF_GetTimerValue
 .text.TIMER_IF_StopTimer
                0x08002a18       0x28 ./Core/Src/timer_if.o
                0x08002a18                TIMER_IF_StopTimer
 .text.TIMER_IF_BkUp_Write_Seconds
                0x08002a40       0x10 ./Core/Src/timer_if.o
                0x08002a40                TIMER_IF_BkUp_Write_Seconds
 .text.TIMER_IF_BkUp_Write_SubSeconds
                0x08002a50       0x10 ./Core/Src/timer_if.o
                0x08002a50                TIMER_IF_BkUp_Write_SubSeconds
 .text.TIMER_IF_StartTimer
                0x08002a60       0x50 ./Core/Src/timer_if.o
                0x08002a60                TIMER_IF_StartTimer
 .text.TIMER_IF_GetTime
                0x08002ab0       0x30 ./Core/Src/timer_if.o
                0x08002ab0                TIMER_IF_GetTime
 .text.TIMER_IF_BkUp_Read_Seconds
                0x08002ae0        0xc ./Core/Src/timer_if.o
                0x08002ae0                TIMER_IF_BkUp_Read_Seconds
 .text.TIMER_IF_BkUp_Read_SubSeconds
                0x08002aec        0xc ./Core/Src/timer_if.o
                0x08002aec                TIMER_IF_BkUp_Read_SubSeconds
 .text.TIMER_IF_Init
                0x08002af8       0x48 ./Core/Src/timer_if.o
                0x08002af8                TIMER_IF_Init
 .text.TIMER_IF_DelayMs
                0x08002b40       0x2a ./Core/Src/timer_if.o
                0x08002b40                TIMER_IF_DelayMs
 .text.HAL_RTC_AlarmAEventCallback
                0x08002b6a        0x4 ./Core/Src/timer_if.o
                0x08002b6a                HAL_RTC_AlarmAEventCallback
 *fill*         0x08002b6e        0x2 
 .text.HAL_RTCEx_SSRUEventCallback
                0x08002b70       0x20 ./Core/Src/timer_if.o
                0x08002b70                HAL_RTCEx_SSRUEventCallback
 .text.MX_USART2_UART_Init
                0x08002b90       0x70 ./Core/Src/usart.o
                0x08002b90                MX_USART2_UART_Init
 .text.HAL_UART_MspInit
                0x08002c00       0xc8 ./Core/Src/usart.o
                0x08002c00                HAL_UART_MspInit
 .text.HAL_UART_MspDeInit
                0x08002cc8       0x38 ./Core/Src/usart.o
                0x08002cc8                HAL_UART_MspDeInit
 .text.vcom_Trace_DMA
                0x08002d00       0x14 ./Core/Src/usart_if.o
                0x08002d00                vcom_Trace_DMA
 .text.vcom_ReceiveInit
                0x08002d14       0x54 ./Core/Src/usart_if.o
                0x08002d14                vcom_ReceiveInit
 .text.vcom_Init
                0x08002d68       0x28 ./Core/Src/usart_if.o
                0x08002d68                vcom_Init
 .text.vcom_DeInit
                0x08002d90       0x2c ./Core/Src/usart_if.o
                0x08002d90                vcom_DeInit
 .text.HAL_UART_TxCpltCallback
                0x08002dbc       0x1c ./Core/Src/usart_if.o
                0x08002dbc                HAL_UART_TxCpltCallback
 .text.HAL_UART_RxCpltCallback
                0x08002dd8       0xe8 ./Core/Src/usart_if.o
                0x08002dd8                HAL_UART_RxCpltCallback
 .text.Reset_Handler
                0x08002ec0       0x50 ./Core/Startup/startup_stm32wle5ccux.o
                0x08002ec0                Reset_Handler
 .text.Default_Handler
                0x08002f10        0x2 ./Core/Startup/startup_stm32wle5ccux.o
                0x08002f10                EXTI2_IRQHandler
                0x08002f10                TIM1_CC_IRQHandler
                0x08002f10                EXTI3_IRQHandler
                0x08002f10                LPTIM2_IRQHandler
                0x08002f10                I2C3_ER_IRQHandler
                0x08002f10                LPTIM3_IRQHandler
                0x08002f10                EXTI0_IRQHandler
                0x08002f10                I2C2_EV_IRQHandler
                0x08002f10                SPI1_IRQHandler
                0x08002f10                DMA2_Channel2_IRQHandler
                0x08002f10                DMA1_Channel4_IRQHandler
                0x08002f10                PKA_IRQHandler
                0x08002f10                TIM17_IRQHandler
                0x08002f10                DMA1_Channel7_IRQHandler
                0x08002f10                SUBGHZSPI_IRQHandler
                0x08002f10                DMA2_Channel1_IRQHandler
                0x08002f10                I2C1_EV_IRQHandler
                0x08002f10                DMAMUX1_OVR_IRQHandler
                0x08002f10                DMA1_Channel6_IRQHandler
                0x08002f10                TIM16_IRQHandler
                0x08002f10                DMA2_Channel4_IRQHandler
                0x08002f10                RCC_IRQHandler
                0x08002f10                TIM1_TRG_COM_IRQHandler
                0x08002f10                Default_Handler
                0x08002f10                DMA2_Channel7_IRQHandler
                0x08002f10                EXTI15_10_IRQHandler
                0x08002f10                ADC_IRQHandler
                0x08002f10                I2C3_EV_IRQHandler
                0x08002f10                EXTI9_5_IRQHandler
                0x08002f10                RTC_WKUP_IRQHandler
                0x08002f10                PVD_PVM_IRQHandler
                0x08002f10                SPI2_IRQHandler
                0x08002f10                DMA2_Channel5_IRQHandler
                0x08002f10                DMA1_Channel5_IRQHandler
                0x08002f10                EXTI4_IRQHandler
                0x08002f10                RNG_IRQHandler
                0x08002f10                DMA1_Channel3_IRQHandler
                0x08002f10                COMP_IRQHandler
                0x08002f10                HSEM_IRQHandler
                0x08002f10                TIM1_UP_IRQHandler
                0x08002f10                WWDG_IRQHandler
                0x08002f10                LPUART1_IRQHandler
                0x08002f10                DMA2_Channel6_IRQHandler
                0x08002f10                TIM2_IRQHandler
                0x08002f10                TIM1_BRK_IRQHandler
                0x08002f10                DAC_IRQHandler
                0x08002f10                EXTI1_IRQHandler
                0x08002f10                AES_IRQHandler
                0x08002f10                I2C2_ER_IRQHandler
                0x08002f10                DMA1_Channel2_IRQHandler
                0x08002f10                FLASH_IRQHandler
                0x08002f10                USART1_IRQHandler
                0x08002f10                I2C1_ER_IRQHandler
                0x08002f10                LPTIM1_IRQHandler
                0x08002f10                DMA2_Channel3_IRQHandler
 *fill*         0x08002f12        0x2 
 .text.HAL_Init
                0x08002f14       0x2c ./Drivers/STM32WLxx_HAL_Driver/Src/stm32wlxx_hal.o
                0x08002f14                HAL_Init
 .text.HAL_DBGMCU_EnableDBGSleepMode
                0x08002f40       0x10 ./Drivers/STM32WLxx_HAL_Driver/Src/stm32wlxx_hal.o
                0x08002f40                HAL_DBGMCU_EnableDBGSleepMode
 .text.HAL_DBGMCU_EnableDBGStopMode
                0x08002f50       0x10 ./Drivers/STM32WLxx_HAL_Driver/Src/stm32wlxx_hal.o
                0x08002f50                HAL_DBGMCU_EnableDBGStopMode
 .text.HAL_DBGMCU_EnableDBGStandbyMode
                0x08002f60       0x10 ./Drivers/STM32WLxx_HAL_Driver/Src/stm32wlxx_hal.o
                0x08002f60                HAL_DBGMCU_EnableDBGStandbyMode
 .text.HAL_NVIC_SetPriorityGrouping
                0x08002f70       0x24 ./Drivers/STM32WLxx_HAL_Driver/Src/stm32wlxx_hal_cortex.o
                0x08002f70                HAL_NVIC_SetPriorityGrouping
 .text.HAL_NVIC_SetPriority
                0x08002f94       0x64 ./Drivers/STM32WLxx_HAL_Driver/Src/stm32wlxx_hal_cortex.o
                0x08002f94                HAL_NVIC_SetPriority
 .text.HAL_NVIC_EnableIRQ
                0x08002ff8       0x1c ./Drivers/STM32WLxx_HAL_Driver/Src/stm32wlxx_hal_cortex.o
                0x08002ff8                HAL_NVIC_EnableIRQ
 .text.HAL_NVIC_DisableIRQ
                0x08003014       0x24 ./Drivers/STM32WLxx_HAL_Driver/Src/stm32wlxx_hal_cortex.o
                0x08003014                HAL_NVIC_DisableIRQ
 .text.HAL_NVIC_SystemReset
                0x08003038       0x24 ./Drivers/STM32WLxx_HAL_Driver/Src/stm32wlxx_hal_cortex.o
                0x08003038                HAL_NVIC_SystemReset
 .text.DMA_SetConfig
                0x0800305c       0x34 ./Drivers/STM32WLxx_HAL_Driver/Src/stm32wlxx_hal_dma.o
 .text.DMA_CalcDMAMUXChannelBaseAndMask
                0x08003090       0x4c ./Drivers/STM32WLxx_HAL_Driver/Src/stm32wlxx_hal_dma.o
 .text.HAL_DMA_Init
                0x080030dc       0xe0 ./Drivers/STM32WLxx_HAL_Driver/Src/stm32wlxx_hal_dma.o
                0x080030dc                HAL_DMA_Init
 .text.HAL_DMA_DeInit
                0x080031bc       0xac ./Drivers/STM32WLxx_HAL_Driver/Src/stm32wlxx_hal_dma.o
                0x080031bc                HAL_DMA_DeInit
 .text.HAL_DMA_Start_IT
                0x08003268       0x88 ./Drivers/STM32WLxx_HAL_Driver/Src/stm32wlxx_hal_dma.o
                0x08003268                HAL_DMA_Start_IT
 .text.HAL_DMA_Abort
                0x080032f0       0x6a ./Drivers/STM32WLxx_HAL_Driver/Src/stm32wlxx_hal_dma.o
                0x080032f0                HAL_DMA_Abort
 .text.HAL_DMA_Abort_IT
                0x0800335a       0x6a ./Drivers/STM32WLxx_HAL_Driver/Src/stm32wlxx_hal_dma.o
                0x0800335a                HAL_DMA_Abort_IT
 .text.HAL_DMA_IRQHandler
                0x080033c4       0xac ./Drivers/STM32WLxx_HAL_Driver/Src/stm32wlxx_hal_dma.o
                0x080033c4                HAL_DMA_IRQHandler
 .text.FLASH_Program_Fast
                0x08003470       0x30 ./Drivers/STM32WLxx_HAL_Driver/Src/stm32wlxx_hal_flash.o
 .text.HAL_FLASH_Unlock
                0x080034a0       0x24 ./Drivers/STM32WLxx_HAL_Driver/Src/stm32wlxx_hal_flash.o
                0x080034a0                HAL_FLASH_Unlock
 .text.HAL_FLASH_Lock
                0x080034c4       0x18 ./Drivers/STM32WLxx_HAL_Driver/Src/stm32wlxx_hal_flash.o
                0x080034c4                HAL_FLASH_Lock
 .text.FLASH_WaitForLastOperation
                0x080034dc       0x5c ./Drivers/STM32WLxx_HAL_Driver/Src/stm32wlxx_hal_flash.o
                0x080034dc                FLASH_WaitForLastOperation
 .text.HAL_FLASH_Program
                0x08003538       0x70 ./Drivers/STM32WLxx_HAL_Driver/Src/stm32wlxx_hal_flash.o
                0x08003538                HAL_FLASH_Program
 .text.FLASH_PageErase
                0x080035a8       0x1c ./Drivers/STM32WLxx_HAL_Driver/Src/stm32wlxx_hal_flash_ex.o
                0x080035a8                FLASH_PageErase
 .text.HAL_FLASHEx_Erase
                0x080035c4       0x9c ./Drivers/STM32WLxx_HAL_Driver/Src/stm32wlxx_hal_flash_ex.o
                0x080035c4                HAL_FLASHEx_Erase
 .text.HAL_GPIO_Init
                0x08003660      0x158 ./Drivers/STM32WLxx_HAL_Driver/Src/stm32wlxx_hal_gpio.o
                0x08003660                HAL_GPIO_Init
 .text.HAL_GPIO_DeInit
                0x080037b8       0xe8 ./Drivers/STM32WLxx_HAL_Driver/Src/stm32wlxx_hal_gpio.o
                0x080037b8                HAL_GPIO_DeInit
 .text.HAL_GPIO_WritePin
                0x080038a0        0xa ./Drivers/STM32WLxx_HAL_Driver/Src/stm32wlxx_hal_gpio.o
                0x080038a0                HAL_GPIO_WritePin
 *fill*         0x080038aa        0x2 
 .text.HAL_PWR_EnableBkUpAccess
                0x080038ac       0x10 ./Drivers/STM32WLxx_HAL_Driver/Src/stm32wlxx_hal_pwr.o
                0x080038ac                HAL_PWR_EnableBkUpAccess
 .text.HAL_PWREx_GetVoltageRange
                0x080038bc       0x10 ./Drivers/STM32WLxx_HAL_Driver/Src/stm32wlxx_hal_pwr_ex.o
                0x080038bc                HAL_PWREx_GetVoltageRange
 .text.LL_RCC_HSE_IsReady
                0x080038cc        0xc ./Drivers/STM32WLxx_HAL_Driver/Src/stm32wlxx_hal_rcc.o
 .text.LL_RCC_MSI_IsReady
                0x080038d8        0xc ./Drivers/STM32WLxx_HAL_Driver/Src/stm32wlxx_hal_rcc.o
 .text.LL_RCC_MSI_SetCalibTrimming
                0x080038e4       0x12 ./Drivers/STM32WLxx_HAL_Driver/Src/stm32wlxx_hal_rcc.o
 .text.LL_RCC_PLL_IsReady
                0x080038f6        0xc ./Drivers/STM32WLxx_HAL_Driver/Src/stm32wlxx_hal_rcc.o
 *fill*         0x08003902        0x2 
 .text.RCC_SetFlashLatencyFromMSIRange
                0x08003904       0xd4 ./Drivers/STM32WLxx_HAL_Driver/Src/stm32wlxx_hal_rcc.o
 .text.HAL_RCC_GetSysClockFreq
                0x080039d8       0xdc ./Drivers/STM32WLxx_HAL_Driver/Src/stm32wlxx_hal_rcc.o
                0x080039d8                HAL_RCC_GetSysClockFreq
 .text.HAL_RCC_GetHCLKFreq
                0x08003ab4       0x20 ./Drivers/STM32WLxx_HAL_Driver/Src/stm32wlxx_hal_rcc.o
                0x08003ab4                HAL_RCC_GetHCLKFreq
 .text.HAL_RCC_OscConfig
                0x08003ad4      0x534 ./Drivers/STM32WLxx_HAL_Driver/Src/stm32wlxx_hal_rcc.o
                0x08003ad4                HAL_RCC_OscConfig
 .text.HAL_RCC_ClockConfig
                0x08004008      0x1c0 ./Drivers/STM32WLxx_HAL_Driver/Src/stm32wlxx_hal_rcc.o
                0x08004008                HAL_RCC_ClockConfig
 .text.HAL_RCC_GetPCLK1Freq
                0x080041c8       0x20 ./Drivers/STM32WLxx_HAL_Driver/Src/stm32wlxx_hal_rcc.o
                0x080041c8                HAL_RCC_GetPCLK1Freq
 .text.HAL_RCC_GetPCLK2Freq
                0x080041e8       0x20 ./Drivers/STM32WLxx_HAL_Driver/Src/stm32wlxx_hal_rcc.o
                0x080041e8                HAL_RCC_GetPCLK2Freq
 .text.LL_RCC_LSE_IsReady
                0x08004208        0xe ./Drivers/STM32WLxx_HAL_Driver/Src/stm32wlxx_hal_rcc_ex.o
 .text.LL_RCC_SetI2CClockSource
                0x08004216       0x20 ./Drivers/STM32WLxx_HAL_Driver/Src/stm32wlxx_hal_rcc_ex.o
 .text.LL_RCC_SetLPTIMClockSource
                0x08004236       0x1a ./Drivers/STM32WLxx_HAL_Driver/Src/stm32wlxx_hal_rcc_ex.o
 .text.HAL_RCCEx_PeriphCLKConfig
                0x08004250      0x19c ./Drivers/STM32WLxx_HAL_Driver/Src/stm32wlxx_hal_rcc_ex.o
                0x08004250                HAL_RCCEx_PeriphCLKConfig
 .text.HAL_RNG_Init
                0x080043ec       0xbc ./Drivers/STM32WLxx_HAL_Driver/Src/stm32wlxx_hal_rng.o
                0x080043ec                HAL_RNG_Init
 .text.HAL_RNG_ErrorCallback
                0x080044a8        0x2 ./Drivers/STM32WLxx_HAL_Driver/Src/stm32wlxx_hal_rng.o
                0x080044a8                HAL_RNG_ErrorCallback
 .text.RNG_RecoverSeedError
                0x080044aa       0x86 ./Drivers/STM32WLxx_HAL_Driver/Src/stm32wlxx_hal_rng.o
                0x080044aa                RNG_RecoverSeedError
 .text.HAL_RNG_GenerateRandomNumber
                0x08004530       0x9a ./Drivers/STM32WLxx_HAL_Driver/Src/stm32wlxx_hal_rng.o
                0x08004530                HAL_RNG_GenerateRandomNumber
 *fill*         0x080045ca        0x2 
 .text.HAL_RTC_DeactivateAlarm
                0x080045cc       0x74 ./Drivers/STM32WLxx_HAL_Driver/Src/stm32wlxx_hal_rtc.o
                0x080045cc                HAL_RTC_DeactivateAlarm
 .text.HAL_RTC_AlarmIRQHandler
                0x08004640       0x34 ./Drivers/STM32WLxx_HAL_Driver/Src/stm32wlxx_hal_rtc.o
                0x08004640                HAL_RTC_AlarmIRQHandler
 .text.HAL_RTC_WaitForSynchro
                0x08004674       0x30 ./Drivers/STM32WLxx_HAL_Driver/Src/stm32wlxx_hal_rtc.o
                0x08004674                HAL_RTC_WaitForSynchro
 .text.RTC_EnterInitMode
                0x080046a4       0x4c ./Drivers/STM32WLxx_HAL_Driver/Src/stm32wlxx_hal_rtc.o
                0x080046a4                RTC_EnterInitMode
 .text.RTC_ExitInitMode
                0x080046f0       0x44 ./Drivers/STM32WLxx_HAL_Driver/Src/stm32wlxx_hal_rtc.o
                0x080046f0                RTC_ExitInitMode
 .text.HAL_RTC_Init
                0x08004734       0xa8 ./Drivers/STM32WLxx_HAL_Driver/Src/stm32wlxx_hal_rtc.o
                0x08004734                HAL_RTC_Init
 .text.RTC_ByteToBcd2
                0x080047dc       0x16 ./Drivers/STM32WLxx_HAL_Driver/Src/stm32wlxx_hal_rtc.o
                0x080047dc                RTC_ByteToBcd2
 *fill*         0x080047f2        0x2 
 .text.HAL_RTC_SetAlarm_IT
                0x080047f4      0x15c ./Drivers/STM32WLxx_HAL_Driver/Src/stm32wlxx_hal_rtc.o
                0x080047f4                HAL_RTC_SetAlarm_IT
 .text.HAL_RTCEx_EnableBypassShadow
                0x08004950       0x3c ./Drivers/STM32WLxx_HAL_Driver/Src/stm32wlxx_hal_rtc_ex.o
                0x08004950                HAL_RTCEx_EnableBypassShadow
 .text.HAL_RTCEx_SetSSRU_IT
                0x0800498c       0x4c ./Drivers/STM32WLxx_HAL_Driver/Src/stm32wlxx_hal_rtc_ex.o
                0x0800498c                HAL_RTCEx_SetSSRU_IT
 .text.HAL_RTCEx_SSRUIRQHandler
                0x080049d8       0x20 ./Drivers/STM32WLxx_HAL_Driver/Src/stm32wlxx_hal_rtc_ex.o
                0x080049d8                HAL_RTCEx_SSRUIRQHandler
 .text.HAL_RTCEx_AlarmBEventCallback
                0x080049f8        0x2 ./Drivers/STM32WLxx_HAL_Driver/Src/stm32wlxx_hal_rtc_ex.o
                0x080049f8                HAL_RTCEx_AlarmBEventCallback
 .text.HAL_RTCEx_BKUPWrite
                0x080049fa        0xe ./Drivers/STM32WLxx_HAL_Driver/Src/stm32wlxx_hal_rtc_ex.o
                0x080049fa                HAL_RTCEx_BKUPWrite
 .text.HAL_RTCEx_BKUPRead
                0x08004a08        0xe ./Drivers/STM32WLxx_HAL_Driver/Src/stm32wlxx_hal_rtc_ex.o
                0x08004a08                HAL_RTCEx_BKUPRead
 *fill*         0x08004a16        0x2 
 .text.LL_PWR_UnselectSUBGHZSPI_NSS
                0x08004a18       0x14 ./Drivers/STM32WLxx_HAL_Driver/Src/stm32wlxx_hal_subghz.o
 .text.LL_PWR_SelectSUBGHZSPI_NSS
                0x08004a2c       0x14 ./Drivers/STM32WLxx_HAL_Driver/Src/stm32wlxx_hal_subghz.o
 .text.SUBGHZSPI_Init
                0x08004a40       0x24 ./Drivers/STM32WLxx_HAL_Driver/Src/stm32wlxx_hal_subghz.o
                0x08004a40                SUBGHZSPI_Init
 .text.HAL_SUBGHZ_Init
                0x08004a64       0xb8 ./Drivers/STM32WLxx_HAL_Driver/Src/stm32wlxx_hal_subghz.o
                0x08004a64                HAL_SUBGHZ_Init
 .text.SUBGHZSPI_Transmit
                0x08004b1c       0x68 ./Drivers/STM32WLxx_HAL_Driver/Src/stm32wlxx_hal_subghz.o
                0x08004b1c                SUBGHZSPI_Transmit
 .text.SUBGHZSPI_Receive
                0x08004b84       0x6c ./Drivers/STM32WLxx_HAL_Driver/Src/stm32wlxx_hal_subghz.o
                0x08004b84                SUBGHZSPI_Receive
 .text.SUBGHZ_WaitOnBusy
                0x08004bf0       0x44 ./Drivers/STM32WLxx_HAL_Driver/Src/stm32wlxx_hal_subghz.o
                0x08004bf0                SUBGHZ_WaitOnBusy
 .text.SUBGHZ_CheckDeviceReady
                0x08004c34       0x38 ./Drivers/STM32WLxx_HAL_Driver/Src/stm32wlxx_hal_subghz.o
                0x08004c34                SUBGHZ_CheckDeviceReady
 .text.HAL_SUBGHZ_WriteRegisters
                0x08004c6c       0x72 ./Drivers/STM32WLxx_HAL_Driver/Src/stm32wlxx_hal_subghz.o
                0x08004c6c                HAL_SUBGHZ_WriteRegisters
 .text.HAL_SUBGHZ_ReadRegisters
                0x08004cde       0x76 ./Drivers/STM32WLxx_HAL_Driver/Src/stm32wlxx_hal_subghz.o
                0x08004cde                HAL_SUBGHZ_ReadRegisters
 .text.HAL_SUBGHZ_ExecSetCmd
                0x08004d54       0x70 ./Drivers/STM32WLxx_HAL_Driver/Src/stm32wlxx_hal_subghz.o
                0x08004d54                HAL_SUBGHZ_ExecSetCmd
 .text.HAL_SUBGHZ_ExecGetCmd
                0x08004dc4       0x66 ./Drivers/STM32WLxx_HAL_Driver/Src/stm32wlxx_hal_subghz.o
                0x08004dc4                HAL_SUBGHZ_ExecGetCmd
 .text.HAL_SUBGHZ_IRQHandler
                0x08004e2a       0x9c ./Drivers/STM32WLxx_HAL_Driver/Src/stm32wlxx_hal_subghz.o
                0x08004e2a                HAL_SUBGHZ_IRQHandler
 .text.HAL_SUBGHZ_WriteBuffer
                0x08004ec6       0x66 ./Drivers/STM32WLxx_HAL_Driver/Src/stm32wlxx_hal_subghz.o
                0x08004ec6                HAL_SUBGHZ_WriteBuffer
 .text.HAL_SUBGHZ_ReadBuffer
                0x08004f2c       0x6e ./Drivers/STM32WLxx_HAL_Driver/Src/stm32wlxx_hal_subghz.o
                0x08004f2c                HAL_SUBGHZ_ReadBuffer
 .text.UART_EndTxTransfer
                0x08004f9a       0x34 ./Drivers/STM32WLxx_HAL_Driver/Src/stm32wlxx_hal_uart.o
 *fill*         0x08004fce        0x2 
 .text.UART_EndRxTransfer
                0x08004fd0       0x58 ./Drivers/STM32WLxx_HAL_Driver/Src/stm32wlxx_hal_uart.o
 .text.HAL_UART_Transmit_DMA
                0x08005028       0x84 ./Drivers/STM32WLxx_HAL_Driver/Src/stm32wlxx_hal_uart.o
                0x08005028                HAL_UART_Transmit_DMA
 .text.UART_DMATransmitCplt
                0x080050ac       0x46 ./Drivers/STM32WLxx_HAL_Driver/Src/stm32wlxx_hal_uart.o
 .text.HAL_UART_TxHalfCpltCallback
                0x080050f2        0x2 ./Drivers/STM32WLxx_HAL_Driver/Src/stm32wlxx_hal_uart.o
                0x080050f2                HAL_UART_TxHalfCpltCallback
 .text.UART_DMATxHalfCplt
                0x080050f4        0xa ./Drivers/STM32WLxx_HAL_Driver/Src/stm32wlxx_hal_uart.o
 .text.HAL_UART_ErrorCallback
                0x080050fe        0x2 ./Drivers/STM32WLxx_HAL_Driver/Src/stm32wlxx_hal_uart.o
                0x080050fe                HAL_UART_ErrorCallback
 .text.UART_DMAError
                0x08005100       0x48 ./Drivers/STM32WLxx_HAL_Driver/Src/stm32wlxx_hal_uart.o
 .text.UART_DMAAbortOnError
                0x08005148       0x14 ./Drivers/STM32WLxx_HAL_Driver/Src/stm32wlxx_hal_uart.o
 .text.HAL_UARTEx_RxEventCallback
                0x0800515c        0x2 ./Drivers/STM32WLxx_HAL_Driver/Src/stm32wlxx_hal_uart.o
                0x0800515c                HAL_UARTEx_RxEventCallback
 *fill*         0x0800515e        0x2 
 .text.HAL_UART_IRQHandler
                0x08005160      0x2f8 ./Drivers/STM32WLxx_HAL_Driver/Src/stm32wlxx_hal_uart.o
                0x08005160                HAL_UART_IRQHandler
 .text.UART_RxISR_8BIT
                0x08005458       0xcc ./Drivers/STM32WLxx_HAL_Driver/Src/stm32wlxx_hal_uart.o
 .text.UART_RxISR_16BIT
                0x08005524       0xc4 ./Drivers/STM32WLxx_HAL_Driver/Src/stm32wlxx_hal_uart.o
 .text.UART_RxISR_8BIT_FIFOEN
                0x080055e8      0x1a8 ./Drivers/STM32WLxx_HAL_Driver/Src/stm32wlxx_hal_uart.o
 .text.UART_RxISR_16BIT_FIFOEN
                0x08005790      0x1a4 ./Drivers/STM32WLxx_HAL_Driver/Src/stm32wlxx_hal_uart.o
 .text.UART_SetConfig
                0x08005934      0x214 ./Drivers/STM32WLxx_HAL_Driver/Src/stm32wlxx_hal_uart.o
                0x08005934                UART_SetConfig
 .text.UART_AdvFeatureConfig
                0x08005b48       0xa8 ./Drivers/STM32WLxx_HAL_Driver/Src/stm32wlxx_hal_uart.o
                0x08005b48                UART_AdvFeatureConfig
 .text.UART_WaitOnFlagUntilTimeout
                0x08005bf0       0xd0 ./Drivers/STM32WLxx_HAL_Driver/Src/stm32wlxx_hal_uart.o
                0x08005bf0                UART_WaitOnFlagUntilTimeout
 .text.HAL_UART_Transmit
                0x08005cc0       0xa4 ./Drivers/STM32WLxx_HAL_Driver/Src/stm32wlxx_hal_uart.o
                0x08005cc0                HAL_UART_Transmit
 .text.UART_CheckIdleState
                0x08005d64       0x6a ./Drivers/STM32WLxx_HAL_Driver/Src/stm32wlxx_hal_uart.o
                0x08005d64                UART_CheckIdleState
 .text.HAL_UART_Init
                0x08005dce       0x60 ./Drivers/STM32WLxx_HAL_Driver/Src/stm32wlxx_hal_uart.o
                0x08005dce                HAL_UART_Init
 *fill*         0x08005e2e        0x2 
 .text.UART_Start_Receive_IT
                0x08005e30      0x114 ./Drivers/STM32WLxx_HAL_Driver/Src/stm32wlxx_hal_uart.o
                0x08005e30                UART_Start_Receive_IT
 .text.HAL_UART_Receive_IT
                0x08005f44       0x44 ./Drivers/STM32WLxx_HAL_Driver/Src/stm32wlxx_hal_uart.o
                0x08005f44                HAL_UART_Receive_IT
 .text.UARTEx_SetNbDataToProcess
                0x08005f88       0x44 ./Drivers/STM32WLxx_HAL_Driver/Src/stm32wlxx_hal_uart_ex.o
 .text.HAL_UARTEx_WakeupCallback
                0x08005fcc        0x2 ./Drivers/STM32WLxx_HAL_Driver/Src/stm32wlxx_hal_uart_ex.o
                0x08005fcc                HAL_UARTEx_WakeupCallback
 .text.HAL_UARTEx_RxFifoFullCallback
                0x08005fce        0x2 ./Drivers/STM32WLxx_HAL_Driver/Src/stm32wlxx_hal_uart_ex.o
                0x08005fce                HAL_UARTEx_RxFifoFullCallback
 .text.HAL_UARTEx_TxFifoEmptyCallback
                0x08005fd0        0x2 ./Drivers/STM32WLxx_HAL_Driver/Src/stm32wlxx_hal_uart_ex.o
                0x08005fd0                HAL_UARTEx_TxFifoEmptyCallback
 .text.HAL_UARTEx_StopModeWakeUpSourceConfig
                0x08005fd2       0x8c ./Drivers/STM32WLxx_HAL_Driver/Src/stm32wlxx_hal_uart_ex.o
                0x08005fd2                HAL_UARTEx_StopModeWakeUpSourceConfig
 .text.HAL_UARTEx_EnableStopMode
                0x0800605e       0x2c ./Drivers/STM32WLxx_HAL_Driver/Src/stm32wlxx_hal_uart_ex.o
                0x0800605e                HAL_UARTEx_EnableStopMode
 .text.HAL_UARTEx_EnableFifoMode
                0x0800608a       0x40 ./Drivers/STM32WLxx_HAL_Driver/Src/stm32wlxx_hal_uart_ex.o
                0x0800608a                HAL_UARTEx_EnableFifoMode
 .text.HAL_UARTEx_SetTxFifoThreshold
                0x080060ca       0x40 ./Drivers/STM32WLxx_HAL_Driver/Src/stm32wlxx_hal_uart_ex.o
                0x080060ca                HAL_UARTEx_SetTxFifoThreshold
 .text.HAL_UARTEx_SetRxFifoThreshold
                0x0800610a       0x40 ./Drivers/STM32WLxx_HAL_Driver/Src/stm32wlxx_hal_uart_ex.o
                0x0800610a                HAL_UARTEx_SetRxFifoThreshold
 .text.RadioCheckRfFrequency
                0x0800614a        0x4 ./Middlewares/Third_Party/SubGHz_Phy/stm32_radio_driver/radio.o
 *fill*         0x0800614e        0x2 
 .text.RadioOnTxTimeoutIrq
                0x08006150       0x14 ./Middlewares/Third_Party/SubGHz_Phy/stm32_radio_driver/radio.o
 .text.RadioOnRxTimeoutIrq
                0x08006164       0x14 ./Middlewares/Third_Party/SubGHz_Phy/stm32_radio_driver/radio.o
 .text.RadioLrFhssSetCfg
                0x08006178        0x4 ./Middlewares/Third_Party/SubGHz_Phy/stm32_radio_driver/radio.o
 .text.RadioLrFhssGetTimeOnAirInMs
                0x0800617c        0x4 ./Middlewares/Third_Party/SubGHz_Phy/stm32_radio_driver/radio.o
 .text.RadioRead
                0x08006180        0x4 ./Middlewares/Third_Party/SubGHz_Phy/stm32_radio_driver/radio.o
 .text.RadioWrite
                0x08006184        0x4 ./Middlewares/Third_Party/SubGHz_Phy/stm32_radio_driver/radio.o
 .text.RadioTxCw
                0x08006188       0x22 ./Middlewares/Third_Party/SubGHz_Phy/stm32_radio_driver/radio.o
 *fill*         0x080061aa        0x2 
 .text.RadioSetRxDutyCycle
                0x080061ac       0x38 ./Middlewares/Third_Party/SubGHz_Phy/stm32_radio_driver/radio.o
 .text.RadioRxBoosted
                0x080061e4       0x5c ./Middlewares/Third_Party/SubGHz_Phy/stm32_radio_driver/radio.o
 .text.RadioStandby
                0x08006240        0x6 ./Middlewares/Third_Party/SubGHz_Phy/stm32_radio_driver/radio.o
 *fill*         0x08006246        0x2 
 .text.RadioGetStatus
                0x08006248       0x1c ./Middlewares/Third_Party/SubGHz_Phy/stm32_radio_driver/radio.o
 .text.RadioGetWakeupTime
                0x08006264        0xa ./Middlewares/Third_Party/SubGHz_Phy/stm32_radio_driver/radio.o
 .text.RadioReadRegisters
                0x0800626e        0x4 ./Middlewares/Third_Party/SubGHz_Phy/stm32_radio_driver/radio.o
 .text.RadioWriteRegisters
                0x08006272        0x4 ./Middlewares/Third_Party/SubGHz_Phy/stm32_radio_driver/radio.o
 .text.RadioRssi
                0x08006276        0x8 ./Middlewares/Third_Party/SubGHz_Phy/stm32_radio_driver/radio.o
 *fill*         0x0800627e        0x2 
 .text.RadioSetTxContinuousWave
                0x08006280       0x44 ./Middlewares/Third_Party/SubGHz_Phy/stm32_radio_driver/radio.o
 .text.RadioSetChannel
                0x080062c4        0x4 ./Middlewares/Third_Party/SubGHz_Phy/stm32_radio_driver/radio.o
 .text.RadioStartCad
                0x080062c8       0x28 ./Middlewares/Third_Party/SubGHz_Phy/stm32_radio_driver/radio.o
 .text.RadioRx  0x080062f0       0x5c ./Middlewares/Third_Party/SubGHz_Phy/stm32_radio_driver/radio.o
 .text.RadioSleep
                0x0800634c       0x14 ./Middlewares/Third_Party/SubGHz_Phy/stm32_radio_driver/radio.o
 .text.RadioRandom
                0x08006360       0x16 ./Middlewares/Third_Party/SubGHz_Phy/stm32_radio_driver/radio.o
 *fill*         0x08006376        0x2 
 .text.RadioInit
                0x08006378       0x94 ./Middlewares/Third_Party/SubGHz_Phy/stm32_radio_driver/radio.o
 .text.RadioSetMaxPayloadLength
                0x0800640c       0x2c ./Middlewares/Third_Party/SubGHz_Phy/stm32_radio_driver/radio.o
 .text.RadioSetPublicNetwork
                0x08006438       0x3c ./Middlewares/Third_Party/SubGHz_Phy/stm32_radio_driver/radio.o
 .text.RadioSetModem
                0x08006474       0x4c ./Middlewares/Third_Party/SubGHz_Phy/stm32_radio_driver/radio.o
 .text.RadioSetTxGenericConfig
                0x080064c0      0x278 ./Middlewares/Third_Party/SubGHz_Phy/stm32_radio_driver/radio.o
 .text.RadioSetRxGenericConfig
                0x08006738      0x1f8 ./Middlewares/Third_Party/SubGHz_Phy/stm32_radio_driver/radio.o
 .text.RadioSetTxConfig
                0x08006930      0x188 ./Middlewares/Third_Party/SubGHz_Phy/stm32_radio_driver/radio.o
 .text.RadioSetRxConfig
                0x08006ab8      0x2d4 ./Middlewares/Third_Party/SubGHz_Phy/stm32_radio_driver/radio.o
 .text.RadioIsChannelFree
                0x08006d8c       0x7a ./Middlewares/Third_Party/SubGHz_Phy/stm32_radio_driver/radio.o
 *fill*         0x08006e06        0x2 
 .text.RadioSend
                0x08006e08      0x1b4 ./Middlewares/Third_Party/SubGHz_Phy/stm32_radio_driver/radio.o
 .text.RadioTimeOnAir
                0x08006fbc       0xec ./Middlewares/Third_Party/SubGHz_Phy/stm32_radio_driver/radio.o
 .text.RadioTxPrbs
                0x080070a8       0x30 ./Middlewares/Third_Party/SubGHz_Phy/stm32_radio_driver/radio.o
 .text.RadioIrqProcess
                0x080070d8      0x2a4 ./Middlewares/Third_Party/SubGHz_Phy/stm32_radio_driver/radio.o
 .text.RadioOnDioIrq
                0x0800737c       0x10 ./Middlewares/Third_Party/SubGHz_Phy/stm32_radio_driver/radio.o
 .text.SUBGRF_GetOperatingMode
                0x0800738c        0xc ./Middlewares/Third_Party/SubGHz_Phy/stm32_radio_driver/radio_driver.o
                0x0800738c                SUBGRF_GetOperatingMode
 .text.SUBGRF_WriteRegister
                0x08007398       0x28 ./Middlewares/Third_Party/SubGHz_Phy/stm32_radio_driver/radio_driver.o
                0x08007398                SUBGRF_WriteRegister
 .text.SUBGRF_ReadRegister
                0x080073c0       0x28 ./Middlewares/Third_Party/SubGHz_Phy/stm32_radio_driver/radio_driver.o
                0x080073c0                SUBGRF_ReadRegister
 .text.Radio_SMPS_Set
                0x080073e8       0x28 ./Middlewares/Third_Party/SubGHz_Phy/stm32_radio_driver/radio_driver.o
 .text.SUBGRF_SetWhiteningSeed
                0x08007410       0x38 ./Middlewares/Third_Party/SubGHz_Phy/stm32_radio_driver/radio_driver.o
                0x08007410                SUBGRF_SetWhiteningSeed
 .text.SUBGRF_WriteRegisters
                0x08007448       0x20 ./Middlewares/Third_Party/SubGHz_Phy/stm32_radio_driver/radio_driver.o
                0x08007448                SUBGRF_WriteRegisters
 .text.SUBGRF_SetSyncWord
                0x08007468       0x12 ./Middlewares/Third_Party/SubGHz_Phy/stm32_radio_driver/radio_driver.o
                0x08007468                SUBGRF_SetSyncWord
 *fill*         0x0800747a        0x2 
 .text.SUBGRF_SetCrcSeed
                0x0800747c       0x24 ./Middlewares/Third_Party/SubGHz_Phy/stm32_radio_driver/radio_driver.o
                0x0800747c                SUBGRF_SetCrcSeed
 .text.SUBGRF_SetCrcPolynomial
                0x080074a0       0x24 ./Middlewares/Third_Party/SubGHz_Phy/stm32_radio_driver/radio_driver.o
                0x080074a0                SUBGRF_SetCrcPolynomial
 .text.SUBGRF_ReadRegisters
                0x080074c4       0x20 ./Middlewares/Third_Party/SubGHz_Phy/stm32_radio_driver/radio_driver.o
                0x080074c4                SUBGRF_ReadRegisters
 .text.SUBGRF_WriteBuffer
                0x080074e4       0x20 ./Middlewares/Third_Party/SubGHz_Phy/stm32_radio_driver/radio_driver.o
                0x080074e4                SUBGRF_WriteBuffer
 .text.SUBGRF_SetPayload
                0x08007504        0xa ./Middlewares/Third_Party/SubGHz_Phy/stm32_radio_driver/radio_driver.o
                0x08007504                SUBGRF_SetPayload
 *fill*         0x0800750e        0x2 
 .text.SUBGRF_ReadBuffer
                0x08007510       0x20 ./Middlewares/Third_Party/SubGHz_Phy/stm32_radio_driver/radio_driver.o
                0x08007510                SUBGRF_ReadBuffer
 .text.SUBGRF_WriteCommand
                0x08007530       0x20 ./Middlewares/Third_Party/SubGHz_Phy/stm32_radio_driver/radio_driver.o
                0x08007530                SUBGRF_WriteCommand
 .text.SUBGRF_SetSleep
                0x08007550       0x44 ./Middlewares/Third_Party/SubGHz_Phy/stm32_radio_driver/radio_driver.o
                0x08007550                SUBGRF_SetSleep
 .text.SUBGRF_SetStandby
                0x08007594       0x2c ./Middlewares/Third_Party/SubGHz_Phy/stm32_radio_driver/radio_driver.o
                0x08007594                SUBGRF_SetStandby
 .text.SUBGRF_SetTx
                0x080075c0       0x2c ./Middlewares/Third_Party/SubGHz_Phy/stm32_radio_driver/radio_driver.o
                0x080075c0                SUBGRF_SetTx
 .text.SUBGRF_SendPayload
                0x080075ec       0x12 ./Middlewares/Third_Party/SubGHz_Phy/stm32_radio_driver/radio_driver.o
                0x080075ec                SUBGRF_SendPayload
 *fill*         0x080075fe        0x2 
 .text.SUBGRF_SetRx
                0x08007600       0x2c ./Middlewares/Third_Party/SubGHz_Phy/stm32_radio_driver/radio_driver.o
                0x08007600                SUBGRF_SetRx
 .text.SUBGRF_GetRandom
                0x0800762c       0x68 ./Middlewares/Third_Party/SubGHz_Phy/stm32_radio_driver/radio_driver.o
                0x0800762c                SUBGRF_GetRandom
 .text.SUBGRF_SetRxBoosted
                0x08007694       0x38 ./Middlewares/Third_Party/SubGHz_Phy/stm32_radio_driver/radio_driver.o
                0x08007694                SUBGRF_SetRxBoosted
 .text.SUBGRF_SetRxDutyCycle
                0x080076cc       0x38 ./Middlewares/Third_Party/SubGHz_Phy/stm32_radio_driver/radio_driver.o
                0x080076cc                SUBGRF_SetRxDutyCycle
 .text.SUBGRF_SetCad
                0x08007704       0x18 ./Middlewares/Third_Party/SubGHz_Phy/stm32_radio_driver/radio_driver.o
                0x08007704                SUBGRF_SetCad
 .text.SUBGRF_SetTxContinuousWave
                0x0800771c        0xa ./Middlewares/Third_Party/SubGHz_Phy/stm32_radio_driver/radio_driver.o
                0x0800771c                SUBGRF_SetTxContinuousWave
 .text.SUBGRF_SetTxInfinitePreamble
                0x08007726        0xa ./Middlewares/Third_Party/SubGHz_Phy/stm32_radio_driver/radio_driver.o
                0x08007726                SUBGRF_SetTxInfinitePreamble
 .text.SUBGRF_SetStopRxTimerOnPreambleDetect
                0x08007730       0x18 ./Middlewares/Third_Party/SubGHz_Phy/stm32_radio_driver/radio_driver.o
                0x08007730                SUBGRF_SetStopRxTimerOnPreambleDetect
 .text.SUBGRF_SetLoRaSymbNumTimeout
                0x08007748       0x30 ./Middlewares/Third_Party/SubGHz_Phy/stm32_radio_driver/radio_driver.o
                0x08007748                SUBGRF_SetLoRaSymbNumTimeout
 .text.SUBGRF_SetRegulatorMode
                0x08007778       0x22 ./Middlewares/Third_Party/SubGHz_Phy/stm32_radio_driver/radio_driver.o
                0x08007778                SUBGRF_SetRegulatorMode
 .text.SUBGRF_Calibrate
                0x0800779a       0x42 ./Middlewares/Third_Party/SubGHz_Phy/stm32_radio_driver/radio_driver.o
                0x0800779a                SUBGRF_Calibrate
 .text.SUBGRF_CalibrateImage
                0x080077dc       0x6c ./Middlewares/Third_Party/SubGHz_Phy/stm32_radio_driver/radio_driver.o
                0x080077dc                SUBGRF_CalibrateImage
 .text.SUBGRF_SetPaConfig
                0x08007848       0x24 ./Middlewares/Third_Party/SubGHz_Phy/stm32_radio_driver/radio_driver.o
                0x08007848                SUBGRF_SetPaConfig
 .text.SUBGRF_SetDioIrqParams
                0x0800786c       0x2a ./Middlewares/Third_Party/SubGHz_Phy/stm32_radio_driver/radio_driver.o
                0x0800786c                SUBGRF_SetDioIrqParams
 .text.SUBGRF_SetTcxoMode
                0x08007896       0x28 ./Middlewares/Third_Party/SubGHz_Phy/stm32_radio_driver/radio_driver.o
                0x08007896                SUBGRF_SetTcxoMode
 *fill*         0x080078be        0x2 
 .text.SUBGRF_Init
                0x080078c0       0x78 ./Middlewares/Third_Party/SubGHz_Phy/stm32_radio_driver/radio_driver.o
                0x080078c0                SUBGRF_Init
 .text.SUBGRF_SetRfFrequency
                0x08007938       0x3c ./Middlewares/Third_Party/SubGHz_Phy/stm32_radio_driver/radio_driver.o
                0x08007938                SUBGRF_SetRfFrequency
 .text.SUBGRF_SetPacketType
                0x08007974       0x2c ./Middlewares/Third_Party/SubGHz_Phy/stm32_radio_driver/radio_driver.o
                0x08007974                SUBGRF_SetPacketType
 .text.SUBGRF_SetTxParams
                0x080079a0       0xf4 ./Middlewares/Third_Party/SubGHz_Phy/stm32_radio_driver/radio_driver.o
                0x080079a0                SUBGRF_SetTxParams
 .text.SUBGRF_SetModulationParams
                0x08007a94       0xd0 ./Middlewares/Third_Party/SubGHz_Phy/stm32_radio_driver/radio_driver.o
                0x08007a94                SUBGRF_SetModulationParams
 .text.SUBGRF_SetPacketParams
                0x08007b64       0xc0 ./Middlewares/Third_Party/SubGHz_Phy/stm32_radio_driver/radio_driver.o
                0x08007b64                SUBGRF_SetPacketParams
 .text.SUBGRF_SetBufferBaseAddress
                0x08007c24       0x1a ./Middlewares/Third_Party/SubGHz_Phy/stm32_radio_driver/radio_driver.o
                0x08007c24                SUBGRF_SetBufferBaseAddress
 *fill*         0x08007c3e        0x2 
 .text.SUBGRF_ReadCommand
                0x08007c40       0x20 ./Middlewares/Third_Party/SubGHz_Phy/stm32_radio_driver/radio_driver.o
                0x08007c40                SUBGRF_ReadCommand
 .text.SUBGRF_GetRssiInst
                0x08007c60       0x1a ./Middlewares/Third_Party/SubGHz_Phy/stm32_radio_driver/radio_driver.o
                0x08007c60                SUBGRF_GetRssiInst
 *fill*         0x08007c7a        0x2 
 .text.SUBGRF_GetRxBufferStatus
                0x08007c7c       0x44 ./Middlewares/Third_Party/SubGHz_Phy/stm32_radio_driver/radio_driver.o
                0x08007c7c                SUBGRF_GetRxBufferStatus
 .text.SUBGRF_GetPayload
                0x08007cc0       0x2c ./Middlewares/Third_Party/SubGHz_Phy/stm32_radio_driver/radio_driver.o
                0x08007cc0                SUBGRF_GetPayload
 .text.SUBGRF_GetPacketStatus
                0x08007cec       0x78 ./Middlewares/Third_Party/SubGHz_Phy/stm32_radio_driver/radio_driver.o
                0x08007cec                SUBGRF_GetPacketStatus
 .text.SUBGRF_SetSwitch
                0x08007d64       0x28 ./Middlewares/Third_Party/SubGHz_Phy/stm32_radio_driver/radio_driver.o
                0x08007d64                SUBGRF_SetSwitch
 .text.SUBGRF_SetRfTxPower
                0x08007d8c       0x2a ./Middlewares/Third_Party/SubGHz_Phy/stm32_radio_driver/radio_driver.o
                0x08007d8c                SUBGRF_SetRfTxPower
 .text.SUBGRF_GetRadioWakeUpTime
                0x08007db6        0x4 ./Middlewares/Third_Party/SubGHz_Phy/stm32_radio_driver/radio_driver.o
                0x08007db6                SUBGRF_GetRadioWakeUpTime
 *fill*         0x08007dba        0x2 
 .text.HAL_SUBGHZ_TxCpltCallback
                0x08007dbc        0xc ./Middlewares/Third_Party/SubGHz_Phy/stm32_radio_driver/radio_driver.o
                0x08007dbc                HAL_SUBGHZ_TxCpltCallback
 .text.HAL_SUBGHZ_RxCpltCallback
                0x08007dc8        0xc ./Middlewares/Third_Party/SubGHz_Phy/stm32_radio_driver/radio_driver.o
                0x08007dc8                HAL_SUBGHZ_RxCpltCallback
 .text.HAL_SUBGHZ_CRCErrorCallback
                0x08007dd4        0xc ./Middlewares/Third_Party/SubGHz_Phy/stm32_radio_driver/radio_driver.o
                0x08007dd4                HAL_SUBGHZ_CRCErrorCallback
 .text.HAL_SUBGHZ_CADStatusCallback
                0x08007de0       0x20 ./Middlewares/Third_Party/SubGHz_Phy/stm32_radio_driver/radio_driver.o
                0x08007de0                HAL_SUBGHZ_CADStatusCallback
 .text.HAL_SUBGHZ_RxTxTimeoutCallback
                0x08007e00       0x10 ./Middlewares/Third_Party/SubGHz_Phy/stm32_radio_driver/radio_driver.o
                0x08007e00                HAL_SUBGHZ_RxTxTimeoutCallback
 .text.HAL_SUBGHZ_HeaderErrorCallback
                0x08007e10        0xc ./Middlewares/Third_Party/SubGHz_Phy/stm32_radio_driver/radio_driver.o
                0x08007e10                HAL_SUBGHZ_HeaderErrorCallback
 .text.HAL_SUBGHZ_PreambleDetectedCallback
                0x08007e1c        0xc ./Middlewares/Third_Party/SubGHz_Phy/stm32_radio_driver/radio_driver.o
                0x08007e1c                HAL_SUBGHZ_PreambleDetectedCallback
 .text.HAL_SUBGHZ_SyncWordValidCallback
                0x08007e28        0xc ./Middlewares/Third_Party/SubGHz_Phy/stm32_radio_driver/radio_driver.o
                0x08007e28                HAL_SUBGHZ_SyncWordValidCallback
 .text.HAL_SUBGHZ_HeaderValidCallback
                0x08007e34        0xc ./Middlewares/Third_Party/SubGHz_Phy/stm32_radio_driver/radio_driver.o
                0x08007e34                HAL_SUBGHZ_HeaderValidCallback
 .text.HAL_SUBGHZ_LrFhssHopCallback
                0x08007e40       0x10 ./Middlewares/Third_Party/SubGHz_Phy/stm32_radio_driver/radio_driver.o
                0x08007e40                HAL_SUBGHZ_LrFhssHopCallback
 .text.SUBGRF_GetFskBandwidthRegValue
                0x08007e50       0x28 ./Middlewares/Third_Party/SubGHz_Phy/stm32_radio_driver/radio_driver.o
                0x08007e50                SUBGRF_GetFskBandwidthRegValue
 .text.SUBGRF_GetCFO
                0x08007e78       0x80 ./Middlewares/Third_Party/SubGHz_Phy/stm32_radio_driver/radio_driver.o
                0x08007e78                SUBGRF_GetCFO
 .text.RFW_TransmitLongPacket
                0x08007ef8        0x6 ./Middlewares/Third_Party/SubGHz_Phy/stm32_radio_driver/radio_fw.o
                0x08007ef8                RFW_TransmitLongPacket
 .text.RFW_ReceiveLongPacket
                0x08007efe        0x6 ./Middlewares/Third_Party/SubGHz_Phy/stm32_radio_driver/radio_fw.o
                0x08007efe                RFW_ReceiveLongPacket
 .text.RFW_Init
                0x08007f04        0x6 ./Middlewares/Third_Party/SubGHz_Phy/stm32_radio_driver/radio_fw.o
                0x08007f04                RFW_Init
 .text.RFW_DeInit
                0x08007f0a        0x2 ./Middlewares/Third_Party/SubGHz_Phy/stm32_radio_driver/radio_fw.o
                0x08007f0a                RFW_DeInit
 .text.RFW_Is_Init
                0x08007f0c        0x4 ./Middlewares/Third_Party/SubGHz_Phy/stm32_radio_driver/radio_fw.o
                0x08007f0c                RFW_Is_Init
 .text.RFW_Is_LongPacketModeEnabled
                0x08007f10        0x4 ./Middlewares/Third_Party/SubGHz_Phy/stm32_radio_driver/radio_fw.o
                0x08007f10                RFW_Is_LongPacketModeEnabled
 .text.RFW_SetAntSwitch
                0x08007f14        0x2 ./Middlewares/Third_Party/SubGHz_Phy/stm32_radio_driver/radio_fw.o
                0x08007f14                RFW_SetAntSwitch
 .text.RFW_TransmitInit
                0x08007f16        0x6 ./Middlewares/Third_Party/SubGHz_Phy/stm32_radio_driver/radio_fw.o
                0x08007f16                RFW_TransmitInit
 .text.RFW_ReceiveInit
                0x08007f1c        0x6 ./Middlewares/Third_Party/SubGHz_Phy/stm32_radio_driver/radio_fw.o
                0x08007f1c                RFW_ReceiveInit
 .text.RFW_DeInit_TxLongPacket
                0x08007f22        0x2 ./Middlewares/Third_Party/SubGHz_Phy/stm32_radio_driver/radio_fw.o
                0x08007f22                RFW_DeInit_TxLongPacket
 .text.RFW_ReceivePayload
                0x08007f24        0x2 ./Middlewares/Third_Party/SubGHz_Phy/stm32_radio_driver/radio_fw.o
                0x08007f24                RFW_ReceivePayload
 .text.RFW_SetRadioModem
                0x08007f26        0x2 ./Middlewares/Third_Party/SubGHz_Phy/stm32_radio_driver/radio_fw.o
                0x08007f26                RFW_SetRadioModem
 .text.MX_SubGHz_Phy_Init
                0x08007f28        0xe ./SubGHz_Phy/App/app_subghz_phy.o
                0x08007f28                MX_SubGHz_Phy_Init
 .text.OnTxDone
                0x08007f36        0x2 ./SubGHz_Phy/App/subghz_phy_app.o
 .text.OnRxDone
                0x08007f38        0x2 ./SubGHz_Phy/App/subghz_phy_app.o
 .text.OnRxError
                0x08007f3a        0x2 ./SubGHz_Phy/App/subghz_phy_app.o
 .text.OnTxTimeout
                0x08007f3c        0x2 ./SubGHz_Phy/App/subghz_phy_app.o
 .text.OnRxTimeout
                0x08007f3e        0x2 ./SubGHz_Phy/App/subghz_phy_app.o
 .text.SubghzApp_Init
                0x08007f40       0x38 ./SubGHz_Phy/App/subghz_phy_app.o
                0x08007f40                SubghzApp_Init
 .text.RBI_Init
                0x08007f78        0x4 ./SubGHz_Phy/Target/radio_board_if.o
                0x08007f78                RBI_Init
 .text.RBI_ConfigRFSwitch
                0x08007f7c        0x4 ./SubGHz_Phy/Target/radio_board_if.o
                0x08007f7c                RBI_ConfigRFSwitch
 .text.RBI_GetTxConfig
                0x08007f80        0x4 ./SubGHz_Phy/Target/radio_board_if.o
                0x08007f80                RBI_GetTxConfig
 .text.RBI_IsTCXO
                0x08007f84        0x4 ./SubGHz_Phy/Target/radio_board_if.o
                0x08007f84                RBI_IsTCXO
 .text.RBI_IsDCDC
                0x08007f88        0x4 ./SubGHz_Phy/Target/radio_board_if.o
                0x08007f88                RBI_IsDCDC
 .text.RBI_GetRFOMaxPowerConfig
                0x08007f8c        0x4 ./SubGHz_Phy/Target/radio_board_if.o
                0x08007f8c                RBI_GetRFOMaxPowerConfig
 .text.UTIL_LPM_Init
                0x08007f90       0x14 ./Utilities/lpm/tiny_lpm/stm32_lpm.o
                0x08007f90                UTIL_LPM_Init
 .text.UTIL_LPM_SetStopMode
                0x08007fa4       0x2c ./Utilities/lpm/tiny_lpm/stm32_lpm.o
                0x08007fa4                UTIL_LPM_SetStopMode
 .text.UTIL_LPM_SetOffMode
                0x08007fd0       0x2c ./Utilities/lpm/tiny_lpm/stm32_lpm.o
                0x08007fd0                UTIL_LPM_SetOffMode
 .text.UTIL_MEM_cpy_8
                0x08007ffc       0x14 ./Utilities/misc/stm32_mem.o
                0x08007ffc                UTIL_MEM_cpy_8
 .text.UTIL_MEM_set_8
                0x08008010        0xe ./Utilities/misc/stm32_mem.o
                0x08008010                UTIL_MEM_set_8
 *fill*         0x0800801e        0x2 
 .text.SysTimeGet
                0x08008020       0x4c ./Utilities/misc/stm32_systime.o
                0x08008020                SysTimeGet
 .text.tiny_vsnprintf_like
                0x0800806c      0x248 ./Utilities/misc/stm32_tiny_vsnprintf.o
                0x0800806c                tiny_vsnprintf_like
 .text.UTIL_TIMER_Init
                0x080082b4       0x14 ./Utilities/timer/stm32_timer.o
                0x080082b4                UTIL_TIMER_Init
 .text.UTIL_TIMER_Create
                0x080082c8       0x34 ./Utilities/timer/stm32_timer.o
                0x080082c8                UTIL_TIMER_Create
 .text.UTIL_TIMER_GetCurrentTime
                0x080082fc       0x14 ./Utilities/timer/stm32_timer.o
                0x080082fc                UTIL_TIMER_GetCurrentTime
 .text.UTIL_TIMER_GetElapsedTime
                0x08008310       0x20 ./Utilities/timer/stm32_timer.o
                0x08008310                UTIL_TIMER_GetElapsedTime
 .text.TimerExists
                0x08008330       0x1c ./Utilities/timer/stm32_timer.o
                0x08008330                TimerExists
 .text.TimerSetTimeout
                0x0800834c       0x38 ./Utilities/timer/stm32_timer.o
                0x0800834c                TimerSetTimeout
 .text.UTIL_TIMER_Stop
                0x08008384       0x5c ./Utilities/timer/stm32_timer.o
                0x08008384                UTIL_TIMER_Stop
 .text.TimerInsertTimer
                0x080083e0       0x28 ./Utilities/timer/stm32_timer.o
                0x080083e0                TimerInsertTimer
 .text.TimerInsertNewHeadTimer
                0x08008408       0x18 ./Utilities/timer/stm32_timer.o
                0x08008408                TimerInsertNewHeadTimer
 .text.UTIL_TIMER_Start
                0x08008420       0x74 ./Utilities/timer/stm32_timer.o
                0x08008420                UTIL_TIMER_Start
 .text.UTIL_TIMER_SetPeriod
                0x08008494       0x30 ./Utilities/timer/stm32_timer.o
                0x08008494                UTIL_TIMER_SetPeriod
 .text.UTIL_TIMER_IRQ_Handler
                0x080084c4       0x88 ./Utilities/timer/stm32_timer.o
                0x080084c4                UTIL_TIMER_IRQ_Handler
 .text.TRACE_AllocateBufer
                0x0800854c       0x60 ./Utilities/trace/adv_trace/stm32_adv_trace.o
 .text.TRACE_Lock
                0x080085ac       0x18 ./Utilities/trace/adv_trace/stm32_adv_trace.o
 .text.TRACE_UnLock
                0x080085c4       0x18 ./Utilities/trace/adv_trace/stm32_adv_trace.o
 .text.UTIL_ADV_TRACE_Init
                0x080085dc       0x34 ./Utilities/trace/adv_trace/stm32_adv_trace.o
                0x080085dc                UTIL_ADV_TRACE_Init
 .text.UTIL_ADV_TRACE_RegisterTimeStampFunction
                0x08008610        0xc ./Utilities/trace/adv_trace/stm32_adv_trace.o
                0x08008610                UTIL_ADV_TRACE_RegisterTimeStampFunction
 .text.UTIL_ADV_TRACE_SetVerboseLevel
                0x0800861c        0xc ./Utilities/trace/adv_trace/stm32_adv_trace.o
                0x0800861c                UTIL_ADV_TRACE_SetVerboseLevel
 .text.TRACE_Send
                0x08008628       0x88 ./Utilities/trace/adv_trace/stm32_adv_trace.o
 .text.UTIL_ADV_TRACE_COND_FSend
                0x080086b0       0xc8 ./Utilities/trace/adv_trace/stm32_adv_trace.o
                0x080086b0                UTIL_ADV_TRACE_COND_FSend
 .text.TRACE_TxCpltCallback
                0x08008778       0x98 ./Utilities/trace/adv_trace/stm32_adv_trace.o
 .text.atol     0x08008810        0x8 C:/ST/STM32CubeIDE_1.19.0/STM32CubeIDE/plugins/com.st.stm32cube.ide.mcu.externaltools.gnu-tools-for-stm32.13.3.rel1.win32_1.0.0.202411081344/tools/bin/../lib/gcc/arm-none-eabi/13.3.1/../../../../arm-none-eabi/lib/thumb/v7e-m/nofp\libc_nano.a(libc_a-atol.o)
                0x08008810                atol
 .text._strtol_l.isra.0
                0x08008818       0xf4 C:/ST/STM32CubeIDE_1.19.0/STM32CubeIDE/plugins/com.st.stm32cube.ide.mcu.externaltools.gnu-tools-for-stm32.13.3.rel1.win32_1.0.0.202411081344/tools/bin/../lib/gcc/arm-none-eabi/13.3.1/../../../../arm-none-eabi/lib/thumb/v7e-m/nofp\libc_nano.a(libc_a-strtol.o)
 .text._strtol_r
                0x0800890c        0x4 C:/ST/STM32CubeIDE_1.19.0/STM32CubeIDE/plugins/com.st.stm32cube.ide.mcu.externaltools.gnu-tools-for-stm32.13.3.rel1.win32_1.0.0.202411081344/tools/bin/../lib/gcc/arm-none-eabi/13.3.1/../../../../arm-none-eabi/lib/thumb/v7e-m/nofp\libc_nano.a(libc_a-strtol.o)
                0x0800890c                _strtol_r
 .text.strtol   0x08008910       0x14 C:/ST/STM32CubeIDE_1.19.0/STM32CubeIDE/plugins/com.st.stm32cube.ide.mcu.externaltools.gnu-tools-for-stm32.13.3.rel1.win32_1.0.0.202411081344/tools/bin/../lib/gcc/arm-none-eabi/13.3.1/../../../../arm-none-eabi/lib/thumb/v7e-m/nofp\libc_nano.a(libc_a-strtol.o)
                0x08008910                strtol
 .text.__cvt    0x08008924       0xc8 C:/ST/STM32CubeIDE_1.19.0/STM32CubeIDE/plugins/com.st.stm32cube.ide.mcu.externaltools.gnu-tools-for-stm32.13.3.rel1.win32_1.0.0.202411081344/tools/bin/../lib/gcc/arm-none-eabi/13.3.1/../../../../arm-none-eabi/lib/thumb/v7e-m/nofp\libc_nano.a(libc_a-nano-vfprintf_float.o)
                0x08008924                __cvt
 .text.__exponent
                0x080089ec       0x74 C:/ST/STM32CubeIDE_1.19.0/STM32CubeIDE/plugins/com.st.stm32cube.ide.mcu.externaltools.gnu-tools-for-stm32.13.3.rel1.win32_1.0.0.202411081344/tools/bin/../lib/gcc/arm-none-eabi/13.3.1/../../../../arm-none-eabi/lib/thumb/v7e-m/nofp\libc_nano.a(libc_a-nano-vfprintf_float.o)
                0x080089ec                __exponent
 .text._printf_float
                0x08008a60      0x458 C:/ST/STM32CubeIDE_1.19.0/STM32CubeIDE/plugins/com.st.stm32cube.ide.mcu.externaltools.gnu-tools-for-stm32.13.3.rel1.win32_1.0.0.202411081344/tools/bin/../lib/gcc/arm-none-eabi/13.3.1/../../../../arm-none-eabi/lib/thumb/v7e-m/nofp\libc_nano.a(libc_a-nano-vfprintf_float.o)
                0x08008a60                _printf_float
 .text._printf_common
                0x08008eb8       0xda C:/ST/STM32CubeIDE_1.19.0/STM32CubeIDE/plugins/com.st.stm32cube.ide.mcu.externaltools.gnu-tools-for-stm32.13.3.rel1.win32_1.0.0.202411081344/tools/bin/../lib/gcc/arm-none-eabi/13.3.1/../../../../arm-none-eabi/lib/thumb/v7e-m/nofp\libc_nano.a(libc_a-nano-vfprintf_i.o)
                0x08008eb8                _printf_common
 *fill*         0x08008f92        0x2 
 .text._printf_i
                0x08008f94      0x23c C:/ST/STM32CubeIDE_1.19.0/STM32CubeIDE/plugins/com.st.stm32cube.ide.mcu.externaltools.gnu-tools-for-stm32.13.3.rel1.win32_1.0.0.202411081344/tools/bin/../lib/gcc/arm-none-eabi/13.3.1/../../../../arm-none-eabi/lib/thumb/v7e-m/nofp\libc_nano.a(libc_a-nano-vfprintf_i.o)
                0x08008f94                _printf_i
 .text._scanf_float
                0x080091d0      0x410 C:/ST/STM32CubeIDE_1.19.0/STM32CubeIDE/plugins/com.st.stm32cube.ide.mcu.externaltools.gnu-tools-for-stm32.13.3.rel1.win32_1.0.0.202411081344/tools/bin/../lib/gcc/arm-none-eabi/13.3.1/../../../../arm-none-eabi/lib/thumb/v7e-m/nofp\libc_nano.a(libc_a-nano-vfscanf_float.o)
                0x080091d0                _scanf_float
 .text.std      0x080095e0       0x6c C:/ST/STM32CubeIDE_1.19.0/STM32CubeIDE/plugins/com.st.stm32cube.ide.mcu.externaltools.gnu-tools-for-stm32.13.3.rel1.win32_1.0.0.202411081344/tools/bin/../lib/gcc/arm-none-eabi/13.3.1/../../../../arm-none-eabi/lib/thumb/v7e-m/nofp\libc_nano.a(libc_a-findfp.o)
 .text.stdio_exit_handler
                0x0800964c       0x18 C:/ST/STM32CubeIDE_1.19.0/STM32CubeIDE/plugins/com.st.stm32cube.ide.mcu.externaltools.gnu-tools-for-stm32.13.3.rel1.win32_1.0.0.202411081344/tools/bin/../lib/gcc/arm-none-eabi/13.3.1/../../../../arm-none-eabi/lib/thumb/v7e-m/nofp\libc_nano.a(libc_a-findfp.o)
 .text.cleanup_stdio
                0x08009664       0x40 C:/ST/STM32CubeIDE_1.19.0/STM32CubeIDE/plugins/com.st.stm32cube.ide.mcu.externaltools.gnu-tools-for-stm32.13.3.rel1.win32_1.0.0.202411081344/tools/bin/../lib/gcc/arm-none-eabi/13.3.1/../../../../arm-none-eabi/lib/thumb/v7e-m/nofp\libc_nano.a(libc_a-findfp.o)
 .text.global_stdio_init.part.0
                0x080096a4       0x3c C:/ST/STM32CubeIDE_1.19.0/STM32CubeIDE/plugins/com.st.stm32cube.ide.mcu.externaltools.gnu-tools-for-stm32.13.3.rel1.win32_1.0.0.202411081344/tools/bin/../lib/gcc/arm-none-eabi/13.3.1/../../../../arm-none-eabi/lib/thumb/v7e-m/nofp\libc_nano.a(libc_a-findfp.o)
 .text.__sfp_lock_acquire
                0x080096e0        0xc C:/ST/STM32CubeIDE_1.19.0/STM32CubeIDE/plugins/com.st.stm32cube.ide.mcu.externaltools.gnu-tools-for-stm32.13.3.rel1.win32_1.0.0.202411081344/tools/bin/../lib/gcc/arm-none-eabi/13.3.1/../../../../arm-none-eabi/lib/thumb/v7e-m/nofp\libc_nano.a(libc_a-findfp.o)
                0x080096e0                __sfp_lock_acquire
 .text.__sfp_lock_release
                0x080096ec        0xc C:/ST/STM32CubeIDE_1.19.0/STM32CubeIDE/plugins/com.st.stm32cube.ide.mcu.externaltools.gnu-tools-for-stm32.13.3.rel1.win32_1.0.0.202411081344/tools/bin/../lib/gcc/arm-none-eabi/13.3.1/../../../../arm-none-eabi/lib/thumb/v7e-m/nofp\libc_nano.a(libc_a-findfp.o)
                0x080096ec                __sfp_lock_release
 .text.__sinit  0x080096f8       0x30 C:/ST/STM32CubeIDE_1.19.0/STM32CubeIDE/plugins/com.st.stm32cube.ide.mcu.externaltools.gnu-tools-for-stm32.13.3.rel1.win32_1.0.0.202411081344/tools/bin/../lib/gcc/arm-none-eabi/13.3.1/../../../../arm-none-eabi/lib/thumb/v7e-m/nofp\libc_nano.a(libc_a-findfp.o)
                0x080096f8                __sinit
 .text._fwalk_sglue
                0x08009728       0x3c C:/ST/STM32CubeIDE_1.19.0/STM32CubeIDE/plugins/com.st.stm32cube.ide.mcu.externaltools.gnu-tools-for-stm32.13.3.rel1.win32_1.0.0.202411081344/tools/bin/../lib/gcc/arm-none-eabi/13.3.1/../../../../arm-none-eabi/lib/thumb/v7e-m/nofp\libc_nano.a(libc_a-fwalk.o)
                0x08009728                _fwalk_sglue
 .text.snprintf
                0x08009764       0x6c C:/ST/STM32CubeIDE_1.19.0/STM32CubeIDE/plugins/com.st.stm32cube.ide.mcu.externaltools.gnu-tools-for-stm32.13.3.rel1.win32_1.0.0.202411081344/tools/bin/../lib/gcc/arm-none-eabi/13.3.1/../../../../arm-none-eabi/lib/thumb/v7e-m/nofp\libc_nano.a(libc_a-snprintf.o)
                0x08009764                sniprintf
                0x08009764                snprintf
 .text.sprintf  0x080097d0       0x44 C:/ST/STM32CubeIDE_1.19.0/STM32CubeIDE/plugins/com.st.stm32cube.ide.mcu.externaltools.gnu-tools-for-stm32.13.3.rel1.win32_1.0.0.202411081344/tools/bin/../lib/gcc/arm-none-eabi/13.3.1/../../../../arm-none-eabi/lib/thumb/v7e-m/nofp\libc_nano.a(libc_a-sprintf.o)
                0x080097d0                siprintf
                0x080097d0                sprintf
 .text.sscanf   0x08009814       0x58 C:/ST/STM32CubeIDE_1.19.0/STM32CubeIDE/plugins/com.st.stm32cube.ide.mcu.externaltools.gnu-tools-for-stm32.13.3.rel1.win32_1.0.0.202411081344/tools/bin/../lib/gcc/arm-none-eabi/13.3.1/../../../../arm-none-eabi/lib/thumb/v7e-m/nofp\libc_nano.a(libc_a-sscanf.o)
                0x08009814                siscanf
                0x08009814                sscanf
 .text.__sread  0x0800986c       0x22 C:/ST/STM32CubeIDE_1.19.0/STM32CubeIDE/plugins/com.st.stm32cube.ide.mcu.externaltools.gnu-tools-for-stm32.13.3.rel1.win32_1.0.0.202411081344/tools/bin/../lib/gcc/arm-none-eabi/13.3.1/../../../../arm-none-eabi/lib/thumb/v7e-m/nofp\libc_nano.a(libc_a-stdio.o)
                0x0800986c                __sread
 .text.__seofread
                0x0800988e        0x4 C:/ST/STM32CubeIDE_1.19.0/STM32CubeIDE/plugins/com.st.stm32cube.ide.mcu.externaltools.gnu-tools-for-stm32.13.3.rel1.win32_1.0.0.202411081344/tools/bin/../lib/gcc/arm-none-eabi/13.3.1/../../../../arm-none-eabi/lib/thumb/v7e-m/nofp\libc_nano.a(libc_a-stdio.o)
                0x0800988e                __seofread
 .text.__swrite
                0x08009892       0x38 C:/ST/STM32CubeIDE_1.19.0/STM32CubeIDE/plugins/com.st.stm32cube.ide.mcu.externaltools.gnu-tools-for-stm32.13.3.rel1.win32_1.0.0.202411081344/tools/bin/../lib/gcc/arm-none-eabi/13.3.1/../../../../arm-none-eabi/lib/thumb/v7e-m/nofp\libc_nano.a(libc_a-stdio.o)
                0x08009892                __swrite
 .text.__sseek  0x080098ca       0x24 C:/ST/STM32CubeIDE_1.19.0/STM32CubeIDE/plugins/com.st.stm32cube.ide.mcu.externaltools.gnu-tools-for-stm32.13.3.rel1.win32_1.0.0.202411081344/tools/bin/../lib/gcc/arm-none-eabi/13.3.1/../../../../arm-none-eabi/lib/thumb/v7e-m/nofp\libc_nano.a(libc_a-stdio.o)
                0x080098ca                __sseek
 .text.__sclose
                0x080098ee        0x8 C:/ST/STM32CubeIDE_1.19.0/STM32CubeIDE/plugins/com.st.stm32cube.ide.mcu.externaltools.gnu-tools-for-stm32.13.3.rel1.win32_1.0.0.202411081344/tools/bin/../lib/gcc/arm-none-eabi/13.3.1/../../../../arm-none-eabi/lib/thumb/v7e-m/nofp\libc_nano.a(libc_a-stdio.o)
                0x080098ee                __sclose
 .text.memset   0x080098f6       0x10 C:/ST/STM32CubeIDE_1.19.0/STM32CubeIDE/plugins/com.st.stm32cube.ide.mcu.externaltools.gnu-tools-for-stm32.13.3.rel1.win32_1.0.0.202411081344/tools/bin/../lib/gcc/arm-none-eabi/13.3.1/../../../../arm-none-eabi/lib/thumb/v7e-m/nofp\libc_nano.a(libc_a-memset.o)
                0x080098f6                memset
 *fill*         0x08009906        0x2 
 .text._localeconv_r
                0x08009908        0x8 C:/ST/STM32CubeIDE_1.19.0/STM32CubeIDE/plugins/com.st.stm32cube.ide.mcu.externaltools.gnu-tools-for-stm32.13.3.rel1.win32_1.0.0.202411081344/tools/bin/../lib/gcc/arm-none-eabi/13.3.1/../../../../arm-none-eabi/lib/thumb/v7e-m/nofp\libc_nano.a(libc_a-localeconv.o)
                0x08009908                _localeconv_r
 .text._close_r
                0x08009910       0x20 C:/ST/STM32CubeIDE_1.19.0/STM32CubeIDE/plugins/com.st.stm32cube.ide.mcu.externaltools.gnu-tools-for-stm32.13.3.rel1.win32_1.0.0.202411081344/tools/bin/../lib/gcc/arm-none-eabi/13.3.1/../../../../arm-none-eabi/lib/thumb/v7e-m/nofp\libc_nano.a(libc_a-closer.o)
                0x08009910                _close_r
 .text._lseek_r
                0x08009930       0x24 C:/ST/STM32CubeIDE_1.19.0/STM32CubeIDE/plugins/com.st.stm32cube.ide.mcu.externaltools.gnu-tools-for-stm32.13.3.rel1.win32_1.0.0.202411081344/tools/bin/../lib/gcc/arm-none-eabi/13.3.1/../../../../arm-none-eabi/lib/thumb/v7e-m/nofp\libc_nano.a(libc_a-lseekr.o)
                0x08009930                _lseek_r
 .text._read_r  0x08009954       0x24 C:/ST/STM32CubeIDE_1.19.0/STM32CubeIDE/plugins/com.st.stm32cube.ide.mcu.externaltools.gnu-tools-for-stm32.13.3.rel1.win32_1.0.0.202411081344/tools/bin/../lib/gcc/arm-none-eabi/13.3.1/../../../../arm-none-eabi/lib/thumb/v7e-m/nofp\libc_nano.a(libc_a-readr.o)
                0x08009954                _read_r
 .text._write_r
                0x08009978       0x24 C:/ST/STM32CubeIDE_1.19.0/STM32CubeIDE/plugins/com.st.stm32cube.ide.mcu.externaltools.gnu-tools-for-stm32.13.3.rel1.win32_1.0.0.202411081344/tools/bin/../lib/gcc/arm-none-eabi/13.3.1/../../../../arm-none-eabi/lib/thumb/v7e-m/nofp\libc_nano.a(libc_a-writer.o)
                0x08009978                _write_r
 .text.__errno  0x0800999c        0xc C:/ST/STM32CubeIDE_1.19.0/STM32CubeIDE/plugins/com.st.stm32cube.ide.mcu.externaltools.gnu-tools-for-stm32.13.3.rel1.win32_1.0.0.202411081344/tools/bin/../lib/gcc/arm-none-eabi/13.3.1/../../../../arm-none-eabi/lib/thumb/v7e-m/nofp\libc_nano.a(libc_a-errno.o)
                0x0800999c                __errno
 .text.__libc_init_array
                0x080099a8       0x48 C:/ST/STM32CubeIDE_1.19.0/STM32CubeIDE/plugins/com.st.stm32cube.ide.mcu.externaltools.gnu-tools-for-stm32.13.3.rel1.win32_1.0.0.202411081344/tools/bin/../lib/gcc/arm-none-eabi/13.3.1/../../../../arm-none-eabi/lib/thumb/v7e-m/nofp\libc_nano.a(libc_a-init.o)
                0x080099a8                __libc_init_array
 .text.__retarget_lock_init_recursive
                0x080099f0        0x2 C:/ST/STM32CubeIDE_1.19.0/STM32CubeIDE/plugins/com.st.stm32cube.ide.mcu.externaltools.gnu-tools-for-stm32.13.3.rel1.win32_1.0.0.202411081344/tools/bin/../lib/gcc/arm-none-eabi/13.3.1/../../../../arm-none-eabi/lib/thumb/v7e-m/nofp\libc_nano.a(libc_a-lock.o)
                0x080099f0                __retarget_lock_init_recursive
 .text.__retarget_lock_acquire_recursive
                0x080099f2        0x2 C:/ST/STM32CubeIDE_1.19.0/STM32CubeIDE/plugins/com.st.stm32cube.ide.mcu.externaltools.gnu-tools-for-stm32.13.3.rel1.win32_1.0.0.202411081344/tools/bin/../lib/gcc/arm-none-eabi/13.3.1/../../../../arm-none-eabi/lib/thumb/v7e-m/nofp\libc_nano.a(libc_a-lock.o)
                0x080099f2                __retarget_lock_acquire_recursive
 .text.__retarget_lock_release_recursive
                0x080099f4        0x2 C:/ST/STM32CubeIDE_1.19.0/STM32CubeIDE/plugins/com.st.stm32cube.ide.mcu.externaltools.gnu-tools-for-stm32.13.3.rel1.win32_1.0.0.202411081344/tools/bin/../lib/gcc/arm-none-eabi/13.3.1/../../../../arm-none-eabi/lib/thumb/v7e-m/nofp\libc_nano.a(libc_a-lock.o)
                0x080099f4                __retarget_lock_release_recursive
 .text.memcpy   0x080099f6       0x1c C:/ST/STM32CubeIDE_1.19.0/STM32CubeIDE/plugins/com.st.stm32cube.ide.mcu.externaltools.gnu-tools-for-stm32.13.3.rel1.win32_1.0.0.202411081344/tools/bin/../lib/gcc/arm-none-eabi/13.3.1/../../../../arm-none-eabi/lib/thumb/v7e-m/nofp\libc_nano.a(libc_a-memcpy-stub.o)
                0x080099f6                memcpy
 *fill*         0x08009a12        0x2 
 .text.nanf     0x08009a14        0x8 C:/ST/STM32CubeIDE_1.19.0/STM32CubeIDE/plugins/com.st.stm32cube.ide.mcu.externaltools.gnu-tools-for-stm32.13.3.rel1.win32_1.0.0.202411081344/tools/bin/../lib/gcc/arm-none-eabi/13.3.1/../../../../arm-none-eabi/lib/thumb/v7e-m/nofp\libc_nano.a(libm_a-sf_nan.o)
                0x08009a14                nanf
 .text.quorem   0x08009a1c      0x110 C:/ST/STM32CubeIDE_1.19.0/STM32CubeIDE/plugins/com.st.stm32cube.ide.mcu.externaltools.gnu-tools-for-stm32.13.3.rel1.win32_1.0.0.202411081344/tools/bin/../lib/gcc/arm-none-eabi/13.3.1/../../../../arm-none-eabi/lib/thumb/v7e-m/nofp\libc_nano.a(libc_a-dtoa.o)
 *fill*         0x08009b2c        0x4 
 .text._dtoa_r  0x08009b30      0xba0 C:/ST/STM32CubeIDE_1.19.0/STM32CubeIDE/plugins/com.st.stm32cube.ide.mcu.externaltools.gnu-tools-for-stm32.13.3.rel1.win32_1.0.0.202411081344/tools/bin/../lib/gcc/arm-none-eabi/13.3.1/../../../../arm-none-eabi/lib/thumb/v7e-m/nofp\libc_nano.a(libc_a-dtoa.o)
                0x08009b30                _dtoa_r
 .text._free_r  0x0800a6d0       0x94 C:/ST/STM32CubeIDE_1.19.0/STM32CubeIDE/plugins/com.st.stm32cube.ide.mcu.externaltools.gnu-tools-for-stm32.13.3.rel1.win32_1.0.0.202411081344/tools/bin/../lib/gcc/arm-none-eabi/13.3.1/../../../../arm-none-eabi/lib/thumb/v7e-m/nofp\libc_nano.a(libc_a-freer.o)
                0x0800a6d0                _free_r
 .text.malloc   0x0800a764       0x10 C:/ST/STM32CubeIDE_1.19.0/STM32CubeIDE/plugins/com.st.stm32cube.ide.mcu.externaltools.gnu-tools-for-stm32.13.3.rel1.win32_1.0.0.202411081344/tools/bin/../lib/gcc/arm-none-eabi/13.3.1/../../../../arm-none-eabi/lib/thumb/v7e-m/nofp\libc_nano.a(libc_a-malloc.o)
                0x0800a764                malloc
 .text.sbrk_aligned