12:34:58 **** Clean-only build of configuration Debug for project Load_Balancer_chSide ****
make -j8 clean 
rm -rf ./Utilities/trace/adv_trace/stm32_adv_trace.cyclo ./Utilities/trace/adv_trace/stm32_adv_trace.d ./Utilities/trace/adv_trace/stm32_adv_trace.o ./Utilities/trace/adv_trace/stm32_adv_trace.su
rm -rf ./Utilities/timer/stm32_timer.cyclo ./Utilities/timer/stm32_timer.d ./Utilities/timer/stm32_timer.o ./Utilities/timer/stm32_timer.su
rm -rf ./Utilities/sequencer/stm32_seq.cyclo ./Utilities/sequencer/stm32_seq.d ./Utilities/sequencer/stm32_seq.o ./Utilities/sequencer/stm32_seq.su
rm -rf ./Utilities/misc/stm32_mem.cyclo ./Utilities/misc/stm32_mem.d ./Utilities/misc/stm32_mem.o ./Utilities/misc/stm32_mem.su ./Utilities/misc/stm32_systime.cyclo ./Utilities/misc/stm32_systime.d ./Utilities/misc/stm32_systime.o ./Utilities/misc/stm32_systime.su ./Utilities/misc/stm32_tiny_sscanf.cyclo ./Utilities/misc/stm32_tiny_sscanf.d ./Utilities/misc/stm32_tiny_sscanf.o ./Utilities/misc/stm32_tiny_sscanf.su ./Utilities/misc/stm32_tiny_vsnprintf.cyclo ./Utilities/misc/stm32_tiny_vsnprintf.d ./Utilities/misc/stm32_tiny_vsnprintf.o ./Utilities/misc/stm32_tiny_vsnprintf.su
rm -rf ./Utilities/lpm/tiny_lpm/stm32_lpm.cyclo ./Utilities/lpm/tiny_lpm/stm32_lpm.d ./Utilities/lpm/tiny_lpm/stm32_lpm.o ./Utilities/lpm/tiny_lpm/stm32_lpm.su
rm -rf ./SubGHz_Phy/Target/radio_board_if.cyclo ./SubGHz_Phy/Target/radio_board_if.d ./SubGHz_Phy/Target/radio_board_if.o ./SubGHz_Phy/Target/radio_board_if.su
rm -rf ./SubGHz_Phy/App/app_subghz_phy.cyclo ./SubGHz_Phy/App/app_subghz_phy.d ./SubGHz_Phy/App/app_subghz_phy.o ./SubGHz_Phy/App/app_subghz_phy.su ./SubGHz_Phy/App/subghz_phy_app.cyclo ./SubGHz_Phy/App/subghz_phy_app.d ./SubGHz_Phy/App/subghz_phy_app.o ./SubGHz_Phy/App/subghz_phy_app.su
rm -rf ./Middlewares/Third_Party/SubGHz_Phy/stm32_radio_driver/lr_fhss_mac.cyclo ./Middlewares/Third_Party/SubGHz_Phy/stm32_radio_driver/lr_fhss_mac.d ./Middlewares/Third_Party/SubGHz_Phy/stm32_radio_driver/lr_fhss_mac.o ./Middlewares/Third_Party/SubGHz_Phy/stm32_radio_driver/lr_fhss_mac.su ./Middlewares/Third_Party/SubGHz_Phy/stm32_radio_driver/radio.cyclo ./Middlewares/Third_Party/SubGHz_Phy/stm32_radio_driver/radio.d ./Middlewares/Third_Party/SubGHz_Phy/stm32_radio_driver/radio.o ./Middlewares/Third_Party/SubGHz_Phy/stm32_radio_driver/radio.su ./Middlewares/Third_Party/SubGHz_Phy/stm32_radio_driver/radio_driver.cyclo ./Middlewares/Third_Party/SubGHz_Phy/stm32_radio_driver/radio_driver.d ./Middlewares/Third_Party/SubGHz_Phy/stm32_radio_driver/radio_driver.o ./Middlewares/Third_Party/SubGHz_Phy/stm32_radio_driver/radio_driver.su ./Middlewares/Third_Party/SubGHz_Phy/stm32_radio_driver/radio_fw.cyclo ./Middlewares/Third_Party/SubGHz_Phy/stm32_radio_driver/radio_fw.d ./Middlewares/Third_Party/SubGHz_Phy/stm32_radio_driver/radio_fw.o ./Middlewares/Third_Party/SubGHz_Phy/stm32_radio_driver/radio_fw.su ./Middlewares/Third_Party/SubGHz_Phy/stm32_radio_driver/wl_lr_fhss.cyclo ./Middlewares/Third_Party/SubGHz_Phy/stm32_radio_driver/wl_lr_fhss.d ./Middlewares/Third_Party/SubGHz_Phy/stm32_radio_driver/wl_lr_fhss.o ./Middlewares/Third_Party/SubGHz_Phy/stm32_radio_driver/wl_lr_fhss.su
rm -rf ./Drivers/STM32WLxx_HAL_Driver/Src/stm32wlxx_hal.cyclo ./Drivers/STM32WLxx_HAL_Driver/Src/stm32wlxx_hal.d ./Drivers/STM32WLxx_HAL_Driver/Src/stm32wlxx_hal.o ./Drivers/STM32WLxx_HAL_Driver/Src/stm32wlxx_hal.su ./Drivers/STM32WLxx_HAL_Driver/Src/stm32wlxx_hal_cortex.cyclo ./Drivers/STM32WLxx_HAL_Driver/Src/stm32wlxx_hal_cortex.d ./Drivers/STM32WLxx_HAL_Driver/Src/stm32wlxx_hal_cortex.o ./Drivers/STM32WLxx_HAL_Driver/Src/stm32wlxx_hal_cortex.su ./Drivers/STM32WLxx_HAL_Driver/Src/stm32wlxx_hal_dma.cyclo ./Drivers/STM32WLxx_HAL_Driver/Src/stm32wlxx_hal_dma.d ./Drivers/STM32WLxx_HAL_Driver/Src/stm32wlxx_hal_dma.o ./Drivers/STM32WLxx_HAL_Driver/Src/stm32wlxx_hal_dma.su ./Drivers/STM32WLxx_HAL_Driver/Src/stm32wlxx_hal_dma_ex.cyclo ./Drivers/STM32WLxx_HAL_Driver/Src/stm32wlxx_hal_dma_ex.d ./Drivers/STM32WLxx_HAL_Driver/Src/stm32wlxx_hal_dma_ex.o ./Drivers/STM32WLxx_HAL_Driver/Src/stm32wlxx_hal_dma_ex.su ./Drivers/STM32WLxx_HAL_Driver/Src/stm32wlxx_hal_exti.cyclo ./Drivers/STM32WLxx_HAL_Driver/Src/stm32wlxx_hal_exti.d ./Drivers/STM32WLxx_HAL_Driver/Src/stm32wlxx_hal_exti.o ./Drivers/STM32WLxx_HAL_Driver/Src/stm32wlxx_hal_exti.su ./Drivers/STM32WLxx_HAL_Driver/Src/stm32wlxx_hal_flash.cyclo ./Drivers/STM32WLxx_HAL_Driver/Src/stm32wlxx_hal_flash.d ./Drivers/STM32WLxx_HAL_Driver/Src/stm32wlxx_hal_flash.o ./Drivers/STM32WLxx_HAL_Driver/Src/stm32wlxx_hal_flash.su ./Drivers/STM32WLxx_HAL_Driver/Src/stm32wlxx_hal_flash_ex.cyclo ./Drivers/STM32WLxx_HAL_Driver/Src/stm32wlxx_hal_flash_ex.d ./Drivers/STM32WLxx_HAL_Driver/Src/stm32wlxx_hal_flash_ex.o ./Drivers/STM32WLxx_HAL_Driver/Src/stm32wlxx_hal_flash_ex.su ./Drivers/STM32WLxx_HAL_Driver/Src/stm32wlxx_hal_gpio.cyclo ./Drivers/STM32WLxx_HAL_Driver/Src/stm32wlxx_hal_gpio.d ./Drivers/STM32WLxx_HAL_Driver/Src/stm32wlxx_hal_gpio.o ./Drivers/STM32WLxx_HAL_Driver/Src/stm32wlxx_hal_gpio.su ./Drivers/STM32WLxx_HAL_Driver/Src/stm32wlxx_hal_pwr.cyclo ./Drivers/STM32WLxx_HAL_Driver/Src/stm32wlxx_hal_pwr.d ./Drivers/STM32WLxx_HAL_Driver/Src/stm32wlxx_hal_pwr.o ./Drivers/STM32WLxx_HAL_Driver/Src/stm32wlxx_hal_pwr.su ./Drivers/STM32WLxx_HAL_Driver/Src/stm32wlxx_hal_pwr_ex.cyclo ./Drivers/STM32WLxx_HAL_Driver/Src/stm32wlxx_hal_pwr_ex.d ./Drivers/STM32WLxx_HAL_Driver/Src/stm32wlxx_hal_pwr_ex.o ./Drivers/STM32WLxx_HAL_Driver/Src/stm32wlxx_hal_pwr_ex.su ./Drivers/STM32WLxx_HAL_Driver/Src/stm32wlxx_hal_rcc.cyclo ./Drivers/STM32WLxx_HAL_Driver/Src/stm32wlxx_hal_rcc.d ./Drivers/STM32WLxx_HAL_Driver/Src/stm32wlxx_hal_rcc.o ./Drivers/STM32WLxx_HAL_Driver/Src/stm32wlxx_hal_rcc.su ./Drivers/STM32WLxx_HAL_Driver/Src/stm32wlxx_hal_rcc_ex.cyclo ./Drivers/STM32WLxx_HAL_Driver/Src/stm32wlxx_hal_rcc_ex.d ./Drivers/STM32WLxx_HAL_Driver/Src/stm32wlxx_hal_rcc_ex.o ./Drivers/STM32WLxx_HAL_Driver/Src/stm32wlxx_hal_rcc_ex.su ./Drivers/STM32WLxx_HAL_Driver/Src/stm32wlxx_hal_rng.cyclo ./Drivers/STM32WLxx_HAL_Driver/Src/stm32wlxx_hal_rng.d ./Drivers/STM32WLxx_HAL_Driver/Src/stm32wlxx_hal_rng.o ./Drivers/STM32WLxx_HAL_Driver/Src/stm32wlxx_hal_rng.su ./Drivers/STM32WLxx_HAL_Driver/Src/stm32wlxx_hal_rng_ex.cyclo ./Drivers/STM32WLxx_HAL_Driver/Src/stm32wlxx_hal_rng_ex.d ./Drivers/STM32WLxx_HAL_Driver/Src/stm32wlxx_hal_rng_ex.o ./Drivers/STM32WLxx_HAL_Driver/Src/stm32wlxx_hal_rng_ex.su ./Drivers/STM32WLxx_HAL_Driver/Src/stm32wlxx_hal_rtc.cyclo ./Drivers/STM32WLxx_HAL_Driver/Src/stm32wlxx_hal_rtc.d ./Drivers/STM32WLxx_HAL_Driver/Src/stm32wlxx_hal_rtc.o ./Drivers/STM32WLxx_HAL_Driver/Src/stm32wlxx_hal_rtc.su ./Drivers/STM32WLxx_HAL_Driver/Src/stm32wlxx_hal_rtc_ex.cyclo ./Drivers/STM32WLxx_HAL_Driver/Src/stm32wlxx_hal_rtc_ex.d ./Drivers/STM32WLxx_HAL_Driver/Src/stm32wlxx_hal_rtc_ex.o ./Drivers/STM32WLxx_HAL_Driver/Src/stm32wlxx_hal_rtc_ex.su ./Drivers/STM32WLxx_HAL_Driver/Src/stm32wlxx_hal_subghz.cyclo ./Drivers/STM32WLxx_HAL_Driver/Src/stm32wlxx_hal_subghz.d ./Drivers/STM32WLxx_HAL_Driver/Src/stm32wlxx_hal_subghz.o ./Drivers/STM32WLxx_HAL_Driver/Src/stm32wlxx_hal_subghz.su ./Drivers/STM32WLxx_HAL_Driver/Src/stm32wlxx_hal_uart.cyclo ./Drivers/STM32WLxx_HAL_Driver/Src/stm32wlxx_hal_uart.d ./Drivers/STM32WLxx_HAL_Driver/Src/stm32wlxx_hal_uart.o ./Drivers/STM32WLxx_HAL_Driver/Src/stm32wlxx_hal_uart.su ./Drivers/STM32WLxx_HAL_Driver/Src/stm32wlxx_hal_uart_ex.cyclo ./Drivers/STM32WLxx_HAL_Driver/Src/stm32wlxx_hal_uart_ex.d ./Drivers/STM32WLxx_HAL_Driver/Src/stm32wlxx_hal_uart_ex.o ./Drivers/STM32WLxx_HAL_Driver/Src/stm32wlxx_hal_uart_ex.su
rm -rf ./Core/Startup/startup_stm32wle5ccux.d ./Core/Startup/startup_stm32wle5ccux.o
rm -rf ./Core/Src/aes.cyclo ./Core/Src/aes.d ./Core/Src/aes.o ./Core/Src/aes.su ./Core/Src/dma.cyclo ./Core/Src/dma.d ./Core/Src/dma.o ./Core/Src/dma.su ./Core/Src/gpio.cyclo ./Core/Src/gpio.d ./Core/Src/gpio.o ./Core/Src/gpio.su ./Core/Src/main.cyclo ./Core/Src/main.d ./Core/Src/main.o ./Core/Src/main.su ./Core/Src/rak3172LoRa.cyclo ./Core/Src/rak3172LoRa.d ./Core/Src/rak3172LoRa.o ./Core/Src/rak3172LoRa.su ./Core/Src/rng.cyclo ./Core/Src/rng.d ./Core/Src/rng.o ./Core/Src/rng.su ./Core/Src/rtc.cyclo ./Core/Src/rtc.d ./Core/Src/rtc.o ./Core/Src/rtc.su ./Core/Src/stm32_lpm_if.cyclo ./Core/Src/stm32_lpm_if.d ./Core/Src/stm32_lpm_if.o ./Core/Src/stm32_lpm_if.su ./Core/Src/stm32wlxx_hal_msp.cyclo ./Core/Src/stm32wlxx_hal_msp.d ./Core/Src/stm32wlxx_hal_msp.o ./Core/Src/stm32wlxx_hal_msp.su ./Core/Src/stm32wlxx_it.cyclo ./Core/Src/stm32wlxx_it.d ./Core/Src/stm32wlxx_it.o ./Core/Src/stm32wlxx_it.su ./Core/Src/stm32wlxx_nucleo.cyclo ./Core/Src/stm32wlxx_nucleo.d ./Core/Src/stm32wlxx_nucleo.o ./Core/Src/stm32wlxx_nucleo.su ./Core/Src/stm32wlxx_nucleo_radio.cyclo ./Core/Src/stm32wlxx_nucleo_radio.d ./Core/Src/stm32wlxx_nucleo_radio.o ./Core/Src/stm32wlxx_nucleo_radio.su ./Core/Src/subghz.cyclo ./Core/Src/subghz.d ./Core/Src/subghz.o ./Core/Src/subghz.su ./Core/Src/sys_app.cyclo ./Core/Src/sys_app.d ./Core/Src/sys_app.o ./Core/Src/sys_app.su ./Core/Src/sys_debug.cyclo ./Core/Src/sys_debug.d ./Core/Src/sys_debug.o ./Core/Src/sys_debug.su ./Core/Src/syscalls.cyclo ./Core/Src/syscalls.d ./Core/Src/syscalls.o ./Core/Src/syscalls.su ./Core/Src/sysmem.cyclo ./Core/Src/sysmem.d ./Core/Src/sysmem.o ./Core/Src/sysmem.su ./Core/Src/system_stm32wlxx.cyclo ./Core/Src/system_stm32wlxx.d ./Core/Src/system_stm32wlxx.o ./Core/Src/system_stm32wlxx.su ./Core/Src/timer_if.cyclo ./Core/Src/timer_if.d ./Core/Src/timer_if.o ./Core/Src/timer_if.su ./Core/Src/usart.cyclo ./Core/Src/usart.d ./Core/Src/usart.o ./Core/Src/usart.su ./Core/Src/usart_if.cyclo ./Core/Src/usart_if.d ./Core/Src/usart_if.o ./Core/Src/usart_if.su
rm -rf Load_Balancer_chSide.bin Load_Balancer_chSide.elf Load_Balancer_chSide.list Load_Balancer_chSide.map default.size.stdout
 
12:35:07 **** Build of configuration Debug for project Load_Balancer_chSide ****
make -j8 all 
arm-none-eabi-gcc "../Utilities/trace/adv_trace/stm32_adv_trace.c" -mcpu=cortex-m4 -std=gnu11 -g3 -DDEBUG -DCORE_CM4 -DUSE_HAL_DRIVER -DSTM32WLE5xx -c -I../Core/Inc -I../SubGHz_Phy/App -I../SubGHz_Phy/Target -I../Utilities/trace/adv_trace -I../Drivers/STM32WLxx_HAL_Driver/Inc -I../Drivers/STM32WLxx_HAL_Driver/Inc/Legacy -I../Utilities/misc -I../Utilities/timer -I../Utilities/lpm/tiny_lpm -I../Drivers/CMSIS/Device/ST/STM32WLxx/Include -I../Middlewares/Third_Party/SubGHz_Phy -I../Middlewares/Third_Party/SubGHz_Phy/stm32_radio_driver -I../Drivers/CMSIS/Include -I../Utilities/sequencer -Os -ffunction-sections -fdata-sections -Wall -fstack-usage -fcyclomatic-complexity -MMD -MP -MF"Utilities/trace/adv_trace/stm32_adv_trace.d" -MT"Utilities/trace/adv_trace/stm32_adv_trace.o" --specs=nano.specs -mfloat-abi=soft -mthumb -o "Utilities/trace/adv_trace/stm32_adv_trace.o"
arm-none-eabi-gcc "../Utilities/timer/stm32_timer.c" -mcpu=cortex-m4 -std=gnu11 -g3 -DDEBUG -DCORE_CM4 -DUSE_HAL_DRIVER -DSTM32WLE5xx -c -I../Core/Inc -I../SubGHz_Phy/App -I../SubGHz_Phy/Target -I../Utilities/trace/adv_trace -I../Drivers/STM32WLxx_HAL_Driver/Inc -I../Drivers/STM32WLxx_HAL_Driver/Inc/Legacy -I../Utilities/misc -I../Utilities/timer -I../Utilities/lpm/tiny_lpm -I../Drivers/CMSIS/Device/ST/STM32WLxx/Include -I../Middlewares/Third_Party/SubGHz_Phy -I../Middlewares/Third_Party/SubGHz_Phy/stm32_radio_driver -I../Drivers/CMSIS/Include -I../Utilities/sequencer -Os -ffunction-sections -fdata-sections -Wall -fstack-usage -fcyclomatic-complexity -MMD -MP -MF"Utilities/timer/stm32_timer.d" -MT"Utilities/timer/stm32_timer.o" --specs=nano.specs -mfloat-abi=soft -mthumb -o "Utilities/timer/stm32_timer.o"
arm-none-eabi-gcc "../Utilities/sequencer/stm32_seq.c" -mcpu=cortex-m4 -std=gnu11 -g3 -DDEBUG -DCORE_CM4 -DUSE_HAL_DRIVER -DSTM32WLE5xx -c -I../Core/Inc -I../SubGHz_Phy/App -I../SubGHz_Phy/Target -I../Utilities/trace/adv_trace -I../Drivers/STM32WLxx_HAL_Driver/Inc -I../Drivers/STM32WLxx_HAL_Driver/Inc/Legacy -I../Utilities/misc -I../Utilities/timer -I../Utilities/lpm/tiny_lpm -I../Drivers/CMSIS/Device/ST/STM32WLxx/Include -I../Middlewares/Third_Party/SubGHz_Phy -I../Middlewares/Third_Party/SubGHz_Phy/stm32_radio_driver -I../Drivers/CMSIS/Include -I../Utilities/sequencer -Os -ffunction-sections -fdata-sections -Wall -fstack-usage -fcyclomatic-complexity -MMD -MP -MF"Utilities/sequencer/stm32_seq.d" -MT"Utilities/sequencer/stm32_seq.o" --specs=nano.specs -mfloat-abi=soft -mthumb -o "Utilities/sequencer/stm32_seq.o"
arm-none-eabi-gcc "../Utilities/misc/stm32_mem.c" -mcpu=cortex-m4 -std=gnu11 -g3 -DDEBUG -DCORE_CM4 -DUSE_HAL_DRIVER -DSTM32WLE5xx -c -I../Core/Inc -I../SubGHz_Phy/App -I../SubGHz_Phy/Target -I../Utilities/trace/adv_trace -I../Drivers/STM32WLxx_HAL_Driver/Inc -I../Drivers/STM32WLxx_HAL_Driver/Inc/Legacy -I../Utilities/misc -I../Utilities/timer -I../Utilities/lpm/tiny_lpm -I../Drivers/CMSIS/Device/ST/STM32WLxx/Include -I../Middlewares/Third_Party/SubGHz_Phy -I../Middlewares/Third_Party/SubGHz_Phy/stm32_radio_driver -I../Drivers/CMSIS/Include -I../Utilities/sequencer -Os -ffunction-sections -fdata-sections -Wall -fstack-usage -fcyclomatic-complexity -MMD -MP -MF"Utilities/misc/stm32_mem.d" -MT"Utilities/misc/stm32_mem.o" --specs=nano.specs -mfloat-abi=soft -mthumb -o "Utilities/misc/stm32_mem.o"
arm-none-eabi-gcc "../Utilities/misc/stm32_systime.c" -mcpu=cortex-m4 -std=gnu11 -g3 -DDEBUG -DCORE_CM4 -DUSE_HAL_DRIVER -DSTM32WLE5xx -c -I../Core/Inc -I../SubGHz_Phy/App -I../SubGHz_Phy/Target -I../Utilities/trace/adv_trace -I../Drivers/STM32WLxx_HAL_Driver/Inc -I../Drivers/STM32WLxx_HAL_Driver/Inc/Legacy -I../Utilities/misc -I../Utilities/timer -I../Utilities/lpm/tiny_lpm -I../Drivers/CMSIS/Device/ST/STM32WLxx/Include -I../Middlewares/Third_Party/SubGHz_Phy -I../Middlewares/Third_Party/SubGHz_Phy/stm32_radio_driver -I../Drivers/CMSIS/Include -I../Utilities/sequencer -Os -ffunction-sections -fdata-sections -Wall -fstack-usage -fcyclomatic-complexity -MMD -MP -MF"Utilities/misc/stm32_systime.d" -MT"Utilities/misc/stm32_systime.o" --specs=nano.specs -mfloat-abi=soft -mthumb -o "Utilities/misc/stm32_systime.o"
arm-none-eabi-gcc "../Utilities/misc/stm32_tiny_sscanf.c" -mcpu=cortex-m4 -std=gnu11 -g3 -DDEBUG -DCORE_CM4 -DUSE_HAL_DRIVER -DSTM32WLE5xx -c -I../Core/Inc -I../SubGHz_Phy/App -I../SubGHz_Phy/Target -I../Utilities/trace/adv_trace -I../Drivers/STM32WLxx_HAL_Driver/Inc -I../Drivers/STM32WLxx_HAL_Driver/Inc/Legacy -I../Utilities/misc -I../Utilities/timer -I../Utilities/lpm/tiny_lpm -I../Drivers/CMSIS/Device/ST/STM32WLxx/Include -I../Middlewares/Third_Party/SubGHz_Phy -I../Middlewares/Third_Party/SubGHz_Phy/stm32_radio_driver -I../Drivers/CMSIS/Include -I../Utilities/sequencer -Os -ffunction-sections -fdata-sections -Wall -fstack-usage -fcyclomatic-complexity -MMD -MP -MF"Utilities/misc/stm32_tiny_sscanf.d" -MT"Utilities/misc/stm32_tiny_sscanf.o" --specs=nano.specs -mfloat-abi=soft -mthumb -o "Utilities/misc/stm32_tiny_sscanf.o"
arm-none-eabi-gcc "../Utilities/misc/stm32_tiny_vsnprintf.c" -mcpu=cortex-m4 -std=gnu11 -g3 -DDEBUG -DCORE_CM4 -DUSE_HAL_DRIVER -DSTM32WLE5xx -c -I../Core/Inc -I../SubGHz_Phy/App -I../SubGHz_Phy/Target -I../Utilities/trace/adv_trace -I../Drivers/STM32WLxx_HAL_Driver/Inc -I../Drivers/STM32WLxx_HAL_Driver/Inc/Legacy -I../Utilities/misc -I../Utilities/timer -I../Utilities/lpm/tiny_lpm -I../Drivers/CMSIS/Device/ST/STM32WLxx/Include -I../Middlewares/Third_Party/SubGHz_Phy -I../Middlewares/Third_Party/SubGHz_Phy/stm32_radio_driver -I../Drivers/CMSIS/Include -I../Utilities/sequencer -Os -ffunction-sections -fdata-sections -Wall -fstack-usage -fcyclomatic-complexity -MMD -MP -MF"Utilities/misc/stm32_tiny_vsnprintf.d" -MT"Utilities/misc/stm32_tiny_vsnprintf.o" --specs=nano.specs -mfloat-abi=soft -mthumb -o "Utilities/misc/stm32_tiny_vsnprintf.o"
arm-none-eabi-gcc "../Utilities/lpm/tiny_lpm/stm32_lpm.c" -mcpu=cortex-m4 -std=gnu11 -g3 -DDEBUG -DCORE_CM4 -DUSE_HAL_DRIVER -DSTM32WLE5xx -c -I../Core/Inc -I../SubGHz_Phy/App -I../SubGHz_Phy/Target -I../Utilities/trace/adv_trace -I../Drivers/STM32WLxx_HAL_Driver/Inc -I../Drivers/STM32WLxx_HAL_Driver/Inc/Legacy -I../Utilities/misc -I../Utilities/timer -I../Utilities/lpm/tiny_lpm -I../Drivers/CMSIS/Device/ST/STM32WLxx/Include -I../Middlewares/Third_Party/SubGHz_Phy -I../Middlewares/Third_Party/SubGHz_Phy/stm32_radio_driver -I../Drivers/CMSIS/Include -I../Utilities/sequencer -Os -ffunction-sections -fdata-sections -Wall -fstack-usage -fcyclomatic-complexity -MMD -MP -MF"Utilities/lpm/tiny_lpm/stm32_lpm.d" -MT"Utilities/lpm/tiny_lpm/stm32_lpm.o" --specs=nano.specs -mfloat-abi=soft -mthumb -o "Utilities/lpm/tiny_lpm/stm32_lpm.o"
arm-none-eabi-gcc "../SubGHz_Phy/Target/radio_board_if.c" -mcpu=cortex-m4 -std=gnu11 -g3 -DDEBUG -DCORE_CM4 -DUSE_HAL_DRIVER -DSTM32WLE5xx -c -I../Core/Inc -I../SubGHz_Phy/App -I../SubGHz_Phy/Target -I../Utilities/trace/adv_trace -I../Drivers/STM32WLxx_HAL_Driver/Inc -I../Drivers/STM32WLxx_HAL_Driver/Inc/Legacy -I../Utilities/misc -I../Utilities/timer -I../Utilities/lpm/tiny_lpm -I../Drivers/CMSIS/Device/ST/STM32WLxx/Include -I../Middlewares/Third_Party/SubGHz_Phy -I../Middlewares/Third_Party/SubGHz_Phy/stm32_radio_driver -I../Drivers/CMSIS/Include -I../Utilities/sequencer -Os -ffunction-sections -fdata-sections -Wall -fstack-usage -fcyclomatic-complexity -MMD -MP -MF"SubGHz_Phy/Target/radio_board_if.d" -MT"SubGHz_Phy/Target/radio_board_if.o" --specs=nano.specs -mfloat-abi=soft -mthumb -o "SubGHz_Phy/Target/radio_board_if.o"
arm-none-eabi-gcc "../SubGHz_Phy/App/app_subghz_phy.c" -mcpu=cortex-m4 -std=gnu11 -g3 -DDEBUG -DCORE_CM4 -DUSE_HAL_DRIVER -DSTM32WLE5xx -c -I../Core/Inc -I../SubGHz_Phy/App -I../SubGHz_Phy/Target -I../Utilities/trace/adv_trace -I../Drivers/STM32WLxx_HAL_Driver/Inc -I../Drivers/STM32WLxx_HAL_Driver/Inc/Legacy -I../Utilities/misc -I../Utilities/timer -I../Utilities/lpm/tiny_lpm -I../Drivers/CMSIS/Device/ST/STM32WLxx/Include -I../Middlewares/Third_Party/SubGHz_Phy -I../Middlewares/Third_Party/SubGHz_Phy/stm32_radio_driver -I../Drivers/CMSIS/Include -I../Utilities/sequencer -Os -ffunction-sections -fdata-sections -Wall -fstack-usage -fcyclomatic-complexity -MMD -MP -MF"SubGHz_Phy/App/app_subghz_phy.d" -MT"SubGHz_Phy/App/app_subghz_phy.o" --specs=nano.specs -mfloat-abi=soft -mthumb -o "SubGHz_Phy/App/app_subghz_phy.o"
arm-none-eabi-gcc "../SubGHz_Phy/App/subghz_phy_app.c" -mcpu=cortex-m4 -std=gnu11 -g3 -DDEBUG -DCORE_CM4 -DUSE_HAL_DRIVER -DSTM32WLE5xx -c -I../Core/Inc -I../SubGHz_Phy/App -I../SubGHz_Phy/Target -I../Utilities/trace/adv_trace -I../Drivers/STM32WLxx_HAL_Driver/Inc -I../Drivers/STM32WLxx_HAL_Driver/Inc/Legacy -I../Utilities/misc -I../Utilities/timer -I../Utilities/lpm/tiny_lpm -I../Drivers/CMSIS/Device/ST/STM32WLxx/Include -I../Middlewares/Third_Party/SubGHz_Phy -I../Middlewares/Third_Party/SubGHz_Phy/stm32_radio_driver -I../Drivers/CMSIS/Include -I../Utilities/sequencer -Os -ffunction-sections -fdata-sections -Wall -fstack-usage -fcyclomatic-complexity -MMD -MP -MF"SubGHz_Phy/App/subghz_phy_app.d" -MT"SubGHz_Phy/App/subghz_phy_app.o" --specs=nano.specs -mfloat-abi=soft -mthumb -o "SubGHz_Phy/App/subghz_phy_app.o"
arm-none-eabi-gcc "../Middlewares/Third_Party/SubGHz_Phy/stm32_radio_driver/lr_fhss_mac.c" -mcpu=cortex-m4 -std=gnu11 -g3 -DDEBUG -DCORE_CM4 -DUSE_HAL_DRIVER -DSTM32WLE5xx -c -I../Core/Inc -I../SubGHz_Phy/App -I../SubGHz_Phy/Target -I../Utilities/trace/adv_trace -I../Drivers/STM32WLxx_HAL_Driver/Inc -I../Drivers/STM32WLxx_HAL_Driver/Inc/Legacy -I../Utilities/misc -I../Utilities/timer -I../Utilities/lpm/tiny_lpm -I../Drivers/CMSIS/Device/ST/STM32WLxx/Include -I../Middlewares/Third_Party/SubGHz_Phy -I../Middlewares/Third_Party/SubGHz_Phy/stm32_radio_driver -I../Drivers/CMSIS/Include -I../Utilities/sequencer -Os -ffunction-sections -fdata-sections -Wall -fstack-usage -fcyclomatic-complexity -MMD -MP -MF"Middlewares/Third_Party/SubGHz_Phy/stm32_radio_driver/lr_fhss_mac.d" -MT"Middlewares/Third_Party/SubGHz_Phy/stm32_radio_driver/lr_fhss_mac.o" --specs=nano.specs -mfloat-abi=soft -mthumb -o "Middlewares/Third_Party/SubGHz_Phy/stm32_radio_driver/lr_fhss_mac.o"
arm-none-eabi-gcc "../Middlewares/Third_Party/SubGHz_Phy/stm32_radio_driver/radio.c" -mcpu=cortex-m4 -std=gnu11 -g3 -DDEBUG -DCORE_CM4 -DUSE_HAL_DRIVER -DSTM32WLE5xx -c -I../Core/Inc -I../SubGHz_Phy/App -I../SubGHz_Phy/Target -I../Utilities/trace/adv_trace -I../Drivers/STM32WLxx_HAL_Driver/Inc -I../Drivers/STM32WLxx_HAL_Driver/Inc/Legacy -I../Utilities/misc -I../Utilities/timer -I../Utilities/lpm/tiny_lpm -I../Drivers/CMSIS/Device/ST/STM32WLxx/Include -I../Middlewares/Third_Party/SubGHz_Phy -I../Middlewares/Third_Party/SubGHz_Phy/stm32_radio_driver -I../Drivers/CMSIS/Include -I../Utilities/sequencer -Os -ffunction-sections -fdata-sections -Wall -fstack-usage -fcyclomatic-complexity -MMD -MP -MF"Middlewares/Third_Party/SubGHz_Phy/stm32_radio_driver/radio.d" -MT"Middlewares/Third_Party/SubGHz_Phy/stm32_radio_driver/radio.o" --specs=nano.specs -mfloat-abi=soft -mthumb -o "Middlewares/Third_Party/SubGHz_Phy/stm32_radio_driver/radio.o"
arm-none-eabi-gcc "../Middlewares/Third_Party/SubGHz_Phy/stm32_radio_driver/radio_driver.c" -mcpu=cortex-m4 -std=gnu11 -g3 -DDEBUG -DCORE_CM4 -DUSE_HAL_DRIVER -DSTM32WLE5xx -c -I../Core/Inc -I../SubGHz_Phy/App -I../SubGHz_Phy/Target -I../Utilities/trace/adv_trace -I../Drivers/STM32WLxx_HAL_Driver/Inc -I../Drivers/STM32WLxx_HAL_Driver/Inc/Legacy -I../Utilities/misc -I../Utilities/timer -I../Utilities/lpm/tiny_lpm -I../Drivers/CMSIS/Device/ST/STM32WLxx/Include -I../Middlewares/Third_Party/SubGHz_Phy -I../Middlewares/Third_Party/SubGHz_Phy/stm32_radio_driver -I../Drivers/CMSIS/Include -I../Utilities/sequencer -Os -ffunction-sections -fdata-sections -Wall -fstack-usage -fcyclomatic-complexity -MMD -MP -MF"Middlewares/Third_Party/SubGHz_Phy/stm32_radio_driver/radio_driver.d" -MT"Middlewares/Third_Party/SubGHz_Phy/stm32_radio_driver/radio_driver.o" --specs=nano.specs -mfloat-abi=soft -mthumb -o "Middlewares/Third_Party/SubGHz_Phy/stm32_radio_driver/radio_driver.o"
arm-none-eabi-gcc "../Middlewares/Third_Party/SubGHz_Phy/stm32_radio_driver/radio_fw.c" -mcpu=cortex-m4 -std=gnu11 -g3 -DDEBUG -DCORE_CM4 -DUSE_HAL_DRIVER -DSTM32WLE5xx -c -I../Core/Inc -I../SubGHz_Phy/App -I../SubGHz_Phy/Target -I../Utilities/trace/adv_trace -I../Drivers/STM32WLxx_HAL_Driver/Inc -I../Drivers/STM32WLxx_HAL_Driver/Inc/Legacy -I../Utilities/misc -I../Utilities/timer -I../Utilities/lpm/tiny_lpm -I../Drivers/CMSIS/Device/ST/STM32WLxx/Include -I../Middlewares/Third_Party/SubGHz_Phy -I../Middlewares/Third_Party/SubGHz_Phy/stm32_radio_driver -I../Drivers/CMSIS/Include -I../Utilities/sequencer -Os -ffunction-sections -fdata-sections -Wall -fstack-usage -fcyclomatic-complexity -MMD -MP -MF"Middlewares/Third_Party/SubGHz_Phy/stm32_radio_driver/radio_fw.d" -MT"Middlewares/Third_Party/SubGHz_Phy/stm32_radio_driver/radio_fw.o" --specs=nano.specs -mfloat-abi=soft -mthumb -o "Middlewares/Third_Party/SubGHz_Phy/stm32_radio_driver/radio_fw.o"
arm-none-eabi-gcc "../Middlewares/Third_Party/SubGHz_Phy/stm32_radio_driver/wl_lr_fhss.c" -mcpu=cortex-m4 -std=gnu11 -g3 -DDEBUG -DCORE_CM4 -DUSE_HAL_DRIVER -DSTM32WLE5xx -c -I../Core/Inc -I../SubGHz_Phy/App -I../SubGHz_Phy/Target -I../Utilities/trace/adv_trace -I../Drivers/STM32WLxx_HAL_Driver/Inc -I../Drivers/STM32WLxx_HAL_Driver/Inc/Legacy -I../Utilities/misc -I../Utilities/timer -I../Utilities/lpm/tiny_lpm -I../Drivers/CMSIS/Device/ST/STM32WLxx/Include -I../Middlewares/Third_Party/SubGHz_Phy -I../Middlewares/Third_Party/SubGHz_Phy/stm32_radio_driver -I../Drivers/CMSIS/Include -I../Utilities/sequencer -Os -ffunction-sections -fdata-sections -Wall -fstack-usage -fcyclomatic-complexity -MMD -MP -MF"Middlewares/Third_Party/SubGHz_Phy/stm32_radio_driver/wl_lr_fhss.d" -MT"Middlewares/Third_Party/SubGHz_Phy/stm32_radio_driver/wl_lr_fhss.o" --specs=nano.specs -mfloat-abi=soft -mthumb -o "Middlewares/Third_Party/SubGHz_Phy/stm32_radio_driver/wl_lr_fhss.o"
arm-none-eabi-gcc "../Drivers/STM32WLxx_HAL_Driver/Src/stm32wlxx_hal.c" -mcpu=cortex-m4 -std=gnu11 -g3 -DDEBUG -DCORE_CM4 -DUSE_HAL_DRIVER -DSTM32WLE5xx -c -I../Core/Inc -I../SubGHz_Phy/App -I../SubGHz_Phy/Target -I../Utilities/trace/adv_trace -I../Drivers/STM32WLxx_HAL_Driver/Inc -I../Drivers/STM32WLxx_HAL_Driver/Inc/Legacy -I../Utilities/misc -I../Utilities/timer -I../Utilities/lpm/tiny_lpm -I../Drivers/CMSIS/Device/ST/STM32WLxx/Include -I../Middlewares/Third_Party/SubGHz_Phy -I../Middlewares/Third_Party/SubGHz_Phy/stm32_radio_driver -I../Drivers/CMSIS/Include -I../Utilities/sequencer -Os -ffunction-sections -fdata-sections -Wall -fstack-usage -fcyclomatic-complexity -MMD -MP -MF"Drivers/STM32WLxx_HAL_Driver/Src/stm32wlxx_hal.d" -MT"Drivers/STM32WLxx_HAL_Driver/Src/stm32wlxx_hal.o" --specs=nano.specs -mfloat-abi=soft -mthumb -o "Drivers/STM32WLxx_HAL_Driver/Src/stm32wlxx_hal.o"
arm-none-eabi-gcc "../Drivers/STM32WLxx_HAL_Driver/Src/stm32wlxx_hal_cortex.c" -mcpu=cortex-m4 -std=gnu11 -g3 -DDEBUG -DCORE_CM4 -DUSE_HAL_DRIVER -DSTM32WLE5xx -c -I../Core/Inc -I../SubGHz_Phy/App -I../SubGHz_Phy/Target -I../Utilities/trace/adv_trace -I../Drivers/STM32WLxx_HAL_Driver/Inc -I../Drivers/STM32WLxx_HAL_Driver/Inc/Legacy -I../Utilities/misc -I../Utilities/timer -I../Utilities/lpm/tiny_lpm -I../Drivers/CMSIS/Device/ST/STM32WLxx/Include -I../Middlewares/Third_Party/SubGHz_Phy -I../Middlewares/Third_Party/SubGHz_Phy/stm32_radio_driver -I../Drivers/CMSIS/Include -I../Utilities/sequencer -Os -ffunction-sections -fdata-sections -Wall -fstack-usage -fcyclomatic-complexity -MMD -MP -MF"Drivers/STM32WLxx_HAL_Driver/Src/stm32wlxx_hal_cortex.d" -MT"Drivers/STM32WLxx_HAL_Driver/Src/stm32wlxx_hal_cortex.o" --specs=nano.specs -mfloat-abi=soft -mthumb -o "Drivers/STM32WLxx_HAL_Driver/Src/stm32wlxx_hal_cortex.o"
arm-none-eabi-gcc "../Drivers/STM32WLxx_HAL_Driver/Src/stm32wlxx_hal_dma.c" -mcpu=cortex-m4 -std=gnu11 -g3 -DDEBUG -DCORE_CM4 -DUSE_HAL_DRIVER -DSTM32WLE5xx -c -I../Core/Inc -I../SubGHz_Phy/App -I../SubGHz_Phy/Target -I../Utilities/trace/adv_trace -I../Drivers/STM32WLxx_HAL_Driver/Inc -I../Drivers/STM32WLxx_HAL_Driver/Inc/Legacy -I../Utilities/misc -I../Utilities/timer -I../Utilities/lpm/tiny_lpm -I../Drivers/CMSIS/Device/ST/STM32WLxx/Include -I../Middlewares/Third_Party/SubGHz_Phy -I../Middlewares/Third_Party/SubGHz_Phy/stm32_radio_driver -I../Drivers/CMSIS/Include -I../Utilities/sequencer -Os -ffunction-sections -fdata-sections -Wall -fstack-usage -fcyclomatic-complexity -MMD -MP -MF"Drivers/STM32WLxx_HAL_Driver/Src/stm32wlxx_hal_dma.d" -MT"Drivers/STM32WLxx_HAL_Driver/Src/stm32wlxx_hal_dma.o" --specs=nano.specs -mfloat-abi=soft -mthumb -o "Drivers/STM32WLxx_HAL_Driver/Src/stm32wlxx_hal_dma.o"
arm-none-eabi-gcc "../Drivers/STM32WLxx_HAL_Driver/Src/stm32wlxx_hal_dma_ex.c" -mcpu=cortex-m4 -std=gnu11 -g3 -DDEBUG -DCORE_CM4 -DUSE_HAL_DRIVER -DSTM32WLE5xx -c -I../Core/Inc -I../SubGHz_Phy/App -I../SubGHz_Phy/Target -I../Utilities/trace/adv_trace -I../Drivers/STM32WLxx_HAL_Driver/Inc -I../Drivers/STM32WLxx_HAL_Driver/Inc/Legacy -I../Utilities/misc -I../Utilities/timer -I../Utilities/lpm/tiny_lpm -I../Drivers/CMSIS/Device/ST/STM32WLxx/Include -I../Middlewares/Third_Party/SubGHz_Phy -I../Middlewares/Third_Party/SubGHz_Phy/stm32_radio_driver -I../Drivers/CMSIS/Include -I../Utilities/sequencer -Os -ffunction-sections -fdata-sections -Wall -fstack-usage -fcyclomatic-complexity -MMD -MP -MF"Drivers/STM32WLxx_HAL_Driver/Src/stm32wlxx_hal_dma_ex.d" -MT"Drivers/STM32WLxx_HAL_Driver/Src/stm32wlxx_hal_dma_ex.o" --specs=nano.specs -mfloat-abi=soft -mthumb -o "Drivers/STM32WLxx_HAL_Driver/Src/stm32wlxx_hal_dma_ex.o"
arm-none-eabi-gcc "../Drivers/STM32WLxx_HAL_Driver/Src/stm32wlxx_hal_exti.c" -mcpu=cortex-m4 -std=gnu11 -g3 -DDEBUG -DCORE_CM4 -DUSE_HAL_DRIVER -DSTM32WLE5xx -c -I../Core/Inc -I../SubGHz_Phy/App -I../SubGHz_Phy/Target -I../Utilities/trace/adv_trace -I../Drivers/STM32WLxx_HAL_Driver/Inc -I../Drivers/STM32WLxx_HAL_Driver/Inc/Legacy -I../Utilities/misc -I../Utilities/timer -I../Utilities/lpm/tiny_lpm -I../Drivers/CMSIS/Device/ST/STM32WLxx/Include -I../Middlewares/Third_Party/SubGHz_Phy -I../Middlewares/Third_Party/SubGHz_Phy/stm32_radio_driver -I../Drivers/CMSIS/Include -I../Utilities/sequencer -Os -ffunction-sections -fdata-sections -Wall -fstack-usage -fcyclomatic-complexity -MMD -MP -MF"Drivers/STM32WLxx_HAL_Driver/Src/stm32wlxx_hal_exti.d" -MT"Drivers/STM32WLxx_HAL_Driver/Src/stm32wlxx_hal_exti.o" --specs=nano.specs -mfloat-abi=soft -mthumb -o "Drivers/STM32WLxx_HAL_Driver/Src/stm32wlxx_hal_exti.o"
arm-none-eabi-gcc "../Drivers/STM32WLxx_HAL_Driver/Src/stm32wlxx_hal_flash.c" -mcpu=cortex-m4 -std=gnu11 -g3 -DDEBUG -DCORE_CM4 -DUSE_HAL_DRIVER -DSTM32WLE5xx -c -I../Core/Inc -I../SubGHz_Phy/App -I../SubGHz_Phy/Target -I../Utilities/trace/adv_trace -I../Drivers/STM32WLxx_HAL_Driver/Inc -I../Drivers/STM32WLxx_HAL_Driver/Inc/Legacy -I../Utilities/misc -I../Utilities/timer -I../Utilities/lpm/tiny_lpm -I../Drivers/CMSIS/Device/ST/STM32WLxx/Include -I../Middlewares/Third_Party/SubGHz_Phy -I../Middlewares/Third_Party/SubGHz_Phy/stm32_radio_driver -I../Drivers/CMSIS/Include -I../Utilities/sequencer -Os -ffunction-sections -fdata-sections -Wall -fstack-usage -fcyclomatic-complexity -MMD -MP -MF"Drivers/STM32WLxx_HAL_Driver/Src/stm32wlxx_hal_flash.d" -MT"Drivers/STM32WLxx_HAL_Driver/Src/stm32wlxx_hal_flash.o" --specs=nano.specs -mfloat-abi=soft -mthumb -o "Drivers/STM32WLxx_HAL_Driver/Src/stm32wlxx_hal_flash.o"
arm-none-eabi-gcc "../Drivers/STM32WLxx_HAL_Driver/Src/stm32wlxx_hal_flash_ex.c" -mcpu=cortex-m4 -std=gnu11 -g3 -DDEBUG -DCORE_CM4 -DUSE_HAL_DRIVER -DSTM32WLE5xx -c -I../Core/Inc -I../SubGHz_Phy/App -I../SubGHz_Phy/Target -I../Utilities/trace/adv_trace -I../Drivers/STM32WLxx_HAL_Driver/Inc -I../Drivers/STM32WLxx_HAL_Driver/Inc/Legacy -I../Utilities/misc -I../Utilities/timer -I../Utilities/lpm/tiny_lpm -I../Drivers/CMSIS/Device/ST/STM32WLxx/Include -I../Middlewares/Third_Party/SubGHz_Phy -I../Middlewares/Third_Party/SubGHz_Phy/stm32_radio_driver -I../Drivers/CMSIS/Include -I../Utilities/sequencer -Os -ffunction-sections -fdata-sections -Wall -fstack-usage -fcyclomatic-complexity -MMD -MP -MF"Drivers/STM32WLxx_HAL_Driver/Src/stm32wlxx_hal_flash_ex.d" -MT"Drivers/STM32WLxx_HAL_Driver/Src/stm32wlxx_hal_flash_ex.o" --specs=nano.specs -mfloat-abi=soft -mthumb -o "Drivers/STM32WLxx_HAL_Driver/Src/stm32wlxx_hal_flash_ex.o"
arm-none-eabi-gcc "../Drivers/STM32WLxx_HAL_Driver/Src/stm32wlxx_hal_gpio.c" -mcpu=cortex-m4 -std=gnu11 -g3 -DDEBUG -DCORE_CM4 -DUSE_HAL_DRIVER -DSTM32WLE5xx -c -I../Core/Inc -I../SubGHz_Phy/App -I../SubGHz_Phy/Target -I../Utilities/trace/adv_trace -I../Drivers/STM32WLxx_HAL_Driver/Inc -I../Drivers/STM32WLxx_HAL_Driver/Inc/Legacy -I../Utilities/misc -I../Utilities/timer -I../Utilities/lpm/tiny_lpm -I../Drivers/CMSIS/Device/ST/STM32WLxx/Include -I../Middlewares/Third_Party/SubGHz_Phy -I../Middlewares/Third_Party/SubGHz_Phy/stm32_radio_driver -I../Drivers/CMSIS/Include -I../Utilities/sequencer -Os -ffunction-sections -fdata-sections -Wall -fstack-usage -fcyclomatic-complexity -MMD -MP -MF"Drivers/STM32WLxx_HAL_Driver/Src/stm32wlxx_hal_gpio.d" -MT"Drivers/STM32WLxx_HAL_Driver/Src/stm32wlxx_hal_gpio.o" --specs=nano.specs -mfloat-abi=soft -mthumb -o "Drivers/STM32WLxx_HAL_Driver/Src/stm32wlxx_hal_gpio.o"
arm-none-eabi-gcc "../Drivers/STM32WLxx_HAL_Driver/Src/stm32wlxx_hal_pwr.c" -mcpu=cortex-m4 -std=gnu11 -g3 -DDEBUG -DCORE_CM4 -DUSE_HAL_DRIVER -DSTM32WLE5xx -c -I../Core/Inc -I../SubGHz_Phy/App -I../SubGHz_Phy/Target -I../Utilities/trace/adv_trace -I../Drivers/STM32WLxx_HAL_Driver/Inc -I../Drivers/STM32WLxx_HAL_Driver/Inc/Legacy -I../Utilities/misc -I../Utilities/timer -I../Utilities/lpm/tiny_lpm -I../Drivers/CMSIS/Device/ST/STM32WLxx/Include -I../Middlewares/Third_Party/SubGHz_Phy -I../Middlewares/Third_Party/SubGHz_Phy/stm32_radio_driver -I../Drivers/CMSIS/Include -I../Utilities/sequencer -Os -ffunction-sections -fdata-sections -Wall -fstack-usage -fcyclomatic-complexity -MMD -MP -MF"Drivers/STM32WLxx_HAL_Driver/Src/stm32wlxx_hal_pwr.d" -MT"Drivers/STM32WLxx_HAL_Driver/Src/stm32wlxx_hal_pwr.o" --specs=nano.specs -mfloat-abi=soft -mthumb -o "Drivers/STM32WLxx_HAL_Driver/Src/stm32wlxx_hal_pwr.o"
arm-none-eabi-gcc "../Drivers/STM32WLxx_HAL_Driver/Src/stm32wlxx_hal_pwr_ex.c" -mcpu=cortex-m4 -std=gnu11 -g3 -DDEBUG -DCORE_CM4 -DUSE_HAL_DRIVER -DSTM32WLE5xx -c -I../Core/Inc -I../SubGHz_Phy/App -I../SubGHz_Phy/Target -I../Utilities/trace/adv_trace -I../Drivers/STM32WLxx_HAL_Driver/Inc -I../Drivers/STM32WLxx_HAL_Driver/Inc/Legacy -I../Utilities/misc -I../Utilities/timer -I../Utilities/lpm/tiny_lpm -I../Drivers/CMSIS/Device/ST/STM32WLxx/Include -I../Middlewares/Third_Party/SubGHz_Phy -I../Middlewares/Third_Party/SubGHz_Phy/stm32_radio_driver -I../Drivers/CMSIS/Include -I../Utilities/sequencer -Os -ffunction-sections -fdata-sections -Wall -fstack-usage -fcyclomatic-complexity -MMD -MP -MF"Drivers/STM32WLxx_HAL_Driver/Src/stm32wlxx_hal_pwr_ex.d" -MT"Drivers/STM32WLxx_HAL_Driver/Src/stm32wlxx_hal_pwr_ex.o" --specs=nano.specs -mfloat-abi=soft -mthumb -o "Drivers/STM32WLxx_HAL_Driver/Src/stm32wlxx_hal_pwr_ex.o"
arm-none-eabi-gcc "../Drivers/STM32WLxx_HAL_Driver/Src/stm32wlxx_hal_rcc.c" -mcpu=cortex-m4 -std=gnu11 -g3 -DDEBUG -DCORE_CM4 -DUSE_HAL_DRIVER -DSTM32WLE5xx -c -I../Core/Inc -I../SubGHz_Phy/App -I../SubGHz_Phy/Target -I../Utilities/trace/adv_trace -I../Drivers/STM32WLxx_HAL_Driver/Inc -I../Drivers/STM32WLxx_HAL_Driver/Inc/Legacy -I../Utilities/misc -I../Utilities/timer -I../Utilities/lpm/tiny_lpm -I../Drivers/CMSIS/Device/ST/STM32WLxx/Include -I../Middlewares/Third_Party/SubGHz_Phy -I../Middlewares/Third_Party/SubGHz_Phy/stm32_radio_driver -I../Drivers/CMSIS/Include -I../Utilities/sequencer -Os -ffunction-sections -fdata-sections -Wall -fstack-usage -fcyclomatic-complexity -MMD -MP -MF"Drivers/STM32WLxx_HAL_Driver/Src/stm32wlxx_hal_rcc.d" -MT"Drivers/STM32WLxx_HAL_Driver/Src/stm32wlxx_hal_rcc.o" --specs=nano.specs -mfloat-abi=soft -mthumb -o "Drivers/STM32WLxx_HAL_Driver/Src/stm32wlxx_hal_rcc.o"
arm-none-eabi-gcc "../Drivers/STM32WLxx_HAL_Driver/Src/stm32wlxx_hal_rcc_ex.c" -mcpu=cortex-m4 -std=gnu11 -g3 -DDEBUG -DCORE_CM4 -DUSE_HAL_DRIVER -DSTM32WLE5xx -c -I../Core/Inc -I../SubGHz_Phy/App -I../SubGHz_Phy/Target -I../Utilities/trace/adv_trace -I../Drivers/STM32WLxx_HAL_Driver/Inc -I../Drivers/STM32WLxx_HAL_Driver/Inc/Legacy -I../Utilities/misc -I../Utilities/timer -I../Utilities/lpm/tiny_lpm -I../Drivers/CMSIS/Device/ST/STM32WLxx/Include -I../Middlewares/Third_Party/SubGHz_Phy -I../Middlewares/Third_Party/SubGHz_Phy/stm32_radio_driver -I../Drivers/CMSIS/Include -I../Utilities/sequencer -Os -ffunction-sections -fdata-sections -Wall -fstack-usage -fcyclomatic-complexity -MMD -MP -MF"Drivers/STM32WLxx_HAL_Driver/Src/stm32wlxx_hal_rcc_ex.d" -MT"Drivers/STM32WLxx_HAL_Driver/Src/stm32wlxx_hal_rcc_ex.o" --specs=nano.specs -mfloat-abi=soft -mthumb -o "Drivers/STM32WLxx_HAL_Driver/Src/stm32wlxx_hal_rcc_ex.o"
arm-none-eabi-gcc "../Drivers/STM32WLxx_HAL_Driver/Src/stm32wlxx_hal_rng.c" -mcpu=cortex-m4 -std=gnu11 -g3 -DDEBUG -DCORE_CM4 -DUSE_HAL_DRIVER -DSTM32WLE5xx -c -I../Core/Inc -I../SubGHz_Phy/App -I../SubGHz_Phy/Target -I../Utilities/trace/adv_trace -I../Drivers/STM32WLxx_HAL_Driver/Inc -I../Drivers/STM32WLxx_HAL_Driver/Inc/Legacy -I../Utilities/misc -I../Utilities/timer -I../Utilities/lpm/tiny_lpm -I../Drivers/CMSIS/Device/ST/STM32WLxx/Include -I../Middlewares/Third_Party/SubGHz_Phy -I../Middlewares/Third_Party/SubGHz_Phy/stm32_radio_driver -I../Drivers/CMSIS/Include -I../Utilities/sequencer -Os -ffunction-sections -fdata-sections -Wall -fstack-usage -fcyclomatic-complexity -MMD -MP -MF"Drivers/STM32WLxx_HAL_Driver/Src/stm32wlxx_hal_rng.d" -MT"Drivers/STM32WLxx_HAL_Driver/Src/stm32wlxx_hal_rng.o" --specs=nano.specs -mfloat-abi=soft -mthumb -o "Drivers/STM32WLxx_HAL_Driver/Src/stm32wlxx_hal_rng.o"
arm-none-eabi-gcc "../Drivers/STM32WLxx_HAL_Driver/Src/stm32wlxx_hal_rng_ex.c" -mcpu=cortex-m4 -std=gnu11 -g3 -DDEBUG -DCORE_CM4 -DUSE_HAL_DRIVER -DSTM32WLE5xx -c -I../Core/Inc -I../SubGHz_Phy/App -I../SubGHz_Phy/Target -I../Utilities/trace/adv_trace -I../Drivers/STM32WLxx_HAL_Driver/Inc -I../Drivers/STM32WLxx_HAL_Driver/Inc/Legacy -I../Utilities/misc -I../Utilities/timer -I../Utilities/lpm/tiny_lpm -I../Drivers/CMSIS/Device/ST/STM32WLxx/Include -I../Middlewares/Third_Party/SubGHz_Phy -I../Middlewares/Third_Party/SubGHz_Phy/stm32_radio_driver -I../Drivers/CMSIS/Include -I../Utilities/sequencer -Os -ffunction-sections -fdata-sections -Wall -fstack-usage -fcyclomatic-complexity -MMD -MP -MF"Drivers/STM32WLxx_HAL_Driver/Src/stm32wlxx_hal_rng_ex.d" -MT"Drivers/STM32WLxx_HAL_Driver/Src/stm32wlxx_hal_rng_ex.o" --specs=nano.specs -mfloat-abi=soft -mthumb -o "Drivers/STM32WLxx_HAL_Driver/Src/stm32wlxx_hal_rng_ex.o"
arm-none-eabi-gcc "../Drivers/STM32WLxx_HAL_Driver/Src/stm32wlxx_hal_rtc.c" -mcpu=cortex-m4 -std=gnu11 -g3 -DDEBUG -DCORE_CM4 -DUSE_HAL_DRIVER -DSTM32WLE5xx -c -I../Core/Inc -I../SubGHz_Phy/App -I../SubGHz_Phy/Target -I../Utilities/trace/adv_trace -I../Drivers/STM32WLxx_HAL_Driver/Inc -I../Drivers/STM32WLxx_HAL_Driver/Inc/Legacy -I../Utilities/misc -I../Utilities/timer -I../Utilities/lpm/tiny_lpm -I../Drivers/CMSIS/Device/ST/STM32WLxx/Include -I../Middlewares/Third_Party/SubGHz_Phy -I../Middlewares/Third_Party/SubGHz_Phy/stm32_radio_driver -I../Drivers/CMSIS/Include -I../Utilities/sequencer -Os -ffunction-sections -fdata-sections -Wall -fstack-usage -fcyclomatic-complexity -MMD -MP -MF"Drivers/STM32WLxx_HAL_Driver/Src/stm32wlxx_hal_rtc.d" -MT"Drivers/STM32WLxx_HAL_Driver/Src/stm32wlxx_hal_rtc.o" --specs=nano.specs -mfloat-abi=soft -mthumb -o "Drivers/STM32WLxx_HAL_Driver/Src/stm32wlxx_hal_rtc.o"
arm-none-eabi-gcc "../Drivers/STM32WLxx_HAL_Driver/Src/stm32wlxx_hal_rtc_ex.c" -mcpu=cortex-m4 -std=gnu11 -g3 -DDEBUG -DCORE_CM4 -DUSE_HAL_DRIVER -DSTM32WLE5xx -c -I../Core/Inc -I../SubGHz_Phy/App -I../SubGHz_Phy/Target -I../Utilities/trace/adv_trace -I../Drivers/STM32WLxx_HAL_Driver/Inc -I../Drivers/STM32WLxx_HAL_Driver/Inc/Legacy -I../Utilities/misc -I../Utilities/timer -I../Utilities/lpm/tiny_lpm -I../Drivers/CMSIS/Device/ST/STM32WLxx/Include -I../Middlewares/Third_Party/SubGHz_Phy -I../Middlewares/Third_Party/SubGHz_Phy/stm32_radio_driver -I../Drivers/CMSIS/Include -I../Utilities/sequencer -Os -ffunction-sections -fdata-sections -Wall -fstack-usage -fcyclomatic-complexity -MMD -MP -MF"Drivers/STM32WLxx_HAL_Driver/Src/stm32wlxx_hal_rtc_ex.d" -MT"Drivers/STM32WLxx_HAL_Driver/Src/stm32wlxx_hal_rtc_ex.o" --specs=nano.specs -mfloat-abi=soft -mthumb -o "Drivers/STM32WLxx_HAL_Driver/Src/stm32wlxx_hal_rtc_ex.o"
arm-none-eabi-gcc "../Drivers/STM32WLxx_HAL_Driver/Src/stm32wlxx_hal_subghz.c" -mcpu=cortex-m4 -std=gnu11 -g3 -DDEBUG -DCORE_CM4 -DUSE_HAL_DRIVER -DSTM32WLE5xx -c -I../Core/Inc -I../SubGHz_Phy/App -I../SubGHz_Phy/Target -I../Utilities/trace/adv_trace -I../Drivers/STM32WLxx_HAL_Driver/Inc -I../Drivers/STM32WLxx_HAL_Driver/Inc/Legacy -I../Utilities/misc -I../Utilities/timer -I../Utilities/lpm/tiny_lpm -I../Drivers/CMSIS/Device/ST/STM32WLxx/Include -I../Middlewares/Third_Party/SubGHz_Phy -I../Middlewares/Third_Party/SubGHz_Phy/stm32_radio_driver -I../Drivers/CMSIS/Include -I../Utilities/sequencer -Os -ffunction-sections -fdata-sections -Wall -fstack-usage -fcyclomatic-complexity -MMD -MP -MF"Drivers/STM32WLxx_HAL_Driver/Src/stm32wlxx_hal_subghz.d" -MT"Drivers/STM32WLxx_HAL_Driver/Src/stm32wlxx_hal_subghz.o" --specs=nano.specs -mfloat-abi=soft -mthumb -o "Drivers/STM32WLxx_HAL_Driver/Src/stm32wlxx_hal_subghz.o"
arm-none-eabi-gcc "../Drivers/STM32WLxx_HAL_Driver/Src/stm32wlxx_hal_uart.c" -mcpu=cortex-m4 -std=gnu11 -g3 -DDEBUG -DCORE_CM4 -DUSE_HAL_DRIVER -DSTM32WLE5xx -c -I../Core/Inc -I../SubGHz_Phy/App -I../SubGHz_Phy/Target -I../Utilities/trace/adv_trace -I../Drivers/STM32WLxx_HAL_Driver/Inc -I../Drivers/STM32WLxx_HAL_Driver/Inc/Legacy -I../Utilities/misc -I../Utilities/timer -I../Utilities/lpm/tiny_lpm -I../Drivers/CMSIS/Device/ST/STM32WLxx/Include -I../Middlewares/Third_Party/SubGHz_Phy -I../Middlewares/Third_Party/SubGHz_Phy/stm32_radio_driver -I../Drivers/CMSIS/Include -I../Utilities/sequencer -Os -ffunction-sections -fdata-sections -Wall -fstack-usage -fcyclomatic-complexity -MMD -MP -MF"Drivers/STM32WLxx_HAL_Driver/Src/stm32wlxx_hal_uart.d" -MT"Drivers/STM32WLxx_HAL_Driver/Src/stm32wlxx_hal_uart.o" --specs=nano.specs -mfloat-abi=soft -mthumb -o "Drivers/STM32WLxx_HAL_Driver/Src/stm32wlxx_hal_uart.o"
arm-none-eabi-gcc "../Drivers/STM32WLxx_HAL_Driver/Src/stm32wlxx_hal_uart_ex.c" -mcpu=cortex-m4 -std=gnu11 -g3 -DDEBUG -DCORE_CM4 -DUSE_HAL_DRIVER -DSTM32WLE5xx -c -I../Core/Inc -I../SubGHz_Phy/App -I../SubGHz_Phy/Target -I../Utilities/trace/adv_trace -I../Drivers/STM32WLxx_HAL_Driver/Inc -I../Drivers/STM32WLxx_HAL_Driver/Inc/Legacy -I../Utilities/misc -I../Utilities/timer -I../Utilities/lpm/tiny_lpm -I../Drivers/CMSIS/Device/ST/STM32WLxx/Include -I../Middlewares/Third_Party/SubGHz_Phy -I../Middlewares/Third_Party/SubGHz_Phy/stm32_radio_driver -I../Drivers/CMSIS/Include -I../Utilities/sequencer -Os -ffunction-sections -fdata-sections -Wall -fstack-usage -fcyclomatic-complexity -MMD -MP -MF"Drivers/STM32WLxx_HAL_Driver/Src/stm32wlxx_hal_uart_ex.d" -MT"Drivers/STM32WLxx_HAL_Driver/Src/stm32wlxx_hal_uart_ex.o" --specs=nano.specs -mfloat-abi=soft -mthumb -o "Drivers/STM32WLxx_HAL_Driver/Src/stm32wlxx_hal_uart_ex.o"
arm-none-eabi-gcc -mcpu=cortex-m4 -g3 -DDEBUG -c -I../Core/Inc -I../SubGHz_Phy/App -I../SubGHz_Phy/Target -I../Utilities/trace/adv_trace -I../Drivers/STM32WLxx_HAL_Driver/Inc -I../Drivers/STM32WLxx_HAL_Driver/Inc/Legacy -I../Utilities/misc -I../Utilities/timer -I../Utilities/lpm/tiny_lpm -I../Middlewares/Third_Party/FreeRTOS/Source/include -I../Middlewares/Third_Party/FreeRTOS/Source/CMSIS_RTOS_V2 -I../Middlewares/Third_Party/FreeRTOS/Source/portable/GCC/ARM_CM3 -I../Drivers/CMSIS/Device/ST/STM32WLxx/Include -I../Middlewares/Third_Party/SubGHz_Phy -I../Middlewares/Third_Party/SubGHz_Phy/stm32_radio_driver -I../Drivers/CMSIS/Include -x assembler-with-cpp -MMD -MP -MF"Core/Startup/startup_stm32wle5ccux.d" -MT"Core/Startup/startup_stm32wle5ccux.o" --specs=nano.specs -mfloat-abi=soft -mthumb -o "Core/Startup/startup_stm32wle5ccux.o" "../Core/Startup/startup_stm32wle5ccux.s"
arm-none-eabi-gcc "../Core/Src/aes.c" -mcpu=cortex-m4 -std=gnu11 -g3 -DDEBUG -DCORE_CM4 -DUSE_HAL_DRIVER -DSTM32WLE5xx -c -I../Core/Inc -I../SubGHz_Phy/App -I../SubGHz_Phy/Target -I../Utilities/trace/adv_trace -I../Drivers/STM32WLxx_HAL_Driver/Inc -I../Drivers/STM32WLxx_HAL_Driver/Inc/Legacy -I../Utilities/misc -I../Utilities/timer -I../Utilities/lpm/tiny_lpm -I../Drivers/CMSIS/Device/ST/STM32WLxx/Include -I../Middlewares/Third_Party/SubGHz_Phy -I../Middlewares/Third_Party/SubGHz_Phy/stm32_radio_driver -I../Drivers/CMSIS/Include -I../Utilities/sequencer -Os -ffunction-sections -fdata-sections -Wall -fstack-usage -fcyclomatic-complexity -MMD -MP -MF"Core/Src/aes.d" -MT"Core/Src/aes.o" --specs=nano.specs -mfloat-abi=soft -mthumb -o "Core/Src/aes.o"
arm-none-eabi-gcc "../Core/Src/dma.c" -mcpu=cortex-m4 -std=gnu11 -g3 -DDEBUG -DCORE_CM4 -DUSE_HAL_DRIVER -DSTM32WLE5xx -c -I../Core/Inc -I../SubGHz_Phy/App -I../SubGHz_Phy/Target -I../Utilities/trace/adv_trace -I../Drivers/STM32WLxx_HAL_Driver/Inc -I../Drivers/STM32WLxx_HAL_Driver/Inc/Legacy -I../Utilities/misc -I../Utilities/timer -I../Utilities/lpm/tiny_lpm -I../Drivers/CMSIS/Device/ST/STM32WLxx/Include -I../Middlewares/Third_Party/SubGHz_Phy -I../Middlewares/Third_Party/SubGHz_Phy/stm32_radio_driver -I../Drivers/CMSIS/Include -I../Utilities/sequencer -Os -ffunction-sections -fdata-sections -Wall -fstack-usage -fcyclomatic-complexity -MMD -MP -MF"Core/Src/dma.d" -MT"Core/Src/dma.o" --specs=nano.specs -mfloat-abi=soft -mthumb -o "Core/Src/dma.o"
arm-none-eabi-gcc "../Core/Src/gpio.c" -mcpu=cortex-m4 -std=gnu11 -g3 -DDEBUG -DCORE_CM4 -DUSE_HAL_DRIVER -DSTM32WLE5xx -c -I../Core/Inc -I../SubGHz_Phy/App -I../SubGHz_Phy/Target -I../Utilities/trace/adv_trace -I../Drivers/STM32WLxx_HAL_Driver/Inc -I../Drivers/STM32WLxx_HAL_Driver/Inc/Legacy -I../Utilities/misc -I../Utilities/timer -I../Utilities/lpm/tiny_lpm -I../Drivers/CMSIS/Device/ST/STM32WLxx/Include -I../Middlewares/Third_Party/SubGHz_Phy -I../Middlewares/Third_Party/SubGHz_Phy/stm32_radio_driver -I../Drivers/CMSIS/Include -I../Utilities/sequencer -Os -ffunction-sections -fdata-sections -Wall -fstack-usage -fcyclomatic-complexity -MMD -MP -MF"Core/Src/gpio.d" -MT"Core/Src/gpio.o" --specs=nano.specs -mfloat-abi=soft -mthumb -o "Core/Src/gpio.o"
arm-none-eabi-gcc "../Core/Src/main.c" -mcpu=cortex-m4 -std=gnu11 -g3 -DDEBUG -DCORE_CM4 -DUSE_HAL_DRIVER -DSTM32WLE5xx -c -I../Core/Inc -I../SubGHz_Phy/App -I../SubGHz_Phy/Target -I../Utilities/trace/adv_trace -I../Drivers/STM32WLxx_HAL_Driver/Inc -I../Drivers/STM32WLxx_HAL_Driver/Inc/Legacy -I../Utilities/misc -I../Utilities/timer -I../Utilities/lpm/tiny_lpm -I../Drivers/CMSIS/Device/ST/STM32WLxx/Include -I../Middlewares/Third_Party/SubGHz_Phy -I../Middlewares/Third_Party/SubGHz_Phy/stm32_radio_driver -I../Drivers/CMSIS/Include -I../Utilities/sequencer -Os -ffunction-sections -fdata-sections -Wall -fstack-usage -fcyclomatic-complexity -MMD -MP -MF"Core/Src/main.d" -MT"Core/Src/main.o" --specs=nano.specs -mfloat-abi=soft -mthumb -o "Core/Src/main.o"
arm-none-eabi-gcc "../Core/Src/rak3172LoRa.c" -mcpu=cortex-m4 -std=gnu11 -g3 -DDEBUG -DCORE_CM4 -DUSE_HAL_DRIVER -DSTM32WLE5xx -c -I../Core/Inc -I../SubGHz_Phy/App -I../SubGHz_Phy/Target -I../Utilities/trace/adv_trace -I../Drivers/STM32WLxx_HAL_Driver/Inc -I../Drivers/STM32WLxx_HAL_Driver/Inc/Legacy -I../Utilities/misc -I../Utilities/timer -I../Utilities/lpm/tiny_lpm -I../Drivers/CMSIS/Device/ST/STM32WLxx/Include -I../Middlewares/Third_Party/SubGHz_Phy -I../Middlewares/Third_Party/SubGHz_Phy/stm32_radio_driver -I../Drivers/CMSIS/Include -I../Utilities/sequencer -Os -ffunction-sections -fdata-sections -Wall -fstack-usage -fcyclomatic-complexity -MMD -MP -MF"Core/Src/rak3172LoRa.d" -MT"Core/Src/rak3172LoRa.o" --specs=nano.specs -mfloat-abi=soft -mthumb -o "Core/Src/rak3172LoRa.o"
arm-none-eabi-gcc "../Core/Src/rng.c" -mcpu=cortex-m4 -std=gnu11 -g3 -DDEBUG -DCORE_CM4 -DUSE_HAL_DRIVER -DSTM32WLE5xx -c -I../Core/Inc -I../SubGHz_Phy/App -I../SubGHz_Phy/Target -I../Utilities/trace/adv_trace -I../Drivers/STM32WLxx_HAL_Driver/Inc -I../Drivers/STM32WLxx_HAL_Driver/Inc/Legacy -I../Utilities/misc -I../Utilities/timer -I../Utilities/lpm/tiny_lpm -I../Drivers/CMSIS/Device/ST/STM32WLxx/Include -I../Middlewares/Third_Party/SubGHz_Phy -I../Middlewares/Third_Party/SubGHz_Phy/stm32_radio_driver -I../Drivers/CMSIS/Include -I../Utilities/sequencer -Os -ffunction-sections -fdata-sections -Wall -fstack-usage -fcyclomatic-complexity -MMD -MP -MF"Core/Src/rng.d" -MT"Core/Src/rng.o" --specs=nano.specs -mfloat-abi=soft -mthumb -o "Core/Src/rng.o"
arm-none-eabi-gcc "../Core/Src/rtc.c" -mcpu=cortex-m4 -std=gnu11 -g3 -DDEBUG -DCORE_CM4 -DUSE_HAL_DRIVER -DSTM32WLE5xx -c -I../Core/Inc -I../SubGHz_Phy/App -I../SubGHz_Phy/Target -I../Utilities/trace/adv_trace -I../Drivers/STM32WLxx_HAL_Driver/Inc -I../Drivers/STM32WLxx_HAL_Driver/Inc/Legacy -I../Utilities/misc -I../Utilities/timer -I../Utilities/lpm/tiny_lpm -I../Drivers/CMSIS/Device/ST/STM32WLxx/Include -I../Middlewares/Third_Party/SubGHz_Phy -I../Middlewares/Third_Party/SubGHz_Phy/stm32_radio_driver -I../Drivers/CMSIS/Include -I../Utilities/sequencer -Os -ffunction-sections -fdata-sections -Wall -fstack-usage -fcyclomatic-complexity -MMD -MP -MF"Core/Src/rtc.d" -MT"Core/Src/rtc.o" --specs=nano.specs -mfloat-abi=soft -mthumb -o "Core/Src/rtc.o"
arm-none-eabi-gcc "../Core/Src/stm32_lpm_if.c" -mcpu=cortex-m4 -std=gnu11 -g3 -DDEBUG -DCORE_CM4 -DUSE_HAL_DRIVER -DSTM32WLE5xx -c -I../Core/Inc -I../SubGHz_Phy/App -I../SubGHz_Phy/Target -I../Utilities/trace/adv_trace -I../Drivers/STM32WLxx_HAL_Driver/Inc -I../Drivers/STM32WLxx_HAL_Driver/Inc/Legacy -I../Utilities/misc -I../Utilities/timer -I../Utilities/lpm/tiny_lpm -I../Drivers/CMSIS/Device/ST/STM32WLxx/Include -I../Middlewares/Third_Party/SubGHz_Phy -I../Middlewares/Third_Party/SubGHz_Phy/stm32_radio_driver -I../Drivers/CMSIS/Include -I../Utilities/sequencer -Os -ffunction-sections -fdata-sections -Wall -fstack-usage -fcyclomatic-complexity -MMD -MP -MF"Core/Src/stm32_lpm_if.d" -MT"Core/Src/stm32_lpm_if.o" --specs=nano.specs -mfloat-abi=soft -mthumb -o "Core/Src/stm32_lpm_if.o"
arm-none-eabi-gcc "../Core/Src/stm32wlxx_hal_msp.c" -mcpu=cortex-m4 -std=gnu11 -g3 -DDEBUG -DCORE_CM4 -DUSE_HAL_DRIVER -DSTM32WLE5xx -c -I../Core/Inc -I../SubGHz_Phy/App -I../SubGHz_Phy/Target -I../Utilities/trace/adv_trace -I../Drivers/STM32WLxx_HAL_Driver/Inc -I../Drivers/STM32WLxx_HAL_Driver/Inc/Legacy -I../Utilities/misc -I../Utilities/timer -I../Utilities/lpm/tiny_lpm -I../Drivers/CMSIS/Device/ST/STM32WLxx/Include -I../Middlewares/Third_Party/SubGHz_Phy -I../Middlewares/Third_Party/SubGHz_Phy/stm32_radio_driver -I../Drivers/CMSIS/Include -I../Utilities/sequencer -Os -ffunction-sections -fdata-sections -Wall -fstack-usage -fcyclomatic-complexity -MMD -MP -MF"Core/Src/stm32wlxx_hal_msp.d" -MT"Core/Src/stm32wlxx_hal_msp.o" --specs=nano.specs -mfloat-abi=soft -mthumb -o "Core/Src/stm32wlxx_hal_msp.o"
../Core/Src/main.c:60:17: warning: 'timer' defined but not used [-Wunused-variable]
   60 | static uint32_t timer=0;
      |                 ^~~~~
arm-none-eabi-gcc "../Core/Src/stm32wlxx_it.c" -mcpu=cortex-m4 -std=gnu11 -g3 -DDEBUG -DCORE_CM4 -DUSE_HAL_DRIVER -DSTM32WLE5xx -c -I../Core/Inc -I../SubGHz_Phy/App -I../SubGHz_Phy/Target -I../Utilities/trace/adv_trace -I../Drivers/STM32WLxx_HAL_Driver/Inc -I../Drivers/STM32WLxx_HAL_Driver/Inc/Legacy -I../Utilities/misc -I../Utilities/timer -I../Utilities/lpm/tiny_lpm -I../Drivers/CMSIS/Device/ST/STM32WLxx/Include -I../Middlewares/Third_Party/SubGHz_Phy -I../Middlewares/Third_Party/SubGHz_Phy/stm32_radio_driver -I../Drivers/CMSIS/Include -I../Utilities/sequencer -Os -ffunction-sections -fdata-sections -Wall -fstack-usage -fcyclomatic-complexity -MMD -MP -MF"Core/Src/stm32wlxx_it.d" -MT"Core/Src/stm32wlxx_it.o" --specs=nano.specs -mfloat-abi=soft -mthumb -o "Core/Src/stm32wlxx_it.o"
arm-none-eabi-gcc "../Core/Src/stm32wlxx_nucleo.c" -mcpu=cortex-m4 -std=gnu11 -g3 -DDEBUG -DCORE_CM4 -DUSE_HAL_DRIVER -DSTM32WLE5xx -c -I../Core/Inc -I../SubGHz_Phy/App -I../SubGHz_Phy/Target -I../Utilities/trace/adv_trace -I../Drivers/STM32WLxx_HAL_Driver/Inc -I../Drivers/STM32WLxx_HAL_Driver/Inc/Legacy -I../Utilities/misc -I../Utilities/timer -I../Utilities/lpm/tiny_lpm -I../Drivers/CMSIS/Device/ST/STM32WLxx/Include -I../Middlewares/Third_Party/SubGHz_Phy -I../Middlewares/Third_Party/SubGHz_Phy/stm32_radio_driver -I../Drivers/CMSIS/Include -I../Utilities/sequencer -Os -ffunction-sections -fdata-sections -Wall -fstack-usage -fcyclomatic-complexity -MMD -MP -MF"Core/Src/stm32wlxx_nucleo.d" -MT"Core/Src/stm32wlxx_nucleo.o" --specs=nano.specs -mfloat-abi=soft -mthumb -o "Core/Src/stm32wlxx_nucleo.o"
arm-none-eabi-gcc "../Core/Src/stm32wlxx_nucleo_radio.c" -mcpu=cortex-m4 -std=gnu11 -g3 -DDEBUG -DCORE_CM4 -DUSE_HAL_DRIVER -DSTM32WLE5xx -c -I../Core/Inc -I../SubGHz_Phy/App -I../SubGHz_Phy/Target -I../Utilities/trace/adv_trace -I../Drivers/STM32WLxx_HAL_Driver/Inc -I../Drivers/STM32WLxx_HAL_Driver/Inc/Legacy -I../Utilities/misc -I../Utilities/timer -I../Utilities/lpm/tiny_lpm -I../Drivers/CMSIS/Device/ST/STM32WLxx/Include -I../Middlewares/Third_Party/SubGHz_Phy -I../Middlewares/Third_Party/SubGHz_Phy/stm32_radio_driver -I../Drivers/CMSIS/Include -I../Utilities/sequencer -Os -ffunction-sections -fdata-sections -Wall -fstack-usage -fcyclomatic-complexity -MMD -MP -MF"Core/Src/stm32wlxx_nucleo_radio.d" -MT"Core/Src/stm32wlxx_nucleo_radio.o" --specs=nano.specs -mfloat-abi=soft -mthumb -o "Core/Src/stm32wlxx_nucleo_radio.o"
arm-none-eabi-gcc "../Core/Src/subghz.c" -mcpu=cortex-m4 -std=gnu11 -g3 -DDEBUG -DCORE_CM4 -DUSE_HAL_DRIVER -DSTM32WLE5xx -c -I../Core/Inc -I../SubGHz_Phy/App -I../SubGHz_Phy/Target -I../Utilities/trace/adv_trace -I../Drivers/STM32WLxx_HAL_Driver/Inc -I../Drivers/STM32WLxx_HAL_Driver/Inc/Legacy -I../Utilities/misc -I../Utilities/timer -I../Utilities/lpm/tiny_lpm -I../Drivers/CMSIS/Device/ST/STM32WLxx/Include -I../Middlewares/Third_Party/SubGHz_Phy -I../Middlewares/Third_Party/SubGHz_Phy/stm32_radio_driver -I../Drivers/CMSIS/Include -I../Utilities/sequencer -Os -ffunction-sections -fdata-sections -Wall -fstack-usage -fcyclomatic-complexity -MMD -MP -MF"Core/Src/subghz.d" -MT"Core/Src/subghz.o" --specs=nano.specs -mfloat-abi=soft -mthumb -o "Core/Src/subghz.o"
arm-none-eabi-gcc "../Core/Src/sys_app.c" -mcpu=cortex-m4 -std=gnu11 -g3 -DDEBUG -DCORE_CM4 -DUSE_HAL_DRIVER -DSTM32WLE5xx -c -I../Core/Inc -I../SubGHz_Phy/App -I../SubGHz_Phy/Target -I../Utilities/trace/adv_trace -I../Drivers/STM32WLxx_HAL_Driver/Inc -I../Drivers/STM32WLxx_HAL_Driver/Inc/Legacy -I../Utilities/misc -I../Utilities/timer -I../Utilities/lpm/tiny_lpm -I../Drivers/CMSIS/Device/ST/STM32WLxx/Include -I../Middlewares/Third_Party/SubGHz_Phy -I../Middlewares/Third_Party/SubGHz_Phy/stm32_radio_driver -I../Drivers/CMSIS/Include -I../Utilities/sequencer -Os -ffunction-sections -fdata-sections -Wall -fstack-usage -fcyclomatic-complexity -MMD -MP -MF"Core/Src/sys_app.d" -MT"Core/Src/sys_app.o" --specs=nano.specs -mfloat-abi=soft -mthumb -o "Core/Src/sys_app.o"
arm-none-eabi-gcc "../Core/Src/sys_debug.c" -mcpu=cortex-m4 -std=gnu11 -g3 -DDEBUG -DCORE_CM4 -DUSE_HAL_DRIVER -DSTM32WLE5xx -c -I../Core/Inc -I../SubGHz_Phy/App -I../SubGHz_Phy/Target -I../Utilities/trace/adv_trace -I../Drivers/STM32WLxx_HAL_Driver/Inc -I../Drivers/STM32WLxx_HAL_Driver/Inc/Legacy -I../Utilities/misc -I../Utilities/timer -I../Utilities/lpm/tiny_lpm -I../Drivers/CMSIS/Device/ST/STM32WLxx/Include -I../Middlewares/Third_Party/SubGHz_Phy -I../Middlewares/Third_Party/SubGHz_Phy/stm32_radio_driver -I../Drivers/CMSIS/Include -I../Utilities/sequencer -Os -ffunction-sections -fdata-sections -Wall -fstack-usage -fcyclomatic-complexity -MMD -MP -MF"Core/Src/sys_debug.d" -MT"Core/Src/sys_debug.o" --specs=nano.specs -mfloat-abi=soft -mthumb -o "Core/Src/sys_debug.o"
arm-none-eabi-gcc "../Core/Src/syscalls.c" -mcpu=cortex-m4 -std=gnu11 -g3 -DDEBUG -DCORE_CM4 -DUSE_HAL_DRIVER -DSTM32WLE5xx -c -I../Core/Inc -I../SubGHz_Phy/App -I../SubGHz_Phy/Target -I../Utilities/trace/adv_trace -I../Drivers/STM32WLxx_HAL_Driver/Inc -I../Drivers/STM32WLxx_HAL_Driver/Inc/Legacy -I../Utilities/misc -I../Utilities/timer -I../Utilities/lpm/tiny_lpm -I../Drivers/CMSIS/Device/ST/STM32WLxx/Include -I../Middlewares/Third_Party/SubGHz_Phy -I../Middlewares/Third_Party/SubGHz_Phy/stm32_radio_driver -I../Drivers/CMSIS/Include -I../Utilities/sequencer -Os -ffunction-sections -fdata-sections -Wall -fstack-usage -fcyclomatic-complexity -MMD -MP -MF"Core/Src/syscalls.d" -MT"Core/Src/syscalls.o" --specs=nano.specs -mfloat-abi=soft -mthumb -o "Core/Src/syscalls.o"
arm-none-eabi-gcc "../Core/Src/sysmem.c" -mcpu=cortex-m4 -std=gnu11 -g3 -DDEBUG -DCORE_CM4 -DUSE_HAL_DRIVER -DSTM32WLE5xx -c -I../Core/Inc -I../SubGHz_Phy/App -I../SubGHz_Phy/Target -I../Utilities/trace/adv_trace -I../Drivers/STM32WLxx_HAL_Driver/Inc -I../Drivers/STM32WLxx_HAL_Driver/Inc/Legacy -I../Utilities/misc -I../Utilities/timer -I../Utilities/lpm/tiny_lpm -I../Drivers/CMSIS/Device/ST/STM32WLxx/Include -I../Middlewares/Third_Party/SubGHz_Phy -I../Middlewares/Third_Party/SubGHz_Phy/stm32_radio_driver -I../Drivers/CMSIS/Include -I../Utilities/sequencer -Os -ffunction-sections -fdata-sections -Wall -fstack-usage -fcyclomatic-complexity -MMD -MP -MF"Core/Src/sysmem.d" -MT"Core/Src/sysmem.o" --specs=nano.specs -mfloat-abi=soft -mthumb -o "Core/Src/sysmem.o"
arm-none-eabi-gcc "../Core/Src/system_stm32wlxx.c" -mcpu=cortex-m4 -std=gnu11 -g3 -DDEBUG -DCORE_CM4 -DUSE_HAL_DRIVER -DSTM32WLE5xx -c -I../Core/Inc -I../SubGHz_Phy/App -I../SubGHz_Phy/Target -I../Utilities/trace/adv_trace -I../Drivers/STM32WLxx_HAL_Driver/Inc -I../Drivers/STM32WLxx_HAL_Driver/Inc/Legacy -I../Utilities/misc -I../Utilities/timer -I../Utilities/lpm/tiny_lpm -I../Drivers/CMSIS/Device/ST/STM32WLxx/Include -I../Middlewares/Third_Party/SubGHz_Phy -I../Middlewares/Third_Party/SubGHz_Phy/stm32_radio_driver -I../Drivers/CMSIS/Include -I../Utilities/sequencer -Os -ffunction-sections -fdata-sections -Wall -fstack-usage -fcyclomatic-complexity -MMD -MP -MF"Core/Src/system_stm32wlxx.d" -MT"Core/Src/system_stm32wlxx.o" --specs=nano.specs -mfloat-abi=soft -mthumb -o "Core/Src/system_stm32wlxx.o"
arm-none-eabi-gcc "../Core/Src/timer_if.c" -mcpu=cortex-m4 -std=gnu11 -g3 -DDEBUG -DCORE_CM4 -DUSE_HAL_DRIVER -DSTM32WLE5xx -c -I../Core/Inc -I../SubGHz_Phy/App -I../SubGHz_Phy/Target -I../Utilities/trace/adv_trace -I../Drivers/STM32WLxx_HAL_Driver/Inc -I../Drivers/STM32WLxx_HAL_Driver/Inc/Legacy -I../Utilities/misc -I../Utilities/timer -I../Utilities/lpm/tiny_lpm -I../Drivers/CMSIS/Device/ST/STM32WLxx/Include -I../Middlewares/Third_Party/SubGHz_Phy -I../Middlewares/Third_Party/SubGHz_Phy/stm32_radio_driver -I../Drivers/CMSIS/Include -I../Utilities/sequencer -Os -ffunction-sections -fdata-sections -Wall -fstack-usage -fcyclomatic-complexity -MMD -MP -MF"Core/Src/timer_if.d" -MT"Core/Src/timer_if.o" --specs=nano.specs -mfloat-abi=soft -mthumb -o "Core/Src/timer_if.o"
arm-none-eabi-gcc "../Core/Src/usart.c" -mcpu=cortex-m4 -std=gnu11 -g3 -DDEBUG -DCORE_CM4 -DUSE_HAL_DRIVER -DSTM32WLE5xx -c -I../Core/Inc -I../SubGHz_Phy/App -I../SubGHz_Phy/Target -I../Utilities/trace/adv_trace -I../Drivers/STM32WLxx_HAL_Driver/Inc -I../Drivers/STM32WLxx_HAL_Driver/Inc/Legacy -I../Utilities/misc -I../Utilities/timer -I../Utilities/lpm/tiny_lpm -I../Drivers/CMSIS/Device/ST/STM32WLxx/Include -I../Middlewares/Third_Party/SubGHz_Phy -I../Middlewares/Third_Party/SubGHz_Phy/stm32_radio_driver -I../Drivers/CMSIS/Include -I../Utilities/sequencer -Os -ffunction-sections -fdata-sections -Wall -fstack-usage -fcyclomatic-complexity -MMD -MP -MF"Core/Src/usart.d" -MT"Core/Src/usart.o" --specs=nano.specs -mfloat-abi=soft -mthumb -o "Core/Src/usart.o"
arm-none-eabi-gcc "../Core/Src/usart_if.c" -mcpu=cortex-m4 -std=gnu11 -g3 -DDEBUG -DCORE_CM4 -DUSE_HAL_DRIVER -DSTM32WLE5xx -c -I../Core/Inc -I../SubGHz_Phy/App -I../SubGHz_Phy/Target -I../Utilities/trace/adv_trace -I../Drivers/STM32WLxx_HAL_Driver/Inc -I../Drivers/STM32WLxx_HAL_Driver/Inc/Legacy -I../Utilities/misc -I../Utilities/timer -I../Utilities/lpm/tiny_lpm -I../Drivers/CMSIS/Device/ST/STM32WLxx/Include -I../Middlewares/Third_Party/SubGHz_Phy -I../Middlewares/Third_Party/SubGHz_Phy/stm32_radio_driver -I../Drivers/CMSIS/Include -I../Utilities/sequencer -Os -ffunction-sections -fdata-sections -Wall -fstack-usage -fcyclomatic-complexity -MMD -MP -MF"Core/Src/usart_if.d" -MT"Core/Src/usart_if.o" --specs=nano.specs -mfloat-abi=soft -mthumb -o "Core/Src/usart_if.o"
arm-none-eabi-gcc -o "Load_Balancer_chSide.elf" @"objects.list"   -mcpu=cortex-m4 -T"D:\Projects\LoRa_SOM\RAK3172_Charger\Load_Balancer_chSide\STM32WLE5CCUX_FLASH.ld" --specs=nosys.specs -Wl,-Map="Load_Balancer_chSide.map" -Wl,--gc-sections -static -u _printf_float -u _scanf_float --specs=nano.specs -mfloat-abi=soft -mthumb -Wl,--start-group -lc -lm -Wl,--end-group
Finished building target: Load_Balancer_chSide.elf
 
arm-none-eabi-size  Load_Balancer_chSide.elf 
arm-none-eabi-objdump -h -S Load_Balancer_chSide.elf  > "Load_Balancer_chSide.list"
arm-none-eabi-objcopy  -O binary Load_Balancer_chSide.elf  "Load_Balancer_chSide.bin"
   text	   data	    bss	    dec	    hex	filename
  50612	    532	   3612	  54756	   d5e4	Load_Balancer_chSide.elf
Finished building: default.size.stdout
 
Finished building: Load_Balancer_chSide.bin
 
Finished building: Load_Balancer_chSide.list
 
12:35:51 **** Incremental Build of configuration Debug for project Load_Balancer_chSide ****
make -j8 all 
arm-none-eabi-gcc "../Core/Src/main.c" -mcpu=cortex-m4 -std=gnu11 -g3 -DDEBUG -DCORE_CM4 -DUSE_HAL_DRIVER -DSTM32WLE5xx -c -I../Core/Inc -I../SubGHz_Phy/App -I../SubGHz_Phy/Target -I../Utilities/trace/adv_trace -I../Drivers/STM32WLxx_HAL_Driver/Inc -I../Drivers/STM32WLxx_HAL_Driver/Inc/Legacy -I../Utilities/misc -I../Utilities/timer -I../Utilities/lpm/tiny_lpm -I../Drivers/CMSIS/Device/ST/STM32WLxx/Include -I../Middlewares/Third_Party/SubGHz_Phy -I../Middlewares/Third_Party/SubGHz_Phy/stm32_radio_driver -I../Drivers/CMSIS/Include -I../Utilities/sequencer -Os -ffunction-sections -fdata-sections -Wall -fstack-usage -fcyclomatic-complexity -MMD -MP -MF"Core/Src/main.d" -MT"Core/Src/main.o" --specs=nano.specs -mfloat-abi=soft -mthumb -o "Core/Src/main.o"
../Core/Src/main.c:60:17: warning: 'timer' defined but not used [-Wunused-variable]
   60 | static uint32_t timer=0;
      |                 ^~~~~
arm-none-eabi-gcc -o "Load_Balancer_chSide.elf" @"objects.list"   -mcpu=cortex-m4 -T"D:\Projects\LoRa_SOM\RAK3172_Charger\Load_Balancer_chSide\STM32WLE5CCUX_FLASH.ld" --specs=nosys.specs -Wl,-Map="Load_Balancer_chSide.map" -Wl,--gc-sections -static -u _printf_float -u _scanf_float --specs=nano.specs -mfloat-abi=soft -mthumb -Wl,--start-group -lc -lm -Wl,--end-group
Finished building target: Load_Balancer_chSide.elf
 
arm-none-eabi-size  Load_Balancer_chSide.elf 
arm-none-eabi-objdump -h -S Load_Balancer_chSide.elf  > "Load_Balancer_chSide.list"
arm-none-eabi-objcopy  -O binary Load_Balancer_chSide.elf  "Load_Balancer_chSide.bin"
   text	   data	    bss	    dec	    hex	filename
  50412	    512	   3608	  54532	   d504	Load_Balancer_chSide.elf
Finished building: default.size.stdout
 
Finished building: Load_Balancer_chSide.bin
 
Finished building: Load_Balancer_chSide.list
 
12:50:45 **** Incremental Build of configuration Debug for project Load_Balancer_chSide ****
make -j8 all 
arm-none-eabi-gcc "../Utilities/trace/adv_trace/stm32_adv_trace.c" -mcpu=cortex-m4 -std=gnu11 -g3 -DDEBUG -DCORE_CM4 -DUSE_HAL_DRIVER -DSTM32WLE5xx -c -I../Core/Inc -I../SubGHz_Phy/App -I../SubGHz_Phy/Target -I../Utilities/trace/adv_trace -I../Drivers/STM32WLxx_HAL_Driver/Inc -I../Drivers/STM32WLxx_HAL_Driver/Inc/Legacy -I../Utilities/misc -I../Utilities/timer -I../Utilities/lpm/tiny_lpm -I../Drivers/CMSIS/Device/ST/STM32WLxx/Include -I../Middlewares/Third_Party/SubGHz_Phy -I../Middlewares/Third_Party/SubGHz_Phy/stm32_radio_driver -I../Drivers/CMSIS/Include -I../Utilities/sequencer -Os -ffunction-sections -fdata-sections -Wall -fstack-usage -fcyclomatic-complexity -MMD -MP -MF"Utilities/trace/adv_trace/stm32_adv_trace.d" -MT"Utilities/trace/adv_trace/stm32_adv_trace.o" --specs=nano.specs -mfloat-abi=soft -mthumb -o "Utilities/trace/adv_trace/stm32_adv_trace.o"
arm-none-eabi-gcc "../Utilities/timer/stm32_timer.c" -mcpu=cortex-m4 -std=gnu11 -g3 -DDEBUG -DCORE_CM4 -DUSE_HAL_DRIVER -DSTM32WLE5xx -c -I../Core/Inc -I../SubGHz_Phy/App -I../SubGHz_Phy/Target -I../Utilities/trace/adv_trace -I../Drivers/STM32WLxx_HAL_Driver/Inc -I../Drivers/STM32WLxx_HAL_Driver/Inc/Legacy -I../Utilities/misc -I../Utilities/timer -I../Utilities/lpm/tiny_lpm -I../Drivers/CMSIS/Device/ST/STM32WLxx/Include -I../Middlewares/Third_Party/SubGHz_Phy -I../Middlewares/Third_Party/SubGHz_Phy/stm32_radio_driver -I../Drivers/CMSIS/Include -I../Utilities/sequencer -Os -ffunction-sections -fdata-sections -Wall -fstack-usage -fcyclomatic-complexity -MMD -MP -MF"Utilities/timer/stm32_timer.d" -MT"Utilities/timer/stm32_timer.o" --specs=nano.specs -mfloat-abi=soft -mthumb -o "Utilities/timer/stm32_timer.o"
arm-none-eabi-gcc "../Utilities/sequencer/stm32_seq.c" -mcpu=cortex-m4 -std=gnu11 -g3 -DDEBUG -DCORE_CM4 -DUSE_HAL_DRIVER -DSTM32WLE5xx -c -I../Core/Inc -I../SubGHz_Phy/App -I../SubGHz_Phy/Target -I../Utilities/trace/adv_trace -I../Drivers/STM32WLxx_HAL_Driver/Inc -I../Drivers/STM32WLxx_HAL_Driver/Inc/Legacy -I../Utilities/misc -I../Utilities/timer -I../Utilities/lpm/tiny_lpm -I../Drivers/CMSIS/Device/ST/STM32WLxx/Include -I../Middlewares/Third_Party/SubGHz_Phy -I../Middlewares/Third_Party/SubGHz_Phy/stm32_radio_driver -I../Drivers/CMSIS/Include -I../Utilities/sequencer -Os -ffunction-sections -fdata-sections -Wall -fstack-usage -fcyclomatic-complexity -MMD -MP -MF"Utilities/sequencer/stm32_seq.d" -MT"Utilities/sequencer/stm32_seq.o" --specs=nano.specs -mfloat-abi=soft -mthumb -o "Utilities/sequencer/stm32_seq.o"
arm-none-eabi-gcc "../Utilities/misc/stm32_mem.c" -mcpu=cortex-m4 -std=gnu11 -g3 -DDEBUG -DCORE_CM4 -DUSE_HAL_DRIVER -DSTM32WLE5xx -c -I../Core/Inc -I../SubGHz_Phy/App -I../SubGHz_Phy/Target -I../Utilities/trace/adv_trace -I../Drivers/STM32WLxx_HAL_Driver/Inc -I../Drivers/STM32WLxx_HAL_Driver/Inc/Legacy -I../Utilities/misc -I../Utilities/timer -I../Utilities/lpm/tiny_lpm -I../Drivers/CMSIS/Device/ST/STM32WLxx/Include -I../Middlewares/Third_Party/SubGHz_Phy -I../Middlewares/Third_Party/SubGHz_Phy/stm32_radio_driver -I../Drivers/CMSIS/Include -I../Utilities/sequencer -Os -ffunction-sections -fdata-sections -Wall -fstack-usage -fcyclomatic-complexity -MMD -MP -MF"Utilities/misc/stm32_mem.d" -MT"Utilities/misc/stm32_mem.o" --specs=nano.specs -mfloat-abi=soft -mthumb -o "Utilities/misc/stm32_mem.o"
arm-none-eabi-gcc "../Utilities/misc/stm32_systime.c" -mcpu=cortex-m4 -std=gnu11 -g3 -DDEBUG -DCORE_CM4 -DUSE_HAL_DRIVER -DSTM32WLE5xx -c -I../Core/Inc -I../SubGHz_Phy/App -I../SubGHz_Phy/Target -I../Utilities/trace/adv_trace -I../Drivers/STM32WLxx_HAL_Driver/Inc -I../Drivers/STM32WLxx_HAL_Driver/Inc/Legacy -I../Utilities/misc -I../Utilities/timer -I../Utilities/lpm/tiny_lpm -I../Drivers/CMSIS/Device/ST/STM32WLxx/Include -I../Middlewares/Third_Party/SubGHz_Phy -I../Middlewares/Third_Party/SubGHz_Phy/stm32_radio_driver -I../Drivers/CMSIS/Include -I../Utilities/sequencer -Os -ffunction-sections -fdata-sections -Wall -fstack-usage -fcyclomatic-complexity -MMD -MP -MF"Utilities/misc/stm32_systime.d" -MT"Utilities/misc/stm32_systime.o" --specs=nano.specs -mfloat-abi=soft -mthumb -o "Utilities/misc/stm32_systime.o"
arm-none-eabi-gcc "../Utilities/misc/stm32_tiny_sscanf.c" -mcpu=cortex-m4 -std=gnu11 -g3 -DDEBUG -DCORE_CM4 -DUSE_HAL_DRIVER -DSTM32WLE5xx -c -I../Core/Inc -I../SubGHz_Phy/App -I../SubGHz_Phy/Target -I../Utilities/trace/adv_trace -I../Drivers/STM32WLxx_HAL_Driver/Inc -I../Drivers/STM32WLxx_HAL_Driver/Inc/Legacy -I../Utilities/misc -I../Utilities/timer -I../Utilities/lpm/tiny_lpm -I../Drivers/CMSIS/Device/ST/STM32WLxx/Include -I../Middlewares/Third_Party/SubGHz_Phy -I../Middlewares/Third_Party/SubGHz_Phy/stm32_radio_driver -I../Drivers/CMSIS/Include -I../Utilities/sequencer -Os -ffunction-sections -fdata-sections -Wall -fstack-usage -fcyclomatic-complexity -MMD -MP -MF"Utilities/misc/stm32_tiny_sscanf.d" -MT"Utilities/misc/stm32_tiny_sscanf.o" --specs=nano.specs -mfloat-abi=soft -mthumb -o "Utilities/misc/stm32_tiny_sscanf.o"
arm-none-eabi-gcc "../Utilities/misc/stm32_tiny_vsnprintf.c" -mcpu=cortex-m4 -std=gnu11 -g3 -DDEBUG -DCORE_CM4 -DUSE_HAL_DRIVER -DSTM32WLE5xx -c -I../Core/Inc -I../SubGHz_Phy/App -I../SubGHz_Phy/Target -I../Utilities/trace/adv_trace -I../Drivers/STM32WLxx_HAL_Driver/Inc -I../Drivers/STM32WLxx_HAL_Driver/Inc/Legacy -I../Utilities/misc -I../Utilities/timer -I../Utilities/lpm/tiny_lpm -I../Drivers/CMSIS/Device/ST/STM32WLxx/Include -I../Middlewares/Third_Party/SubGHz_Phy -I../Middlewares/Third_Party/SubGHz_Phy/stm32_radio_driver -I../Drivers/CMSIS/Include -I../Utilities/sequencer -Os -ffunction-sections -fdata-sections -Wall -fstack-usage -fcyclomatic-complexity -MMD -MP -MF"Utilities/misc/stm32_tiny_vsnprintf.d" -MT"Utilities/misc/stm32_tiny_vsnprintf.o" --specs=nano.specs -mfloat-abi=soft -mthumb -o "Utilities/misc/stm32_tiny_vsnprintf.o"
arm-none-eabi-gcc "../Utilities/lpm/tiny_lpm/stm32_lpm.c" -mcpu=cortex-m4 -std=gnu11 -g3 -DDEBUG -DCORE_CM4 -DUSE_HAL_DRIVER -DSTM32WLE5xx -c -I../Core/Inc -I../SubGHz_Phy/App -I../SubGHz_Phy/Target -I../Utilities/trace/adv_trace -I../Drivers/STM32WLxx_HAL_Driver/Inc -I../Drivers/STM32WLxx_HAL_Driver/Inc/Legacy -I../Utilities/misc -I../Utilities/timer -I../Utilities/lpm/tiny_lpm -I../Drivers/CMSIS/Device/ST/STM32WLxx/Include -I../Middlewares/Third_Party/SubGHz_Phy -I../Middlewares/Third_Party/SubGHz_Phy/stm32_radio_driver -I../Drivers/CMSIS/Include -I../Utilities/sequencer -Os -ffunction-sections -fdata-sections -Wall -fstack-usage -fcyclomatic-complexity -MMD -MP -MF"Utilities/lpm/tiny_lpm/stm32_lpm.d" -MT"Utilities/lpm/tiny_lpm/stm32_lpm.o" --specs=nano.specs -mfloat-abi=soft -mthumb -o "Utilities/lpm/tiny_lpm/stm32_lpm.o"
arm-none-eabi-gcc "../SubGHz_Phy/Target/radio_board_if.c" -mcpu=cortex-m4 -std=gnu11 -g3 -DDEBUG -DCORE_CM4 -DUSE_HAL_DRIVER -DSTM32WLE5xx -c -I../Core/Inc -I../SubGHz_Phy/App -I../SubGHz_Phy/Target -I../Utilities/trace/adv_trace -I../Drivers/STM32WLxx_HAL_Driver/Inc -I../Drivers/STM32WLxx_HAL_Driver/Inc/Legacy -I../Utilities/misc -I../Utilities/timer -I../Utilities/lpm/tiny_lpm -I../Drivers/CMSIS/Device/ST/STM32WLxx/Include -I../Middlewares/Third_Party/SubGHz_Phy -I../Middlewares/Third_Party/SubGHz_Phy/stm32_radio_driver -I../Drivers/CMSIS/Include -I../Utilities/sequencer -Os -ffunction-sections -fdata-sections -Wall -fstack-usage -fcyclomatic-complexity -MMD -MP -MF"SubGHz_Phy/Target/radio_board_if.d" -MT"SubGHz_Phy/Target/radio_board_if.o" --specs=nano.specs -mfloat-abi=soft -mthumb -o "SubGHz_Phy/Target/radio_board_if.o"
arm-none-eabi-gcc "../SubGHz_Phy/App/app_subghz_phy.c" -mcpu=cortex-m4 -std=gnu11 -g3 -DDEBUG -DCORE_CM4 -DUSE_HAL_DRIVER -DSTM32WLE5xx -c -I../Core/Inc -I../SubGHz_Phy/App -I../SubGHz_Phy/Target -I../Utilities/trace/adv_trace -I../Drivers/STM32WLxx_HAL_Driver/Inc -I../Drivers/STM32WLxx_HAL_Driver/Inc/Legacy -I../Utilities/misc -I../Utilities/timer -I../Utilities/lpm/tiny_lpm -I../Drivers/CMSIS/Device/ST/STM32WLxx/Include -I../Middlewares/Third_Party/SubGHz_Phy -I../Middlewares/Third_Party/SubGHz_Phy/stm32_radio_driver -I../Drivers/CMSIS/Include -I../Utilities/sequencer -Os -ffunction-sections -fdata-sections -Wall -fstack-usage -fcyclomatic-complexity -MMD -MP -MF"SubGHz_Phy/App/app_subghz_phy.d" -MT"SubGHz_Phy/App/app_subghz_phy.o" --specs=nano.specs -mfloat-abi=soft -mthumb -o "SubGHz_Phy/App/app_subghz_phy.o"
arm-none-eabi-gcc "../SubGHz_Phy/App/subghz_phy_app.c" -mcpu=cortex-m4 -std=gnu11 -g3 -DDEBUG -DCORE_CM4 -DUSE_HAL_DRIVER -DSTM32WLE5xx -c -I../Core/Inc -I../SubGHz_Phy/App -I../SubGHz_Phy/Target -I../Utilities/trace/adv_trace -I../Drivers/STM32WLxx_HAL_Driver/Inc -I../Drivers/STM32WLxx_HAL_Driver/Inc/Legacy -I../Utilities/misc -I../Utilities/timer -I../Utilities/lpm/tiny_lpm -I../Drivers/CMSIS/Device/ST/STM32WLxx/Include -I../Middlewares/Third_Party/SubGHz_Phy -I../Middlewares/Third_Party/SubGHz_Phy/stm32_radio_driver -I../Drivers/CMSIS/Include -I../Utilities/sequencer -Os -ffunction-sections -fdata-sections -Wall -fstack-usage -fcyclomatic-complexity -MMD -MP -MF"SubGHz_Phy/App/subghz_phy_app.d" -MT"SubGHz_Phy/App/subghz_phy_app.o" --specs=nano.specs -mfloat-abi=soft -mthumb -o "SubGHz_Phy/App/subghz_phy_app.o"
arm-none-eabi-gcc "../Middlewares/Third_Party/SubGHz_Phy/stm32_radio_driver/lr_fhss_mac.c" -mcpu=cortex-m4 -std=gnu11 -g3 -DDEBUG -DCORE_CM4 -DUSE_HAL_DRIVER -DSTM32WLE5xx -c -I../Core/Inc -I../SubGHz_Phy/App -I../SubGHz_Phy/Target -I../Utilities/trace/adv_trace -I../Drivers/STM32WLxx_HAL_Driver/Inc -I../Drivers/STM32WLxx_HAL_Driver/Inc/Legacy -I../Utilities/misc -I../Utilities/timer -I../Utilities/lpm/tiny_lpm -I../Drivers/CMSIS/Device/ST/STM32WLxx/Include -I../Middlewares/Third_Party/SubGHz_Phy -I../Middlewares/Third_Party/SubGHz_Phy/stm32_radio_driver -I../Drivers/CMSIS/Include -I../Utilities/sequencer -Os -ffunction-sections -fdata-sections -Wall -fstack-usage -fcyclomatic-complexity -MMD -MP -MF"Middlewares/Third_Party/SubGHz_Phy/stm32_radio_driver/lr_fhss_mac.d" -MT"Middlewares/Third_Party/SubGHz_Phy/stm32_radio_driver/lr_fhss_mac.o" --specs=nano.specs -mfloat-abi=soft -mthumb -o "Middlewares/Third_Party/SubGHz_Phy/stm32_radio_driver/lr_fhss_mac.o"
arm-none-eabi-gcc "../Middlewares/Third_Party/SubGHz_Phy/stm32_radio_driver/radio.c" -mcpu=cortex-m4 -std=gnu11 -g3 -DDEBUG -DCORE_CM4 -DUSE_HAL_DRIVER -DSTM32WLE5xx -c -I../Core/Inc -I../SubGHz_Phy/App -I../SubGHz_Phy/Target -I../Utilities/trace/adv_trace -I../Drivers/STM32WLxx_HAL_Driver/Inc -I../Drivers/STM32WLxx_HAL_Driver/Inc/Legacy -I../Utilities/misc -I../Utilities/timer -I../Utilities/lpm/tiny_lpm -I../Drivers/CMSIS/Device/ST/STM32WLxx/Include -I../Middlewares/Third_Party/SubGHz_Phy -I../Middlewares/Third_Party/SubGHz_Phy/stm32_radio_driver -I../Drivers/CMSIS/Include -I../Utilities/sequencer -Os -ffunction-sections -fdata-sections -Wall -fstack-usage -fcyclomatic-complexity -MMD -MP -MF"Middlewares/Third_Party/SubGHz_Phy/stm32_radio_driver/radio.d" -MT"Middlewares/Third_Party/SubGHz_Phy/stm32_radio_driver/radio.o" --specs=nano.specs -mfloat-abi=soft -mthumb -o "Middlewares/Third_Party/SubGHz_Phy/stm32_radio_driver/radio.o"
arm-none-eabi-gcc "../Middlewares/Third_Party/SubGHz_Phy/stm32_radio_driver/radio_driver.c" -mcpu=cortex-m4 -std=gnu11 -g3 -DDEBUG -DCORE_CM4 -DUSE_HAL_DRIVER -DSTM32WLE5xx -c -I../Core/Inc -I../SubGHz_Phy/App -I../SubGHz_Phy/Target -I../Utilities/trace/adv_trace -I../Drivers/STM32WLxx_HAL_Driver/Inc -I../Drivers/STM32WLxx_HAL_Driver/Inc/Legacy -I../Utilities/misc -I../Utilities/timer -I../Utilities/lpm/tiny_lpm -I../Drivers/CMSIS/Device/ST/STM32WLxx/Include -I../Middlewares/Third_Party/SubGHz_Phy -I../Middlewares/Third_Party/SubGHz_Phy/stm32_radio_driver -I../Drivers/CMSIS/Include -I../Utilities/sequencer -Os -ffunction-sections -fdata-sections -Wall -fstack-usage -fcyclomatic-complexity -MMD -MP -MF"Middlewares/Third_Party/SubGHz_Phy/stm32_radio_driver/radio_driver.d" -MT"Middlewares/Third_Party/SubGHz_Phy/stm32_radio_driver/radio_driver.o" --specs=nano.specs -mfloat-abi=soft -mthumb -o "Middlewares/Third_Party/SubGHz_Phy/stm32_radio_driver/radio_driver.o"
arm-none-eabi-gcc "../Middlewares/Third_Party/SubGHz_Phy/stm32_radio_driver/radio_fw.c" -mcpu=cortex-m4 -std=gnu11 -g3 -DDEBUG -DCORE_CM4 -DUSE_HAL_DRIVER -DSTM32WLE5xx -c -I../Core/Inc -I../SubGHz_Phy/App -I../SubGHz_Phy/Target -I../Utilities/trace/adv_trace -I../Drivers/STM32WLxx_HAL_Driver/Inc -I../Drivers/STM32WLxx_HAL_Driver/Inc/Legacy -I../Utilities/misc -I../Utilities/timer -I../Utilities/lpm/tiny_lpm -I../Drivers/CMSIS/Device/ST/STM32WLxx/Include -I../Middlewares/Third_Party/SubGHz_Phy -I../Middlewares/Third_Party/SubGHz_Phy/stm32_radio_driver -I../Drivers/CMSIS/Include -I../Utilities/sequencer -Os -ffunction-sections -fdata-sections -Wall -fstack-usage -fcyclomatic-complexity -MMD -MP -MF"Middlewares/Third_Party/SubGHz_Phy/stm32_radio_driver/radio_fw.d" -MT"Middlewares/Third_Party/SubGHz_Phy/stm32_radio_driver/radio_fw.o" --specs=nano.specs -mfloat-abi=soft -mthumb -o "Middlewares/Third_Party/SubGHz_Phy/stm32_radio_driver/radio_fw.o"
arm-none-eabi-gcc "../Middlewares/Third_Party/SubGHz_Phy/stm32_radio_driver/wl_lr_fhss.c" -mcpu=cortex-m4 -std=gnu11 -g3 -DDEBUG -DCORE_CM4 -DUSE_HAL_DRIVER -DSTM32WLE5xx -c -I../Core/Inc -I../SubGHz_Phy/App -I../SubGHz_Phy/Target -I../Utilities/trace/adv_trace -I../Drivers/STM32WLxx_HAL_Driver/Inc -I../Drivers/STM32WLxx_HAL_Driver/Inc/Legacy -I../Utilities/misc -I../Utilities/timer -I../Utilities/lpm/tiny_lpm -I../Drivers/CMSIS/Device/ST/STM32WLxx/Include -I../Middlewares/Third_Party/SubGHz_Phy -I../Middlewares/Third_Party/SubGHz_Phy/stm32_radio_driver -I../Drivers/CMSIS/Include -I../Utilities/sequencer -Os -ffunction-sections -fdata-sections -Wall -fstack-usage -fcyclomatic-complexity -MMD -MP -MF"Middlewares/Third_Party/SubGHz_Phy/stm32_radio_driver/wl_lr_fhss.d" -MT"Middlewares/Third_Party/SubGHz_Phy/stm32_radio_driver/wl_lr_fhss.o" --specs=nano.specs -mfloat-abi=soft -mthumb -o "Middlewares/Third_Party/SubGHz_Phy/stm32_radio_driver/wl_lr_fhss.o"
arm-none-eabi-gcc "../Drivers/STM32WLxx_HAL_Driver/Src/stm32wlxx_hal.c" -mcpu=cortex-m4 -std=gnu11 -g3 -DDEBUG -DCORE_CM4 -DUSE_HAL_DRIVER -DSTM32WLE5xx -c -I../Core/Inc -I../SubGHz_Phy/App -I../SubGHz_Phy/Target -I../Utilities/trace/adv_trace -I../Drivers/STM32WLxx_HAL_Driver/Inc -I../Drivers/STM32WLxx_HAL_Driver/Inc/Legacy -I../Utilities/misc -I../Utilities/timer -I../Utilities/lpm/tiny_lpm -I../Drivers/CMSIS/Device/ST/STM32WLxx/Include -I../Middlewares/Third_Party/SubGHz_Phy -I../Middlewares/Third_Party/SubGHz_Phy/stm32_radio_driver -I../Drivers/CMSIS/Include -I../Utilities/sequencer -Os -ffunction-sections -fdata-sections -Wall -fstack-usage -fcyclomatic-complexity -MMD -MP -MF"Drivers/STM32WLxx_HAL_Driver/Src/stm32wlxx_hal.d" -MT"Drivers/STM32WLxx_HAL_Driver/Src/stm32wlxx_hal.o" --specs=nano.specs -mfloat-abi=soft -mthumb -o "Drivers/STM32WLxx_HAL_Driver/Src/stm32wlxx_hal.o"
arm-none-eabi-gcc "../Drivers/STM32WLxx_HAL_Driver/Src/stm32wlxx_hal_cortex.c" -mcpu=cortex-m4 -std=gnu11 -g3 -DDEBUG -DCORE_CM4 -DUSE_HAL_DRIVER -DSTM32WLE5xx -c -I../Core/Inc -I../SubGHz_Phy/App -I../SubGHz_Phy/Target -I../Utilities/trace/adv_trace -I../Drivers/STM32WLxx_HAL_Driver/Inc -I../Drivers/STM32WLxx_HAL_Driver/Inc/Legacy -I../Utilities/misc -I../Utilities/timer -I../Utilities/lpm/tiny_lpm -I../Drivers/CMSIS/Device/ST/STM32WLxx/Include -I../Middlewares/Third_Party/SubGHz_Phy -I../Middlewares/Third_Party/SubGHz_Phy/stm32_radio_driver -I../Drivers/CMSIS/Include -I../Utilities/sequencer -Os -ffunction-sections -fdata-sections -Wall -fstack-usage -fcyclomatic-complexity -MMD -MP -MF"Drivers/STM32WLxx_HAL_Driver/Src/stm32wlxx_hal_cortex.d" -MT"Drivers/STM32WLxx_HAL_Driver/Src/stm32wlxx_hal_cortex.o" --specs=nano.specs -mfloat-abi=soft -mthumb -o "Drivers/STM32WLxx_HAL_Driver/Src/stm32wlxx_hal_cortex.o"
arm-none-eabi-gcc "../Drivers/STM32WLxx_HAL_Driver/Src/stm32wlxx_hal_dma.c" -mcpu=cortex-m4 -std=gnu11 -g3 -DDEBUG -DCORE_CM4 -DUSE_HAL_DRIVER -DSTM32WLE5xx -c -I../Core/Inc -I../SubGHz_Phy/App -I../SubGHz_Phy/Target -I../Utilities/trace/adv_trace -I../Drivers/STM32WLxx_HAL_Driver/Inc -I../Drivers/STM32WLxx_HAL_Driver/Inc/Legacy -I../Utilities/misc -I../Utilities/timer -I../Utilities/lpm/tiny_lpm -I../Drivers/CMSIS/Device/ST/STM32WLxx/Include -I../Middlewares/Third_Party/SubGHz_Phy -I../Middlewares/Third_Party/SubGHz_Phy/stm32_radio_driver -I../Drivers/CMSIS/Include -I../Utilities/sequencer -Os -ffunction-sections -fdata-sections -Wall -fstack-usage -fcyclomatic-complexity -MMD -MP -MF"Drivers/STM32WLxx_HAL_Driver/Src/stm32wlxx_hal_dma.d" -MT"Drivers/STM32WLxx_HAL_Driver/Src/stm32wlxx_hal_dma.o" --specs=nano.specs -mfloat-abi=soft -mthumb -o "Drivers/STM32WLxx_HAL_Driver/Src/stm32wlxx_hal_dma.o"
arm-none-eabi-gcc "../Drivers/STM32WLxx_HAL_Driver/Src/stm32wlxx_hal_dma_ex.c" -mcpu=cortex-m4 -std=gnu11 -g3 -DDEBUG -DCORE_CM4 -DUSE_HAL_DRIVER -DSTM32WLE5xx -c -I../Core/Inc -I../SubGHz_Phy/App -I../SubGHz_Phy/Target -I../Utilities/trace/adv_trace -I../Drivers/STM32WLxx_HAL_Driver/Inc -I../Drivers/STM32WLxx_HAL_Driver/Inc/Legacy -I../Utilities/misc -I../Utilities/timer -I../Utilities/lpm/tiny_lpm -I../Drivers/CMSIS/Device/ST/STM32WLxx/Include -I../Middlewares/Third_Party/SubGHz_Phy -I../Middlewares/Third_Party/SubGHz_Phy/stm32_radio_driver -I../Drivers/CMSIS/Include -I../Utilities/sequencer -Os -ffunction-sections -fdata-sections -Wall -fstack-usage -fcyclomatic-complexity -MMD -MP -MF"Drivers/STM32WLxx_HAL_Driver/Src/stm32wlxx_hal_dma_ex.d" -MT"Drivers/STM32WLxx_HAL_Driver/Src/stm32wlxx_hal_dma_ex.o" --specs=nano.specs -mfloat-abi=soft -mthumb -o "Drivers/STM32WLxx_HAL_Driver/Src/stm32wlxx_hal_dma_ex.o"
[...]
   text	   data	    bss	    dec	    hex	filename
  57464	    516	   3768	  61748	   f134	Load_Balancer_chSide.elf
Finished building: default.size.stdout
 
20:40:48 **** Incremental Build of configuration Debug for project Load_Balancer_chSide ****
make -j12 all 
arm-none-eabi-size  Load_Balancer_chSide.elf 
   text	   data	    bss	    dec	    hex	filename
  57464	    516	   3768	  61748	   f134	Load_Balancer_chSide.elf
Finished building: default.size.stdout
 
20:43:44 **** Incremental Build of configuration Debug for project Load_Balancer_chSide ****
make -j12 all 
arm-none-eabi-gcc "../Core/Src/main.c" -mcpu=cortex-m4 -std=gnu11 -g3 -DDEBUG -DCORE_CM4 -DUSE_HAL_DRIVER -DSTM32WLE5xx -c -I../Core/Inc -I../SubGHz_Phy/App -I../SubGHz_Phy/Target -I../Utilities/trace/adv_trace -I../Drivers/STM32WLxx_HAL_Driver/Inc -I../Drivers/STM32WLxx_HAL_Driver/Inc/Legacy -I../Utilities/misc -I../Utilities/timer -I../Utilities/lpm/tiny_lpm -I../Drivers/CMSIS/Device/ST/STM32WLxx/Include -I../Middlewares/Third_Party/SubGHz_Phy -I../Middlewares/Third_Party/SubGHz_Phy/stm32_radio_driver -I../Drivers/CMSIS/Include -I../Utilities/sequencer -Os -ffunction-sections -fdata-sections -Wall -fstack-usage -fcyclomatic-complexity -MMD -MP -MF"Core/Src/main.d" -MT"Core/Src/main.o" --specs=nano.specs -mfloat-abi=soft -mthumb -o "Core/Src/main.o"
../Core/Src/main.c: In function 'main':
../Core/Src/main.c:140:32: warning: passing argument 2 of 'Flash_Read_data' from incompatible pointer type [-Wincompatible-pointer-types]
  140 |   Flash_Read_data(CONFIG_ADDR, LBtype, 2);
      |                                ^~~~~~
      |                                |
      |                                uint64_t * {aka long long unsigned int *}
In file included from ../Core/Src/main.c:37:
../Core/Inc/Flashlib.h:18:62: note: expected 'uint8_t *' {aka 'unsigned char *'} but argument is of type 'uint64_t *' {aka 'long long unsigned int *'}
   18 | HAL_StatusTypeDef Flash_Read_data(uint32_t address, uint8_t *buffer, uint32_t length);
      |                                                     ~~~~~~~~~^~~~~~
arm-none-eabi-gcc -o "Load_Balancer_chSide.elf" @"objects.list"   -mcpu=cortex-m4 -T"D:\Projects\LoRa_SOM\RAK3172_Charger\Load_Balancer_chSide\STM32WLE5CCUX_FLASH.ld" --specs=nosys.specs -Wl,-Map="Load_Balancer_chSide.map" -Wl,--gc-sections -static -u _printf_float -u _scanf_float --specs=nano.specs -mfloat-abi=soft -mthumb -Wl,--start-group -lc -lm -Wl,--end-group
Finished building target: Load_Balancer_chSide.elf
 
arm-none-eabi-size  Load_Balancer_chSide.elf 
arm-none-eabi-objdump -h -S Load_Balancer_chSide.elf  > "Load_Balancer_chSide.list"
arm-none-eabi-objcopy  -O binary Load_Balancer_chSide.elf  "Load_Balancer_chSide.bin"
   text	   data	    bss	    dec	    hex	filename
  57640	    516	   3792	  61948	   f1fc	Load_Balancer_chSide.elf
Finished building: default.size.stdout
 
Finished building: Load_Balancer_chSide.bin
 
Finished building: Load_Balancer_chSide.list
 
21:07:52 **** Incremental Build of configuration Debug for project Load_Balancer_chSide ****
make -j12 all 
arm-none-eabi-gcc "../Core/Src/main.c" -mcpu=cortex-m4 -std=gnu11 -g3 -DDEBUG -DCORE_CM4 -DUSE_HAL_DRIVER -DSTM32WLE5xx -c -I../Core/Inc -I../SubGHz_Phy/App -I../SubGHz_Phy/Target -I../Utilities/trace/adv_trace -I../Drivers/STM32WLxx_HAL_Driver/Inc -I../Drivers/STM32WLxx_HAL_Driver/Inc/Legacy -I../Utilities/misc -I../Utilities/timer -I../Utilities/lpm/tiny_lpm -I../Drivers/CMSIS/Device/ST/STM32WLxx/Include -I../Middlewares/Third_Party/SubGHz_Phy -I../Middlewares/Third_Party/SubGHz_Phy/stm32_radio_driver -I../Drivers/CMSIS/Include -I../Utilities/sequencer -Os -ffunction-sections -fdata-sections -Wall -fstack-usage -fcyclomatic-complexity -MMD -MP -MF"Core/Src/main.d" -MT"Core/Src/main.o" --specs=nano.specs -mfloat-abi=soft -mthumb -o "Core/Src/main.o"
../Core/Src/main.c: In function 'main':
../Core/Src/main.c:140:32: warning: passing argument 2 of 'Flash_Read_data' from incompatible pointer type [-Wincompatible-pointer-types]
  140 |   Flash_Read_data(CONFIG_ADDR, LBtype, 2);
      |                                ^~~~~~
      |                                |
      |                                uint64_t * {aka long long unsigned int *}
In file included from ../Core/Src/main.c:37:
../Core/Inc/Flashlib.h:18:62: note: expected 'uint8_t *' {aka 'unsigned char *'} but argument is of type 'uint64_t *' {aka 'long long unsigned int *'}
   18 | HAL_StatusTypeDef Flash_Read_data(uint32_t address, uint8_t *buffer, uint32_t length);
      |                                                     ~~~~~~~~~^~~~~~
arm-none-eabi-gcc -o "Load_Balancer_chSide.elf" @"objects.list"   -mcpu=cortex-m4 -T"D:\Projects\LoRa_SOM\RAK3172_Charger\Load_Balancer_chSide\STM32WLE5CCUX_FLASH.ld" --specs=nosys.specs -Wl,-Map="Load_Balancer_chSide.map" -Wl,--gc-sections -static -u _printf_float -u _scanf_float --specs=nano.specs -mfloat-abi=soft -mthumb -Wl,--start-group -lc -lm -Wl,--end-group
Finished building target: Load_Balancer_chSide.elf
 
arm-none-eabi-size  Load_Balancer_chSide.elf 
arm-none-eabi-objdump -h -S Load_Balancer_chSide.elf  > "Load_Balancer_chSide.list"
arm-none-eabi-objcopy  -O binary Load_Balancer_chSide.elf  "Load_Balancer_chSide.bin"
   text	   data	    bss	    dec	    hex	filename
  57616	    516	   3792	  61924	   f1e4	Load_Balancer_chSide.elf
Finished building: default.size.stdout
 
Finished building: Load_Balancer_chSide.bin
 
Finished building: Load_Balancer_chSide.list
 
04:36:24 **** Incremental Build of configuration Debug for project Load_Balancer_chSide ****
make -j12 all 
arm-none-eabi-size  Load_Balancer_chSide.elf 
   text	   data	    bss	    dec	    hex	filename
  57616	    516	   3792	  61924	   f1e4	Load_Balancer_chSide.elf
Finished building: default.size.stdout
 
04:44:45 **** Incremental Build of configuration Debug for project Load_Balancer_chSide ****
make -j12 all 
arm-none-eabi-gcc "../Core/Src/gpio.c" -mcpu=cortex-m4 -std=gnu11 -g3 -DDEBUG -DCORE_CM4 -DUSE_HAL_DRIVER -DSTM32WLE5xx -c -I../Core/Inc -I../SubGHz_Phy/App -I../SubGHz_Phy/Target -I../Utilities/trace/adv_trace -I../Drivers/STM32WLxx_HAL_Driver/Inc -I../Drivers/STM32WLxx_HAL_Driver/Inc/Legacy -I../Utilities/misc -I../Utilities/timer -I../Utilities/lpm/tiny_lpm -I../Drivers/CMSIS/Device/ST/STM32WLxx/Include -I../Middlewares/Third_Party/SubGHz_Phy -I../Middlewares/Third_Party/SubGHz_Phy/stm32_radio_driver -I../Drivers/CMSIS/Include -I../Utilities/sequencer -Os -ffunction-sections -fdata-sections -Wall -fstack-usage -fcyclomatic-complexity -MMD -MP -MF"Core/Src/gpio.d" -MT"Core/Src/gpio.o" --specs=nano.specs -mfloat-abi=soft -mthumb -o "Core/Src/gpio.o"
arm-none-eabi-gcc "../Core/Src/main.c" -mcpu=cortex-m4 -std=gnu11 -g3 -DDEBUG -DCORE_CM4 -DUSE_HAL_DRIVER -DSTM32WLE5xx -c -I../Core/Inc -I../SubGHz_Phy/App -I../SubGHz_Phy/Target -I../Utilities/trace/adv_trace -I../Drivers/STM32WLxx_HAL_Driver/Inc -I../Drivers/STM32WLxx_HAL_Driver/Inc/Legacy -I../Utilities/misc -I../Utilities/timer -I../Utilities/lpm/tiny_lpm -I../Drivers/CMSIS/Device/ST/STM32WLxx/Include -I../Middlewares/Third_Party/SubGHz_Phy -I../Middlewares/Third_Party/SubGHz_Phy/stm32_radio_driver -I../Drivers/CMSIS/Include -I../Utilities/sequencer -Os -ffunction-sections -fdata-sections -Wall -fstack-usage -fcyclomatic-complexity -MMD -MP -MF"Core/Src/main.d" -MT"Core/Src/main.o" --specs=nano.specs -mfloat-abi=soft -mthumb -o "Core/Src/main.o"
arm-none-eabi-gcc "../Core/Src/stm32wlxx_nucleo_radio.c" -mcpu=cortex-m4 -std=gnu11 -g3 -DDEBUG -DCORE_CM4 -DUSE_HAL_DRIVER -DSTM32WLE5xx -c -I../Core/Inc -I../SubGHz_Phy/App -I../SubGHz_Phy/Target -I../Utilities/trace/adv_trace -I../Drivers/STM32WLxx_HAL_Driver/Inc -I../Drivers/STM32WLxx_HAL_Driver/Inc/Legacy -I../Utilities/misc -I../Utilities/timer -I../Utilities/lpm/tiny_lpm -I../Drivers/CMSIS/Device/ST/STM32WLxx/Include -I../Middlewares/Third_Party/SubGHz_Phy -I../Middlewares/Third_Party/SubGHz_Phy/stm32_radio_driver -I../Drivers/CMSIS/Include -I../Utilities/sequencer -Os -ffunction-sections -fdata-sections -Wall -fstack-usage -fcyclomatic-complexity -MMD -MP -MF"Core/Src/stm32wlxx_nucleo_radio.d" -MT"Core/Src/stm32wlxx_nucleo_radio.o" --specs=nano.specs -mfloat-abi=soft -mthumb -o "Core/Src/stm32wlxx_nucleo_radio.o"
arm-none-eabi-gcc "../Core/Src/usart_if.c" -mcpu=cortex-m4 -std=gnu11 -g3 -DDEBUG -DCORE_CM4 -DUSE_HAL_DRIVER -DSTM32WLE5xx -c -I../Core/Inc -I../SubGHz_Phy/App -I../SubGHz_Phy/Target -I../Utilities/trace/adv_trace -I../Drivers/STM32WLxx_HAL_Driver/Inc -I../Drivers/STM32WLxx_HAL_Driver/Inc/Legacy -I../Utilities/misc -I../Utilities/timer -I../Utilities/lpm/tiny_lpm -I../Drivers/CMSIS/Device/ST/STM32WLxx/Include -I../Middlewares/Third_Party/SubGHz_Phy -I../Middlewares/Third_Party/SubGHz_Phy/stm32_radio_driver -I../Drivers/CMSIS/Include -I../Utilities/sequencer -Os -ffunction-sections -fdata-sections -Wall -fstack-usage -fcyclomatic-complexity -MMD -MP -MF"Core/Src/usart_if.d" -MT"Core/Src/usart_if.o" --specs=nano.specs -mfloat-abi=soft -mthumb -o "Core/Src/usart_if.o"
../Core/Src/main.c: In function 'main':
../Core/Src/main.c:140:32: warning: passing argument 2 of 'Flash_Read_data' from incompatible pointer type [-Wincompatible-pointer-types]
  140 |   Flash_Read_data(CONFIG_ADDR, LBtype, 2);
      |                                ^~~~~~
      |                                |
      |                                uint64_t * {aka long long unsigned int *}
In file included from ../Core/Src/main.c:37:
../Core/Inc/Flashlib.h:18:62: note: expected 'uint8_t *' {aka 'unsigned char *'} but argument is of type 'uint64_t *' {aka 'long long unsigned int *'}
   18 | HAL_StatusTypeDef Flash_Read_data(uint32_t address, uint8_t *buffer, uint32_t length);
      |                                                     ~~~~~~~~~^~~~~~
arm-none-eabi-gcc -o "Load_Balancer_chSide.elf" @"objects.list"   -mcpu=cortex-m4 -T"D:\Projects\LoRa_SOM\RAK3172_Charger\Load_Balancer_chSide\STM32WLE5CCUX_FLASH.ld" --specs=nosys.specs -Wl,-Map="Load_Balancer_chSide.map" -Wl,--gc-sections -static -u _printf_float -u _scanf_float --specs=nano.specs -mfloat-abi=soft -mthumb -Wl,--start-group -lc -lm -Wl,--end-group
Finished building target: Load_Balancer_chSide.elf
 
arm-none-eabi-size  Load_Balancer_chSide.elf 
arm-none-eabi-objdump -h -S Load_Balancer_chSide.elf  > "Load_Balancer_chSide.list"
arm-none-eabi-objcopy  -O binary Load_Balancer_chSide.elf  "Load_Balancer_chSide.bin"
   text	   data	    bss	    dec	    hex	filename
  57448	    516	   3792	  61756	   f13c	Load_Balancer_chSide.elf
Finished building: default.size.stdout
 
Finished building: Load_Balancer_chSide.bin
 
Finished building: Load_Balancer_chSide.list
 
04:45:16 **** Incremental Build of configuration Debug for project Load_Balancer_chSide ****
make -j12 all 
arm-none-eabi-size  Load_Balancer_chSide.elf 
   text	   data	    bss	    dec	    hex	filename
  57448	    516	   3792	  61756	   f13c	Load_Balancer_chSide.elf
Finished building: default.size.stdout
 
04:47:51 **** Incremental Build of configuration Debug for project Load_Balancer_chSide ****
make -j12 all 
arm-none-eabi-gcc "../Core/Src/gpio.c" -mcpu=cortex-m4 -std=gnu11 -g3 -DDEBUG -DCORE_CM4 -DUSE_HAL_DRIVER -DSTM32WLE5xx -c -I../Core/Inc -I../SubGHz_Phy/App -I../SubGHz_Phy/Target -I../Utilities/trace/adv_trace -I../Drivers/STM32WLxx_HAL_Driver/Inc -I../Drivers/STM32WLxx_HAL_Driver/Inc/Legacy -I../Utilities/misc -I../Utilities/timer -I../Utilities/lpm/tiny_lpm -I../Drivers/CMSIS/Device/ST/STM32WLxx/Include -I../Middlewares/Third_Party/SubGHz_Phy -I../Middlewares/Third_Party/SubGHz_Phy/stm32_radio_driver -I../Drivers/CMSIS/Include -I../Utilities/sequencer -Os -ffunction-sections -fdata-sections -Wall -fstack-usage -fcyclomatic-complexity -MMD -MP -MF"Core/Src/gpio.d" -MT"Core/Src/gpio.o" --specs=nano.specs -mfloat-abi=soft -mthumb -o "Core/Src/gpio.o"
arm-none-eabi-gcc "../Core/Src/main.c" -mcpu=cortex-m4 -std=gnu11 -g3 -DDEBUG -DCORE_CM4 -DUSE_HAL_DRIVER -DSTM32WLE5xx -c -I../Core/Inc -I../SubGHz_Phy/App -I../SubGHz_Phy/Target -I../Utilities/trace/adv_trace -I../Drivers/STM32WLxx_HAL_Driver/Inc -I../Drivers/STM32WLxx_HAL_Driver/Inc/Legacy -I../Utilities/misc -I../Utilities/timer -I../Utilities/lpm/tiny_lpm -I../Drivers/CMSIS/Device/ST/STM32WLxx/Include -I../Middlewares/Third_Party/SubGHz_Phy -I../Middlewares/Third_Party/SubGHz_Phy/stm32_radio_driver -I../Drivers/CMSIS/Include -I../Utilities/sequencer -Os -ffunction-sections -fdata-sections -Wall -fstack-usage -fcyclomatic-complexity -MMD -MP -MF"Core/Src/main.d" -MT"Core/Src/main.o" --specs=nano.specs -mfloat-abi=soft -mthumb -o "Core/Src/main.o"
arm-none-eabi-gcc "../Core/Src/stm32wlxx_nucleo_radio.c" -mcpu=cortex-m4 -std=gnu11 -g3 -DDEBUG -DCORE_CM4 -DUSE_HAL_DRIVER -DSTM32WLE5xx -c -I../Core/Inc -I../SubGHz_Phy/App -I../SubGHz_Phy/Target -I../Utilities/trace/adv_trace -I../Drivers/STM32WLxx_HAL_Driver/Inc -I../Drivers/STM32WLxx_HAL_Driver/Inc/Legacy -I../Utilities/misc -I../Utilities/timer -I../Utilities/lpm/tiny_lpm -I../Drivers/CMSIS/Device/ST/STM32WLxx/Include -I../Middlewares/Third_Party/SubGHz_Phy -I../Middlewares/Third_Party/SubGHz_Phy/stm32_radio_driver -I../Drivers/CMSIS/Include -I../Utilities/sequencer -Os -ffunction-sections -fdata-sections -Wall -fstack-usage -fcyclomatic-complexity -MMD -MP -MF"Core/Src/stm32wlxx_nucleo_radio.d" -MT"Core/Src/stm32wlxx_nucleo_radio.o" --specs=nano.specs -mfloat-abi=soft -mthumb -o "Core/Src/stm32wlxx_nucleo_radio.o"
../Core/Src/main.c: In function 'main':
../Core/Src/main.c:140:32: warning: passing argument 2 of 'Flash_Read_data' from incompatible pointer type [-Wincompatible-pointer-types]
  140 |   Flash_Read_data(CONFIG_ADDR, LBtype, 2);
      |                                ^~~~~~
      |                                |
      |                                uint64_t * {aka long long unsigned int *}
In file included from ../Core/Src/main.c:37:
../Core/Inc/Flashlib.h:18:62: note: expected 'uint8_t *' {aka 'unsigned char *'} but argument is of type 'uint64_t *' {aka 'long long unsigned int *'}
   18 | HAL_StatusTypeDef Flash_Read_data(uint32_t address, uint8_t *buffer, uint32_t length);
      |                                                     ~~~~~~~~~^~~~~~
arm-none-eabi-gcc -o "Load_Balancer_chSide.elf" @"objects.list"   -mcpu=cortex-m4 -T"D:\Projects\LoRa_SOM\RAK3172_Charger\Load_Balancer_chSide\STM32WLE5CCUX_FLASH.ld" --specs=nosys.specs -Wl,-Map="Load_Balancer_chSide.map" -Wl,--gc-sections -static -u _printf_float -u _scanf_float --specs=nano.specs -mfloat-abi=soft -mthumb -Wl,--start-group -lc -lm -Wl,--end-group
Finished building target: Load_Balancer_chSide.elf
 
arm-none-eabi-size  Load_Balancer_chSide.elf 
arm-none-eabi-objdump -h -S Load_Balancer_chSide.elf  > "Load_Balancer_chSide.list"
arm-none-eabi-objcopy  -O binary Load_Balancer_chSide.elf  "Load_Balancer_chSide.bin"
   text	   data	    bss	    dec	    hex	filename
  57448	    516	   3792	  61756	   f13c	Load_Balancer_chSide.elf
Finished building: default.size.stdout
 
Finished building: Load_Balancer_chSide.bin
 
Finished building: Load_Balancer_chSide.list
 
11:58:39 **** Incremental Build of configuration Debug for project Load_Balancer_chSide ****
make -j12 all 
arm-none-eabi-size  Load_Balancer_chSide.elf 
   text	   data	    bss	    dec	    hex	filename
  57448	    516	   3792	  61756	   f13c	Load_Balancer_chSide.elf
Finished building: default.size.stdout
 
10:07:33 **** Incremental Build of configuration Debug for project Load_Balancer_chSide ****
make -j12 all 
arm-none-eabi-size  Load_Balancer_chSide.elf 
   text	   data	    bss	    dec	    hex	filename
  57448	    516	   3792	  61756	   f13c	Load_Balancer_chSide.elf
Finished building: default.size.stdout
 
10:12:24 **** Incremental Build of configuration Debug for project Load_Balancer_chSide ****
make -j12 all 
arm-none-eabi-size  Load_Balancer_chSide.elf 
   text	   data	    bss	    dec	    hex	filename
  57448	    516	   3792	  61756	   f13c	Load_Balancer_chSide.elf
Finished building: default.size.stdout
 
10:20:32 **** Incremental Build of configuration Debug for project Load_Balancer_chSide ****
make -j12 all 
arm-none-eabi-size  Load_Balancer_chSide.elf 
   text	   data	    bss	    dec	    hex	filename
  57448	    516	   3792	  61756	   f13c	Load_Balancer_chSide.elf
Finished building: default.size.stdout
 
10:28:47 **** Incremental Build of configuration Debug for project Load_Balancer_chSide ****
make -j12 all 
arm-none-eabi-gcc "../Core/Src/usart_if.c" -mcpu=cortex-m4 -std=gnu11 -g3 -DDEBUG -DCORE_CM4 -DUSE_HAL_DRIVER -DSTM32WLE5xx -c -I../Core/Inc -I../SubGHz_Phy/App -I../SubGHz_Phy/Target -I../Utilities/trace/adv_trace -I../Drivers/STM32WLxx_HAL_Driver/Inc -I../Drivers/STM32WLxx_HAL_Driver/Inc/Legacy -I../Utilities/misc -I../Utilities/timer -I../Utilities/lpm/tiny_lpm -I../Drivers/CMSIS/Device/ST/STM32WLxx/Include -I../Middlewares/Third_Party/SubGHz_Phy -I../Middlewares/Third_Party/SubGHz_Phy/stm32_radio_driver -I../Drivers/CMSIS/Include -I../Utilities/sequencer -Os -ffunction-sections -fdata-sections -Wall -fstack-usage -fcyclomatic-complexity -MMD -MP -MF"Core/Src/usart_if.d" -MT"Core/Src/usart_if.o" --specs=nano.specs -mfloat-abi=soft -mthumb -o "Core/Src/usart_if.o"
arm-none-eabi-gcc -o "Load_Balancer_chSide.elf" @"objects.list"   -mcpu=cortex-m4 -T"D:\Projects\LoRa_SOM\RAK3172_Charger\Load_Balancer_chSide\STM32WLE5CCUX_FLASH.ld" --specs=nosys.specs -Wl,-Map="Load_Balancer_chSide.map" -Wl,--gc-sections -static -u _printf_float -u _scanf_float --specs=nano.specs -mfloat-abi=soft -mthumb -Wl,--start-group -lc -lm -Wl,--end-group
Finished building target: Load_Balancer_chSide.elf
 
arm-none-eabi-size  Load_Balancer_chSide.elf 
arm-none-eabi-objdump -h -S Load_Balancer_chSide.elf  > "Load_Balancer_chSide.list"
arm-none-eabi-objcopy  -O binary Load_Balancer_chSide.elf  "Load_Balancer_chSide.bin"
   text	   data	    bss	    dec	    hex	filename
  57616	    516	   3792	  61924	   f1e4	Load_Balancer_chSide.elf
Finished building: default.size.stdout
 
Finished building: Load_Balancer_chSide.bin
 
Finished building: Load_Balancer_chSide.list
 
10:29:02 **** Incremental Build of configuration Debug for project Load_Balancer_chSide ****
make -j12 all 
arm-none-eabi-size  Load_Balancer_chSide.elf 
   text	   data	    bss	    dec	    hex	filename
  57616	    516	   3792	  61924	   f1e4	Load_Balancer_chSide.elf
Finished building: default.size.stdout
 
15:04:01 **** Incremental Build of configuration Debug for project Load_Balancer_chSide ****
make -j12 all 
arm-none-eabi-size  Load_Balancer_chSide.elf 
   text	   data	    bss	    dec	    hex	filename
  57616	    516	   3792	  61924	   f1e4	Load_Balancer_chSide.elf
Finished building: default.size.stdout
 
15:04:35 **** Incremental Build of configuration Debug for project Load_Balancer_chSide ****
make -j12 all 
arm-none-eabi-size  Load_Balancer_chSide.elf 
   text	   data	    bss	    dec	    hex	filename
  57616	    516	   3792	  61924	   f1e4	Load_Balancer_chSide.elf
Finished building: default.size.stdout
 
11:53:50 **** Build of configuration Debug for project Load_Balancer_chSide ****
make -j12 all 
arm-none-eabi-size  Load_Balancer_chSide.elf 
   text	   data	    bss	    dec	    hex	filename
  57616	    516	   3792	  61924	   f1e4	Load_Balancer_chSide.elf
Finished building: default.size.stdout
 
12:01:01 **** Incremental Build of configuration Debug for project Load_Balancer_chSide ****
make -j12 all 
arm-none-eabi-size  Load_Balancer_chSide.elf 
   text	   data	    bss	    dec	    hex	filename
  57616	    516	   3792	  61924	   f1e4	Load_Balancer_chSide.elf
Finished building: default.size.stdout
 
12:01:19 **** Incremental Build of configuration Debug for project Load_Balancer_chSide ****
make -j12 all 
arm-none-eabi-size  Load_Balancer_chSide.elf 
   text	   data	    bss	    dec	    hex	filename
  57616	    516	   3792	  61924	   f1e4	Load_Balancer_chSide.elf
Finished building: default.size.stdout
 
